2016-11-03 15:31:16.087 28497 INFO neutron.wsgi [req-5567cead-dfc3-4f3d-b2b9-2e922bd25845 fc0becc74871437581d1b3bb74cc6404 3262c9a75a494be288b4d77608334e0d - - -] 10.10.10.80 - - [03/Nov/2016 15:31:16] "GET /v2.0/networks/f3dfe7a0-bff6-4562-964f-5f3539b63961/dhcp-agents.json HTTP/1.1" 200 787 1.164907
2016-11-03 15:31:16.616 28496 INFO neutron.wsgi [req-fdc88d99-8eb5-4e12-9e0e-b0469853c415 fc0becc74871437581d1b3bb74cc6404 3262c9a75a494be288b4d77608334e0d - - -] 10.10.10.80 - - [03/Nov/2016 15:31:16] "GET /v2.0/networks/f3dfe7a0-bff6-4562-964f-5f3539b63961.json HTTP/1.1" 200 869 0.456912
2016-11-03 15:31:16.835 28497 INFO neutron.wsgi [req-131c7b23-b0c1-4786-9f23-833c8b7e3189 fc0becc74871437581d1b3bb74cc6404 3262c9a75a494be288b4d77608334e0d - - -] 10.10.10.80 - - [03/Nov/2016 15:31:16] "GET /v2.0/subnets/786c63a0-18fe-4753-aab0-995df0d24a06.json HTTP/1.1" 200 783 0.222043
2016-11-03 15:31:18.292 28497 INFO neutron.wsgi [req-79db197a-beec-447a-811a-ff3e0a34c47f fc0becc74871437581d1b3bb74cc6404 3262c9a75a494be288b4d77608334e0d - - -] 10.10.10.80 - - [03/Nov/2016 15:31:18] "GET /v2.0/networks/f3dfe7a0-bff6-4562-964f-5f3539b63961.json HTTP/1.1" 200 869 0.289080
2016-11-03 15:31:18.550 28496 INFO neutron.wsgi [req-37a654d7-877f-4e7f-9198-8706d431623f fc0becc74871437581d1b3bb74cc6404 3262c9a75a494be288b4d77608334e0d - - -] 10.10.10.80 - - [03/Nov/2016 15:31:18] "GET /v2.0/subnets/786c63a0-18fe-4753-aab0-995df0d24a06.json HTTP/1.1" 200 783 0.237696
```

	Ngoài ra sau khi tạo subnet xong, cũng xuất hiện log ở một số file, **/var/log/neutron/openvswitch-agent.log** trên Controller node:
```sh
2016-11-03 15:31:19.842 27907 INFO neutron.agent.securitygroups_rpc [req-a76d0ec9-a8f3-45a9-b557-c68837a328c5 - - - - -] Provider rule updated
2016-11-03 15:31:22.398 27907 INFO neutron.agent.securitygroups_rpc [req-9830cd37-247b-494e-a384-b499a2f8b329 - - - - -] Refresh firewall rules
2016-11-03 15:31:31.024 27907 INFO neutron.plugins.ml2.drivers.openvswitch.agent.ovs_neutron_agent [req-9830cd37-247b-494e-a384-b499a2f8b329 - - - - -] Configuration for devices up [] and devices down [] completed.
2016-11-03 15:31:31.027 27907 INFO neutron.plugins.ml2.drivers.openvswitch.agent.ovs_neutron_agent [req-9830cd37-247b-494e-a384-b499a2f8b329 - - - - -] Cleaning stale br-int flows
2016-11-03 15:31:31.697 27907 INFO neutron.plugins.ml2.drivers.openvswitch.agent.ovs_neutron_agent [req-9830cd37-247b-494e-a384-b499a2f8b329 - - - - -] Cleaning stale br-ex flows
2016-11-03 15:31:31.874 27907 INFO neutron.plugins.ml2.drivers.openvswitch.agent.ovs_neutron_agent [req-9830cd37-247b-494e-a384-b499a2f8b329 - - - - -] Cleaning stale br-tun flows
2016-11-03 15:31:33.832 27907 INFO neutron.plugins.ml2.drivers.openvswitch.agent.ovs_neutron_agent [req-9830cd37-247b-494e-a384-b499a2f8b329 - - - - -] Port 7f2b8d45-a788-4f32-a5f0-b7a0bc4c663b updated. Details: {u'profile': {}, u'network_qos_policy_id': None, u'qos_policy_id': None, u'allowed_address_pairs': [], u'admin_state_up': True, u'network_id': u'f3dfe7a0-bff6-4562-964f-5f3539b63961', u'segmentation_id': 301, u'device_owner': u'network:dhcp', u'physical_network': None, u'mac_address': u'fa:16:3e:97:cf:10', u'device': u'7f2b8d45-a788-4f32-a5f0-b7a0bc4c663b', u'port_security_enabled': False, u'port_id': u'7f2b8d45-a788-4f32-a5f0-b7a0bc4c663b', u'fixed_ips': [{u'subnet_id': u'786c63a0-18fe-4753-aab0-995df0d24a06', u'ip_address': u'172.16.69.200'}], u'network_type': u'gre', u'security_groups': []}
2016-11-03 15:31:33.835 27907 INFO neutron.plugins.ml2.drivers.openvswitch.agent.ovs_neutron_agent [req-9830cd37-247b-494e-a384-b499a2f8b329 - - - - -] Assigning 1 as local vlan for net-id=f3dfe7a0-bff6-4562-964f-5f3539b63961
2016-11-03 15:31:35.064 27907 INFO neutron.plugins.ml2.drivers.openvswitch.agent.ovs_neutron_agent [req-9830cd37-247b-494e-a384-b499a2f8b329 - - - - -] Skipping ARP spoofing rules for port 'tap7f2b8d45-a7' because it has port security disabled
2016-11-03 15:31:36.867 27907 INFO neutron.plugins.ml2.drivers.openvswitch.agent.ovs_neutron_agent [req-9830cd37-247b-494e-a384-b499a2f8b329 - - - - -] Configuration for devices up [u'7f2b8d45-a788-4f32-a5f0-b7a0bc4c663b'] and devices down [] completed.
```

	Và  **/var/log/neutron/openvswitch-agent.log** trên Compute node:
```sh
2016-10-27 15:38:48.956 65813 INFO neutron.agent.securitygroups_rpc [req-a76d0ec9-a8f3-45a9-b557-c68837a328c5 - - - - -] Provider rule updated
2016-10-27 15:38:51.864 65813 INFO neutron.agent.securitygroups_rpc [req-c5be491a-0477-4a42-8394-000e80000334 - - - - -] Refresh firewall rules
2016-10-27 15:39:01.692 65813 INFO neutron.plugins.ml2.drivers.openvswitch.agent.ovs_neutron_agent [req-c5be491a-0477-4a42-8394-000e80000334 - - - - -] Configuration for devices up [] and devices down [] completed.
2016-10-27 15:39:01.694 65813 INFO neutron.plugins.ml2.drivers.openvswitch.agent.ovs_neutron_agent [req-c5be491a-0477-4a42-8394-000e80000334 - - - - -] Cleaning stale br-int flows
2016-10-27 15:39:01.970 65813 INFO neutron.plugins.ml2.drivers.openvswitch.agent.ovs_neutron_agent [req-c5be491a-0477-4a42-8394-000e80000334 - - - - -] Cleaning stale br-tun flows
```

	- Create networks trong tab *Project -> Netowrk -> Networks*:
```sh
2016-11-03 15:42:01.179 28497 INFO neutron.wsgi [req-5b017814-444d-4921-b88c-132f3c945eef fc0becc74871437581d1b3bb74cc6404 3262c9a75a494be288b4d77608334e0d - - -] 10.10.10.80 - - [03/Nov/2016 15:42:01] "GET /v2.0/networks.json?shared=False&tenant_id=3262c9a75a494be288b4d77608334e0d HTTP/1.1" 200 229 3.820678
2016-11-03 15:42:01.697 28496 INFO neutron.wsgi [req-ae5318b1-4424-4708-a557-de959bbf2110 fc0becc74871437581d1b3bb74cc6404 3262c9a75a494be288b4d77608334e0d - - -] 10.10.10.80 - - [03/Nov/2016 15:42:01] "GET /v2.0/subnets.json HTTP/1.1" 200 786 0.452804
2016-11-03 15:42:01.934 28497 INFO neutron.wsgi [req-9d8b924a-eb28-4315-8731-3e29911be8e7 fc0becc74871437581d1b3bb74cc6404 3262c9a75a494be288b4d77608334e0d - - -] 10.10.10.80 - - [03/Nov/2016 15:42:01] "GET /v2.0/networks.json?shared=True HTTP/1.1" 200 872 0.222951
2016-11-03 15:42:02.116 28496 INFO neutron.wsgi [req-51aae16d-f928-4d5f-b912-3af9767767bd fc0becc74871437581d1b3bb74cc6404 3262c9a75a494be288b4d77608334e0d - - -] 10.10.10.80 - - [03/Nov/2016 15:42:02] "GET /v2.0/subnets.json HTTP/1.1" 200 786 0.167662
2016-11-03 15:42:02.505 28496 INFO neutron.wsgi [req-c647a7a4-5056-45b7-8ba3-86caacc25951 fc0becc74871437581d1b3bb74cc6404 3262c9a75a494be288b4d77608334e0d - - -] 10.10.10.80 - - [03/Nov/2016 15:42:02] "GET /v2.0/networks.json?router%3Aexternal=True HTTP/1.1" 200 872 0.374033
2016-11-03 15:42:02.727 28497 INFO neutron.wsgi [req-041692ca-b3f6-43e0-8987-8dc6488fe3eb fc0becc74871437581d1b3bb74cc6404 3262c9a75a494be288b4d77608334e0d - - -] 10.10.10.80 - - [03/Nov/2016 15:42:02] "GET /v2.0/subnets.json HTTP/1.1" 200 786 0.191295
2016-11-03 15:42:04.112 28496 INFO neutron.wsgi [req-89a964ad-3c53-4a1a-91a1-865c12218366 fc0becc74871437581d1b3bb74cc6404 3262c9a75a494be288b4d77608334e0d - - -] 10.10.10.80 - - [03/Nov/2016 15:42:04] "GET /v2.0/extensions.json HTTP/1.1" 200 6007 0.015512
2016-11-03 15:42:06.600 28497 INFO neutron.wsgi [req-7e53ad67-7f81-41c0-b967-f68fab6a3e73 fc0becc74871437581d1b3bb74cc6404 3262c9a75a494be288b4d77608334e0d - - -] 10.10.10.80 - - [03/Nov/2016 15:42:06] "GET /v2.0/quotas/3262c9a75a494be288b4d77608334e0d.json HTTP/1.1" 200 385 0.047154
2016-11-03 15:42:09.015 28497 INFO neutron.wsgi [req-b00023fe-3adb-4f3a-a91e-a075ca7a7b50 fc0becc74871437581d1b3bb74cc6404 3262c9a75a494be288b4d77608334e0d - - -] 10.10.10.80 - - [03/Nov/2016 15:42:09] "GET /v2.0/floatingips.json?tenant_id=3262c9a75a494be288b4d77608334e0d HTTP/1.1" 200 232 0.065883
2016-11-03 15:42:09.229 28496 INFO neutron.wsgi [req-ded2120f-0eaa-45e9-8824-4c13d0057ea6 fc0becc74871437581d1b3bb74cc6404 3262c9a75a494be288b4d77608334e0d - - -] 10.10.10.80 - - [03/Nov/2016 15:42:09] "GET /v2.0/ports.json?tenant_id=3262c9a75a494be288b4d77608334e0d HTTP/1.1" 200 1099 0.202005
2016-11-03 15:42:09.500 28497 INFO neutron.wsgi [req-11588809-334a-4439-b025-d1477c54b40b fc0becc74871437581d1b3bb74cc6404 3262c9a75a494be288b4d77608334e0d - - -] 10.10.10.80 - - [03/Nov/2016 15:42:09] "GET /v2.0/security-groups.json?tenant_id=3262c9a75a494be288b4d77608334e0d HTTP/1.1" 200 2187 0.256495
2016-11-03 15:42:09.772 28496 INFO neutron.wsgi [req-1e03165d-e91b-46b5-ac70-539007841c11 fc0becc74871437581d1b3bb74cc6404 3262c9a75a494be288b4d77608334e0d - - -] 10.10.10.80 - - [03/Nov/2016 15:42:09] "GET /v2.0/networks.json?shared=False HTTP/1.1" 200 229 0.254364
2016-11-03 15:42:09.986 28497 INFO neutron.wsgi [req-ab081a08-06b6-4cb4-8d3f-e939c6f5bd7e fc0becc74871437581d1b3bb74cc6404 3262c9a75a494be288b4d77608334e0d - - -] 10.10.10.80 - - [03/Nov/2016 15:42:09] "GET /v2.0/subnets.json HTTP/1.1" 200 786 0.193575
2016-11-03 15:42:10.261 28496 INFO neutron.wsgi [req-dd443bf3-5958-4e90-9738-0af0b5a6798b fc0becc74871437581d1b3bb74cc6404 3262c9a75a494be288b4d77608334e0d - - -] 10.10.10.80 - - [03/Nov/2016 15:42:10] "GET /v2.0/networks.json?shared=True HTTP/1.1" 200 872 0.251111
2016-11-03 15:42:10.556 28497 INFO neutron.wsgi [req-8d2fba4d-5eac-4db5-b703-545ecee29268 fc0becc74871437581d1b3bb74cc6404 3262c9a75a494be288b4d77608334e0d - - -] 10.10.10.80 - - [03/Nov/2016 15:42:10] "GET /v2.0/subnets.json HTTP/1.1" 200 786 0.282147
2016-11-03 15:42:10.770 28496 INFO neutron.wsgi [req-d3e25388-aa2a-4760-b4da-702fb92e998d fc0becc74871437581d1b3bb74cc6404 3262c9a75a494be288b4d77608334e0d - - -] 10.10.10.80 - - [03/Nov/2016 15:42:10] "GET /v2.0/subnets.json HTTP/1.1" 200 786 0.202723
2016-11-03 15:42:10.981 28497 INFO neutron.wsgi [req-ff6f124d-4463-493e-9c18-81da6c848fb6 fc0becc74871437581d1b3bb74cc6404 3262c9a75a494be288b4d77608334e0d - - -] 10.10.10.80 - - [03/Nov/2016 15:42:10] "GET /v2.0/routers.json HTTP/1.1" 200 228 0.203342
```

	- click *create network*
```sh
2016-11-03 15:43:25.348 28496 INFO neutron.wsgi [req-f474693b-39cd-4e02-89dc-81367527310f fc0becc74871437581d1b3bb74cc6404 3262c9a75a494be288b4d77608334e0d - - -] 10.10.10.80 - - [03/Nov/2016 15:43:25] "GET /v2.0/extensions.json HTTP/1.1" 200 6007 0.011177
2016-11-03 15:43:25.396 28497 INFO neutron.wsgi [req-27c3d9bc-878c-452b-b3b4-16a88135e685 fc0becc74871437581d1b3bb74cc6404 3262c9a75a494be288b4d77608334e0d - - -] 10.10.10.80 - - [03/Nov/2016 15:43:25] "GET /v2.0/subnetpools.json HTTP/1.1" 200 232 0.034798
```


	- điền form rồi next:
```sh
2016-11-03 15:44:25.904 28496 INFO neutron.wsgi [req-0272fd93-b6ba-4340-9ad9-6caf7631a801 fc0becc74871437581d1b3bb74cc6404 3262c9a75a494be288b4d77608334e0d - - -] 10.10.10.80 - - [03/Nov/2016 15:44:25] "GET /v2.0/extensions.json HTTP/1.1" 200 6007 0.011531
2016-11-03 15:44:25.976 28497 INFO neutron.wsgi [req-1145b784-367a-4f10-84ff-57129cf06aaf fc0becc74871437581d1b3bb74cc6404 3262c9a75a494be288b4d77608334e0d - - -] 10.10.10.80 - - [03/Nov/2016 15:44:25] "GET /v2.0/subnetpools.json HTTP/1.1" 200 232 0.052300
```

	- điền form rồi next tiếp:
```sh
2016-11-03 15:45:42.060 28496 INFO neutron.wsgi [req-36aa25fc-0827-4304-8fbe-9f410dbe4ee7 fc0becc74871437581d1b3bb74cc6404 3262c9a75a494be288b4d77608334e0d - - -] 10.10.10.80 - - [03/Nov/2016 15:45:42] "GET /v2.0/extensions.json HTTP/1.1" 200 6007 0.014902
2016-11-03 15:45:42.135 28496 INFO neutron.wsgi [req-1ce3f8f3-9b64-4ccb-bc32-e1221679fffc fc0becc74871437581d1b3bb74cc6404 3262c9a75a494be288b4d77608334e0d - - -] 10.10.10.80 - - [03/Nov/2016 15:45:42] "GET /v2.0/subnetpools.json HTTP/1.1" 200 232 0.045305
```

	- điền form rồi create:
```sh
2016-11-03 15:46:48.452 28496 INFO neutron.wsgi [req-6add4f5c-abe6-422a-81ef-faa284f0f42a fc0becc74871437581d1b3bb74cc6404 3262c9a75a494be288b4d77608334e0d - - -] 10.10.10.80 - - [03/Nov/2016 15:46:48] "GET /v2.0/extensions.json HTTP/1.1" 200 6007 0.032317
2016-11-03 15:46:48.544 28497 INFO neutron.wsgi [req-36a0a55c-0ae0-428e-8e06-231b1826459b fc0becc74871437581d1b3bb74cc6404 3262c9a75a494be288b4d77608334e0d - - -] 10.10.10.80 - - [03/Nov/2016 15:46:48] "GET /v2.0/subnetpools.json HTTP/1.1" 200 232 0.067998
2016-11-03 15:46:48.994 28496 INFO neutron.plugins.ml2.db [req-25fc9ab9-56d0-4844-b20d-29939263a9fb fc0becc74871437581d1b3bb74cc6404 3262c9a75a494be288b4d77608334e0d - - -] Added segment 1d2b2ac5-b23e-416b-8fd3-88aee255c6f5 of type gre for network 6c3491fb-8901-4608-9e17-f70986595e23
2016-11-03 15:46:49.224 28496 INFO neutron.wsgi [req-25fc9ab9-56d0-4844-b20d-29939263a9fb fc0becc74871437581d1b3bb74cc6404 3262c9a75a494be288b4d77608334e0d - - -] 10.10.10.80 - - [03/Nov/2016 15:46:49] "POST /v2.0/networks.json HTTP/1.1" 201 814 0.641752
2016-11-03 15:46:51.012 28497 INFO neutron.wsgi [req-d44b710d-6ae9-45bf-8c88-bfe3d2ce5afa fc0becc74871437581d1b3bb74cc6404 3262c9a75a494be288b4d77608334e0d - - -] 10.10.10.80 - - [03/Nov/2016 15:46:51] "POST /v2.0/subnets.json HTTP/1.1" 201 793 1.764464
2016-11-03 15:46:51.428 28496 INFO neutron.wsgi [req-9944e15d-dd3d-4b8b-9db1-b677b6f45751 fc0becc74871437581d1b3bb74cc6404 3262c9a75a494be288b4d77608334e0d - - -] 10.10.10.80 - - [03/Nov/2016 15:46:51] "GET /v2.0/networks.json?shared=False&tenant_id=3262c9a75a494be288b4d77608334e0d HTTP/1.1" 200 856 0.211996
2016-11-03 15:46:51.921 28496 INFO neutron.wsgi [req-01743f75-3b27-4d08-92b0-692bd061e0d7 fc0becc74871437581d1b3bb74cc6404 3262c9a75a494be288b4d77608334e0d - - -] 10.10.10.80 - - [03/Nov/2016 15:46:51] "GET /v2.0/subnets.json HTTP/1.1" 200 1351 0.468306
2016-11-03 15:46:52.132 28496 INFO neutron.wsgi [req-e11d15b7-1d41-44fd-8d42-f12df4d0bdb0 fc0becc74871437581d1b3bb74cc6404 3262c9a75a494be288b4d77608334e0d - - -] 10.10.10.80 - - [03/Nov/2016 15:46:52] "GET /v2.0/networks.json?shared=True HTTP/1.1" 200 872 0.192651
2016-11-03 15:46:52.323 28497 INFO neutron.wsgi [req-d006ef15-0176-4dbb-969a-dfee9e030555 fc0becc74871437581d1b3bb74cc6404 3262c9a75a494be288b4d77608334e0d - - -] 10.10.10.80 - - [03/Nov/2016 15:46:52] "GET /v2.0/subnets.json HTTP/1.1" 200 1351 0.190432
2016-11-03 15:46:52.493 28496 INFO neutron.wsgi [req-7989e9b8-2cd7-46c3-874a-053ab3676fdc fc0becc74871437581d1b3bb74cc6404 3262c9a75a494be288b4d77608334e0d - - -] 10.10.10.80 - - [03/Nov/2016 15:46:52] "GET /v2.0/networks.json?router%3Aexternal=True HTTP/1.1" 200 872 0.175876
2016-11-03 15:46:52.874 28497 INFO neutron.wsgi [req-85f4671d-b708-47ee-b824-0eee7a3fb5a0 fc0becc74871437581d1b3bb74cc6404 3262c9a75a494be288b4d77608334e0d - - -] 10.10.10.80 - - [03/Nov/2016 15:46:52] "GET /v2.0/subnets.json HTTP/1.1" 200 1351 0.363821
2016-11-03 15:46:54.050 28496 INFO neutron.wsgi [req-2bc5fd9d-a118-47aa-b5bc-c21a29a773c0 fc0becc74871437581d1b3bb74cc6404 3262c9a75a494be288b4d77608334e0d - - -] 10.10.10.80 - - [03/Nov/2016 15:46:54] "GET /v2.0/extensions.json HTTP/1.1" 200 6007 0.038453
2016-11-03 15:46:54.508 28497 INFO neutron.wsgi [req-2d51d1e8-7d14-4b7f-b8d4-12c1eb587e20 fc0becc74871437581d1b3bb74cc6404 3262c9a75a494be288b4d77608334e0d - - -] 10.10.10.80 - - [03/Nov/2016 15:46:54] "GET /v2.0/quotas/3262c9a75a494be288b4d77608334e0d.json HTTP/1.1" 200 385 0.040739
2016-11-03 15:46:55.285 28497 INFO neutron.wsgi [req-5ff8bebf-bf3d-4889-a4a0-5e61a77182b9 fc0becc74871437581d1b3bb74cc6404 3262c9a75a494be288b4d77608334e0d - - -] 10.10.10.80 - - [03/Nov/2016 15:46:55] "GET /v2.0/floatingips.json?tenant_id=3262c9a75a494be288b4d77608334e0d HTTP/1.1" 200 232 0.052847
2016-11-03 15:46:55.380 28496 INFO neutron.wsgi [req-b5a6cf0e-7ac3-4978-b514-196afb179f9f fc0becc74871437581d1b3bb74cc6404 3262c9a75a494be288b4d77608334e0d - - -] 10.10.10.80 - - [03/Nov/2016 15:46:55] "GET /v2.0/ports.json?tenant_id=3262c9a75a494be288b4d77608334e0d HTTP/1.1" 200 1972 0.095669
2016-11-03 15:46:55.475 28497 INFO neutron.wsgi [req-7916a23b-7c16-42d8-ba65-e23cffb86d2d fc0becc74871437581d1b3bb74cc6404 3262c9a75a494be288b4d77608334e0d - - -] 10.10.10.80 - - [03/Nov/2016 15:46:55] "GET /v2.0/security-groups.json?tenant_id=3262c9a75a494be288b4d77608334e0d HTTP/1.1" 200 2187 0.092865
2016-11-03 15:46:56.990 28496 INFO neutron.wsgi [req-e4c771b4-6821-4e1a-87b8-31710f87fb7e fc0becc74871437581d1b3bb74cc6404 3262c9a75a494be288b4d77608334e0d - - -] 10.10.10.80 - - [03/Nov/2016 15:46:56] "GET /v2.0/networks.json?shared=False HTTP/1.1" 200 856 1.521626
2016-11-03 15:46:57.373 28496 INFO neutron.wsgi [req-b6d8d4b6-fd38-4750-b54e-d698e51edef0 fc0becc74871437581d1b3bb74cc6404 3262c9a75a494be288b4d77608334e0d - - -] 10.10.10.80 - - [03/Nov/2016 15:46:57] "GET /v2.0/subnets.json HTTP/1.1" 200 1351 0.332918
2016-11-03 15:46:57.757 28497 INFO neutron.wsgi [req-0ae0256c-f5da-4545-8b16-1a02347a1031 fc0becc74871437581d1b3bb74cc6404 3262c9a75a494be288b4d77608334e0d - - -] 10.10.10.80 - - [03/Nov/2016 15:46:57] "GET /v2.0/networks.json?shared=True HTTP/1.1" 200 872 0.373456
2016-11-03 15:46:58.027 28496 INFO neutron.wsgi [req-c0ed3937-1c68-44d8-9200-eccd6241e380 fc0becc74871437581d1b3bb74cc6404 3262c9a75a494be288b4d77608334e0d - - -] 10.10.10.80 - - [03/Nov/2016 15:46:58] "GET /v2.0/subnets.json HTTP/1.1" 200 1351 0.270484
2016-11-03 15:46:58.181 28497 INFO neutron.wsgi [req-5185e17f-3804-4c75-88ad-6fd3b74a0ff6 fc0becc74871437581d1b3bb74cc6404 3262c9a75a494be288b4d77608334e0d - - -] 10.10.10.80 - - [03/Nov/2016 15:46:58] "GET /v2.0/subnets.json HTTP/1.1" 200 1351 0.152021
2016-11-03 15:46:58.330 28496 INFO neutron.wsgi [req-7e73b444-b2bc-4791-99b2-ae3061471bf4 fc0becc74871437581d1b3bb74cc6404 3262c9a75a494be288b4d77608334e0d - - -] 10.10.10.80 - - [03/Nov/2016 15:46:58] "GET /v2.0/routers.json HTTP/1.1" 200 228 0.159366
```

	**LOG khi tạo thêm 1 tenant network trong project**
```sh
2016-11-04 08:42:28.754 3268 INFO neutron.wsgi [req-a22dfb3d-0b3c-4d20-ba29-670d1f38e9eb 013aa135935b4cfd874a59a1921fc094 bd586f74227a48fab42852c8923c4d83 - - -] 10.10.10.80 - - [04/Nov/2016 08:42:28] "GET /v2.0/extensions.json HTTP/1.1" 200 6007 0.016915
2016-11-04 08:42:28.845 3275 INFO neutron.wsgi [req-fe105ffb-f0a4-4785-b0df-368a184b8e04 013aa135935b4cfd874a59a1921fc094 bd586f74227a48fab42852c8923c4d83 - - -] 10.10.10.80 - - [04/Nov/2016 08:42:28] "GET /v2.0/subnetpools.json HTTP/1.1" 200 232 0.053967
2016-11-04 08:42:50.053 3275 INFO neutron.wsgi [req-135f568d-ff14-4b33-a39f-e82d38521dab 013aa135935b4cfd874a59a1921fc094 bd586f74227a48fab42852c8923c4d83 - - -] 10.10.10.80 - - [04/Nov/2016 08:42:50] "GET /v2.0/extensions.json HTTP/1.1" 200 6007 0.875719
2016-11-04 08:42:50.101 3268 INFO neutron.wsgi [req-af61bf0c-24f2-41fa-a3b9-2432df475ac4 013aa135935b4cfd874a59a1921fc094 bd586f74227a48fab42852c8923c4d83 - - -] 10.10.10.80 - - [04/Nov/2016 08:42:50] "GET /v2.0/subnetpools.json HTTP/1.1" 200 232 0.040223
2016-11-04 08:42:55.270 3268 INFO neutron.wsgi [req-3a9a8f17-10a1-4772-adaa-f3c6b276bbee 013aa135935b4cfd874a59a1921fc094 bd586f74227a48fab42852c8923c4d83 - - -] 10.10.10.80 - - [04/Nov/2016 08:42:55] "GET /v2.0/extensions.json HTTP/1.1" 200 6007 0.020180
2016-11-04 08:42:55.341 3275 INFO neutron.wsgi [req-69a8b901-f030-45bf-9b70-57594ecee308 013aa135935b4cfd874a59a1921fc094 bd586f74227a48fab42852c8923c4d83 - - -] 10.10.10.80 - - [04/Nov/2016 08:42:55] "GET /v2.0/subnetpools.json HTTP/1.1" 200 232 0.061664
2016-11-04 08:42:55.365 3268 INFO neutron.quota [req-7e1f25d2-e63e-48dc-941d-fa053243a4ed 013aa135935b4cfd874a59a1921fc094 bd586f74227a48fab42852c8923c4d83 - - -] Loaded quota_driver: <neutron.db.quota.driver.DbQuotaDriver object at 0x7faa2e434110>.
2016-11-04 08:42:55.748 3268 INFO neutron.plugins.ml2.db [req-7e1f25d2-e63e-48dc-941d-fa053243a4ed 013aa135935b4cfd874a59a1921fc094 bd586f74227a48fab42852c8923c4d83 - - -] Added segment a8c72379-372e-4498-bc67-9dcbe6527efb of type gre for network b3a81f00-7b15-48da-b071-2589f840deff
2016-11-04 08:42:55.909 3268 INFO neutron.wsgi [req-7e1f25d2-e63e-48dc-941d-fa053243a4ed 013aa135935b4cfd874a59a1921fc094 bd586f74227a48fab42852c8923c4d83 - - -] 10.10.10.80 - - [04/Nov/2016 08:42:55] "POST /v2.0/networks.json HTTP/1.1" 201 818 0.551446
2016-11-04 08:42:55.953 3275 INFO neutron.quota [req-49bf4a92-c7d2-4e8d-b750-35d26ae4bfe9 013aa135935b4cfd874a59a1921fc094 bd586f74227a48fab42852c8923c4d83 - - -] Loaded quota_driver: <neutron.db.quota.driver.DbQuotaDriver object at 0x7faa2e0ca2d0>.
2016-11-04 08:42:56.636 3275 INFO neutron.wsgi [req-49bf4a92-c7d2-4e8d-b750-35d26ae4bfe9 013aa135935b4cfd874a59a1921fc094 bd586f74227a48fab42852c8923c4d83 - - -] 10.10.10.80 - - [04/Nov/2016 08:42:56] "POST /v2.0/subnets.json HTTP/1.1" 201 785 0.701067
2016-11-04 08:42:57.059 3268 INFO neutron.wsgi [req-61f16ea5-8fe9-4ff0-b1a7-7eb8c93bd491 013aa135935b4cfd874a59a1921fc094 bd586f74227a48fab42852c8923c4d83 - - -] 10.10.10.80 - - [04/Nov/2016 08:42:57] "GET /v2.0/networks.json?shared=False&tenant_id=bd586f74227a48fab42852c8923c4d83 HTTP/1.1" 200 1489 0.347624
2016-11-04 08:42:57.295 3275 INFO neutron.wsgi [req-80ff3a3f-fed8-46fc-a5c1-9111eec72f9f 013aa135935b4cfd874a59a1921fc094 bd586f74227a48fab42852c8923c4d83 - - -] 10.10.10.80 - - [04/Nov/2016 08:42:57] "GET /v2.0/subnets.json HTTP/1.1" 200 1903 0.228418
2016-11-04 08:42:57.464 3268 INFO neutron.wsgi [req-48b46812-9c13-47b1-b031-db0e713c260e 013aa135935b4cfd874a59a1921fc094 bd586f74227a48fab42852c8923c4d83 - - -] 10.10.10.80 - - [04/Nov/2016 08:42:57] "GET /v2.0/networks.json?shared=True HTTP/1.1" 200 880 0.157075
2016-11-04 08:42:57.629 3275 INFO neutron.wsgi [req-f8d1f846-f9d2-4f2e-8227-d23df306f950 013aa135935b4cfd874a59a1921fc094 bd586f74227a48fab42852c8923c4d83 - - -] 10.10.10.80 - - [04/Nov/2016 08:42:57] "GET /v2.0/subnets.json HTTP/1.1" 200 1903 0.146145
2016-11-04 08:42:57.851 3268 INFO neutron.wsgi [req-25df5ea4-cfbc-40b4-8d36-78e933a95768 013aa135935b4cfd874a59a1921fc094 bd586f74227a48fab42852c8923c4d83 - - -] 10.10.10.80 - - [04/Nov/2016 08:42:57] "GET /v2.0/networks.json?router%3Aexternal=True HTTP/1.1" 200 880 0.217298
2016-11-04 08:42:58.049 3275 INFO neutron.wsgi [req-321b0b12-fcbc-48a6-8e74-ebcf30e04e5c 013aa135935b4cfd874a59a1921fc094 bd586f74227a48fab42852c8923c4d83 - - -] 10.10.10.80 - - [04/Nov/2016 08:42:58] "GET /v2.0/subnets.json HTTP/1.1" 200 1903 0.192989
2016-11-04 08:42:58.361 3268 INFO neutron.wsgi [req-0d6c5e6b-bc3f-4598-8aaf-2d94b3f87231 013aa135935b4cfd874a59a1921fc094 bd586f74227a48fab42852c8923c4d83 - - -] 10.10.10.80 - - [04/Nov/2016 08:42:58] "GET /v2.0/extensions.json HTTP/1.1" 200 6007 0.018675
2016-11-04 08:42:58.716 3275 INFO neutron.wsgi [req-c3f7f328-3f5f-4555-84a8-0816d04e467a 013aa135935b4cfd874a59a1921fc094 bd586f74227a48fab42852c8923c4d83 - - -] 10.10.10.80 - - [04/Nov/2016 08:42:58] "GET /v2.0/quotas/bd586f74227a48fab42852c8923c4d83.json HTTP/1.1" 200 385 0.031347
2016-11-04 08:42:59.180 3275 INFO neutron.wsgi [req-71b522eb-3572-46ed-9a74-fed72d5f8501 013aa135935b4cfd874a59a1921fc094 bd586f74227a48fab42852c8923c4d83 - - -] 10.10.10.80 - - [04/Nov/2016 08:42:59] "GET /v2.0/ports.json?device_id=4beeb754-07b9-40fb-92f0-4cdc761399fe&device_id=35a6b2b6-e87c-40a3-87d0-94e1d669340b&device_id=b445a2c9-b152-43e8-82d2-c3d4982989c6 HTTP/1.1" 200 1959 0.146607
2016-11-04 08:42:59.394 3275 INFO neutron.wsgi [req-90f55208-b36c-4a49-8319-28edfe49acc4 013aa135935b4cfd874a59a1921fc094 bd586f74227a48fab42852c8923c4d83 - - -] 10.10.10.80 - - [04/Nov/2016 08:42:59] "GET /v2.0/security-groups.json?id=4c770efd-2459-48c9-aaf9-b429d375a996 HTTP/1.1" 200 2187 0.204368
2016-11-04 08:42:59.878 3268 INFO neutron.wsgi [req-c67c5c46-126a-4143-87bd-f9ad71e3453c 013aa135935b4cfd874a59a1921fc094 bd586f74227a48fab42852c8923c4d83 - - -] 10.10.10.80 - - [04/Nov/2016 08:42:59] "GET /v2.0/floatingips.json?tenant_id=bd586f74227a48fab42852c8923c4d83 HTTP/1.1" 200 644 0.182213
2016-11-04 08:43:00.111 3275 INFO neutron.wsgi [req-78d36014-e73d-4432-a84c-75f7c5f77d3a 013aa135935b4cfd874a59a1921fc094 bd586f74227a48fab42852c8923c4d83 - - -] 10.10.10.80 - - [04/Nov/2016 08:43:00] "GET /v2.0/ports.json?tenant_id=bd586f74227a48fab42852c8923c4d83 HTTP/1.1" 200 5420 0.221575
2016-11-04 08:43:00.295 3268 INFO neutron.wsgi [req-af4fed26-0f9e-4d1b-8272-37c2a32e7272 013aa135935b4cfd874a59a1921fc094 bd586f74227a48fab42852c8923c4d83 - - -] 10.10.10.80 - - [04/Nov/2016 08:43:00] "GET /v2.0/security-groups.json?tenant_id=bd586f74227a48fab42852c8923c4d83 HTTP/1.1" 200 2187 0.181993
2016-11-04 08:43:00.422 3275 INFO neutron.wsgi [req-3b1fd941-1140-42cd-be20-f5a90ad556ea 013aa135935b4cfd874a59a1921fc094 bd586f74227a48fab42852c8923c4d83 - - -] 10.10.10.80 - - [04/Nov/2016 08:43:00] "GET /v2.0/networks.json?shared=False HTTP/1.1" 200 1489 0.133295
2016-11-04 08:43:00.665 3268 INFO neutron.wsgi [req-eb63c261-057d-4393-8d34-e3989ce56356 013aa135935b4cfd874a59a1921fc094 bd586f74227a48fab42852c8923c4d83 - - -] 10.10.10.80 - - [04/Nov/2016 08:43:00] "GET /v2.0/subnets.json HTTP/1.1" 200 1903 0.251265
2016-11-04 08:43:00.955 3275 INFO neutron.wsgi [req-831c1d52-2c3f-4d05-bbf3-f1a415d59226 013aa135935b4cfd874a59a1921fc094 bd586f74227a48fab42852c8923c4d83 - - -] 10.10.10.80 - - [04/Nov/2016 08:43:00] "GET /v2.0/networks.json?shared=True HTTP/1.1" 200 880 0.272090
2016-11-04 08:43:01.086 3268 INFO neutron.wsgi [req-4d4b398f-6358-4441-98a2-4d3fa72b02a6 013aa135935b4cfd874a59a1921fc094 bd586f74227a48fab42852c8923c4d83 - - -] 10.10.10.80 - - [04/Nov/2016 08:43:01] "GET /v2.0/subnets.json HTTP/1.1" 200 1903 0.140688
2016-11-04 08:43:01.245 3275 INFO neutron.wsgi [req-1b28d4e8-5731-4b82-ae1c-52b40afe9687 013aa135935b4cfd874a59a1921fc094 bd586f74227a48fab42852c8923c4d83 - - -] 10.10.10.80 - - [04/Nov/2016 08:43:01] "GET /v2.0/subnets.json HTTP/1.1" 200 1903 0.164412
2016-11-04 08:43:01.349 3268 INFO neutron.wsgi [req-e738c572-f6a8-4c1c-a1ae-937473ef3d2b 013aa135935b4cfd874a59a1921fc094 bd586f74227a48fab42852c8923c4d83 - - -] 10.10.10.80 - - [04/Nov/2016 08:43:01] "GET /v2.0/routers.json HTTP/1.1" 200 729 0.116257


Log trong file /var/log/neutron/openvswitch-agent.log tại compute:
2016-11-04 08:42:58.500 1900 INFO neutron.agent.securitygroups_rpc [req-2e042440-cfdd-4959-98a0-c21fb11d0a7c - - - - -] Provider rule updated
2016-11-04 08:43:00.362 1900 INFO neutron.agent.securitygroups_rpc [req-f244f227-08d8-4c86-b75d-495e3e8486ed - - - - -] Refresh firewall rules
2016-11-04 08:43:01.331 1900 INFO neutron.plugins.ml2.drivers.openvswitch.agent.ovs_neutron_agent [req-f244f227-08d8-4c86-b75d-495e3e8486ed - - - - -] Configuration for devices up [] and devices down [] completed.


Log trong file /var/log/openvswitch/ovs-vswitchd.log tại controller
2016-11-04T01:02:07.628Z|00112|connmgr|INFO|br-int<->unix: 1 flow_mods in the last 0 s (1 deletes)
2016-11-04T01:02:07.766Z|00113|connmgr|INFO|br-int<->unix: 1 flow_mods in the last 0 s (1 deletes)
2016-11-04T01:02:07.871Z|00114|connmgr|INFO|br-int<->unix: 1 flow_mods in the last 0 s (1 deletes)
2016-11-04T01:02:07.970Z|00115|connmgr|INFO|br-int<->unix: 1 flow_mods in the last 0 s (1 deletes)
2016-11-04T01:02:08.079Z|00116|connmgr|INFO|br-int<->unix: 1 flow_mods in the last 0 s (1 deletes)
2016-11-04T01:02:08.181Z|00117|connmgr|INFO|br-int<->unix: 1 flow_mods in the last 0 s (1 deletes)
2016-11-04T01:02:09.318Z|00118|connmgr|INFO|br-tun<->unix: 1 flow_mods in the last 0 s (1 adds)
2016-11-04T01:02:09.371Z|00119|connmgr|INFO|br-tun<->unix: 2 flow_mods in the last 0 s (2 adds)
2016-11-04T01:02:09.503Z|00120|connmgr|INFO|br-tun<->unix: 1 flow_mods in the last 0 s (1 modifications)
2016-11-04T01:02:09.552Z|00121|connmgr|INFO|br-tun<->unix: 1 flow_mods in the last 0 s (1 modifications)
2016-11-04T01:43:00.126Z|00122|bridge|INFO|bridge br-int: added interface tap80ae3d1e-74 on port 11
2016-11-04T01:43:02.052Z|00123|netdev_linux|INFO|ioctl(SIOCGIFHWADDR) on tap80ae3d1e-74 device failed: No such device
2016-11-04T01:43:02.059Z|00124|netdev_linux|WARN|ioctl(SIOCGIFINDEX) on tap80ae3d1e-74 device failed: No such device
2016-11-04T01:43:04.963Z|00125|connmgr|INFO|br-tun<->unix: 1 flow_mods in the last 0 s (1 modifications)
2016-11-04T01:43:05.113Z|00126|connmgr|INFO|br-tun<->unix: 1 flow_mods in the last 0 s (1 adds)
2016-11-04T01:43:05.595Z|00127|netdev_linux|WARN|tap80ae3d1e-74: removing policing failed: No such device
2016-11-04T01:43:06.530Z|00128|connmgr|INFO|br-int<->unix: 1 flow_mods in the last 0 s (1 deletes)
2016-11-04T01:43:06.757Z|00129|ofp_util|INFO|Dropped 3 log messages in last 2460 seconds (most recently, 2459 seconds ago) due to excessive rate
2016-11-04T01:43:06.757Z|00130|ofp_util|INFO|normalization changed ofp_match, details:
2016-11-04T01:43:06.757Z|00131|ofp_util|INFO| pre: in_port=11,nw_proto=58,tp_src=136
2016-11-04T01:43:06.757Z|00132|ofp_util|INFO|post: in_port=11
2016-11-04T01:43:06.759Z|00133|connmgr|INFO|br-int<->unix: 1 flow_mods in the last 0 s (1 deletes)
2016-11-04T01:43:06.948Z|00134|connmgr|INFO|br-int<->unix: 1 flow_mods in the last 0 s (1 deletes)
2016-11-04T01:43:07.121Z|00135|connmgr|INFO|br-int<->unix: 1 flow_mods in the last 0 s (1 deletes)
2016-11-04T01:43:07.310Z|00136|connmgr|INFO|br-int<->unix: 1 flow_mods in the last 0 s (1 deletes)


Log trong file /var/log/neutron/openvswitch-agent.log tại controller
2016-11-04 08:42:58.503 2214 INFO neutron.agent.securitygroups_rpc [req-2e042440-cfdd-4959-98a0-c21fb11d0a7c - - - - -] Provider rule updated
2016-11-04 08:43:01.737 2214 INFO neutron.agent.securitygroups_rpc [req-8d7a733f-a6b1-494d-9597-929855ef51a7 - - - - -] Refresh firewall rules
2016-11-04 08:43:03.109 2214 INFO neutron.plugins.ml2.drivers.openvswitch.agent.ovs_neutron_agent [req-8d7a733f-a6b1-494d-9597-929855ef51a7 - - - - -] Configuration for devices up [] and devices down [] completed.
2016-11-04 08:43:04.814 2214 INFO neutron.plugins.ml2.drivers.openvswitch.agent.ovs_neutron_agent [req-8d7a733f-a6b1-494d-9597-929855ef51a7 - - - - -] Port 80ae3d1e-7405-42f3-94ea-41185b2431a9 updated. Details: {u'profile': {}, u'network_qos_policy_id': None, u'qos_policy_id': None, u'allowed_address_pairs': [], u'admin_state_up': True, u'network_id': u'b3a81f00-7b15-48da-b071-2589f840deff', u'segmentation_id': 396, u'device_owner': u'network:dhcp', u'physical_network': None, u'mac_address': u'fa:16:3e:bb:78:70', u'device': u'80ae3d1e-7405-42f3-94ea-41185b2431a9', u'port_security_enabled': False, u'port_id': u'80ae3d1e-7405-42f3-94ea-41185b2431a9', u'fixed_ips': [{u'subnet_id': u'b0569f79-0201-47bd-910f-238a4fd130ce', u'ip_address': u'192.168.2.50'}], u'network_type': u'gre', u'security_groups': []}
2016-11-04 08:43:04.817 2214 INFO neutron.plugins.ml2.drivers.openvswitch.agent.ovs_neutron_agent [req-8d7a733f-a6b1-494d-9597-929855ef51a7 - - - - -] Assigning 3 as local vlan for net-id=b3a81f00-7b15-48da-b071-2589f840deff
2016-11-04 08:43:06.328 2214 INFO neutron.plugins.ml2.drivers.openvswitch.agent.ovs_neutron_agent [req-8d7a733f-a6b1-494d-9597-929855ef51a7 - - - - -] Skipping ARP spoofing rules for port 'tap80ae3d1e-74' because it has port security disabled
2016-11-04 08:43:08.130 2214 INFO neutron.plugins.ml2.drivers.openvswitch.agent.ovs_neutron_agent [req-8d7a733f-a6b1-494d-9597-929855ef51a7 - - - - -] Configuration for devices up [u'80ae3d1e-7405-42f3-94ea-41185b2431a9'] and devices down [] completed.
```


	**LOG khi tạo thêm 1 router tương ứng với tenant ở trên (mục routers trong project)**
```sh
LOG trong /var/log/neutron/neutron-server.log
Click create router:
2016-11-04 09:05:11.595 17167 INFO neutron.wsgi [req-1f63c097-5db6-4687-84d0-393697ba5bac 013aa135935b4cfd874a59a1921fc094 bd586f74227a48fab42852c8923c4d83 - - -] 10.10.10.80 - - [04/Nov/2016 09:05:11] "GET /v2.0/networks.json?router%3Aexternal=True HTTP/1.1" 200 880 1.651312
2016-11-04 09:05:12.211 17166 INFO neutron.wsgi [req-4aa2e8ab-98fe-45c6-8f56-4d84801059a8 013aa135935b4cfd874a59a1921fc094 bd586f74227a48fab42852c8923c4d83 - - -] 10.10.10.80 - - [04/Nov/2016 09:05:12] "GET /v2.0/subnets.json HTTP/1.1" 200 1903 0.610305

Khi create xong:
2016-11-04 09:06:13.027 17167 INFO neutron.wsgi [req-32fe1bc1-ccd1-4319-9bc3-d21683223982 013aa135935b4cfd874a59a1921fc094 bd586f74227a48fab42852c8923c4d83 - - -] 10.10.10.80 - - [04/Nov/2016 09:06:13] "GET /v2.0/networks.json?router%3Aexternal=True HTTP/1.1" 200 880 0.142419
2016-11-04 09:06:13.240 17166 INFO neutron.wsgi [req-048f621f-a4d3-4e6d-b650-bb0d1b0adf35 013aa135935b4cfd874a59a1921fc094 bd586f74227a48fab42852c8923c4d83 - - -] 10.10.10.80 - - [04/Nov/2016 09:06:13] "GET /v2.0/subnets.json HTTP/1.1" 200 1903 0.192122
2016-11-04 09:06:13.279 17167 INFO neutron.quota [req-832dcc20-b614-4c4b-b956-551ed8c5d37e 013aa135935b4cfd874a59a1921fc094 bd586f74227a48fab42852c8923c4d83 - - -] Loaded quota_driver: <neutron.db.quota.driver.DbQuotaDriver object at 0x7f89bc1af110>.
2016-11-04 09:06:13.530 17167 INFO neutron.wsgi [req-832dcc20-b614-4c4b-b956-551ed8c5d37e 013aa135935b4cfd874a59a1921fc094 bd586f74227a48fab42852c8923c4d83 - - -] 10.10.10.80 - - [04/Nov/2016 09:06:13] "POST /v2.0/routers.json HTTP/1.1" 201 552 0.268401
2016-11-04 09:06:17.117 17166 INFO neutron.wsgi [req-c64a28ff-fec9-48b6-8b9a-750bbb363e6a 013aa135935b4cfd874a59a1921fc094 bd586f74227a48fab42852c8923c4d83 - - -] 10.10.10.80 - - [04/Nov/2016 09:06:17] "PUT /v2.0/routers/65c7d22a-3024-4a7b-a7da-1316aacff145.json HTTP/1.1" 200 728 3.570248
2016-11-04 09:06:17.487 17166 INFO neutron.wsgi [req-b0ac9ebc-2bf2-4b1c-975b-4a9b088e260d 013aa135935b4cfd874a59a1921fc094 bd586f74227a48fab42852c8923c4d83 - - -] 10.10.10.80 - - [04/Nov/2016 09:06:17] "GET /v2.0/routers.json?tenant_id=bd586f74227a48fab42852c8923c4d83&search_opts=None HTTP/1.1" 200 1240 0.219100
2016-11-04 09:06:18.222 17166 INFO neutron.wsgi [req-5289b4c2-1b3f-461e-9289-7078f992c07a 013aa135935b4cfd874a59a1921fc094 bd586f74227a48fab42852c8923c4d83 - - -] 10.10.10.80 - - [04/Nov/2016 09:06:18] "GET /v2.0/networks.json?router%3Aexternal=True HTTP/1.1" 200 880 0.711040
2016-11-04 09:06:18.497 17166 INFO neutron.wsgi [req-10a4a8f5-9cbb-4494-a420-1f5284f438d7 013aa135935b4cfd874a59a1921fc094 bd586f74227a48fab42852c8923c4d83 - - -] 10.10.10.80 - - [04/Nov/2016 09:06:18] "GET /v2.0/subnets.json HTTP/1.1" 200 1903 0.235215
2016-11-04 09:06:18.816 17167 INFO neutron.wsgi [req-451a5029-178f-49ed-9736-3ce2c5ebef16 013aa135935b4cfd874a59a1921fc094 bd586f74227a48fab42852c8923c4d83 - - -] 10.10.10.80 - - [04/Nov/2016 09:06:18] "GET /v2.0/extensions.json HTTP/1.1" 200 6007 0.014083
2016-11-04 09:06:19.576 17167 INFO neutron.wsgi [req-ba390a92-c99d-401b-8202-2f7b7d698f36 013aa135935b4cfd874a59a1921fc094 bd586f74227a48fab42852c8923c4d83 - - -] 10.10.10.80 - - [04/Nov/2016 09:06:19] "GET /v2.0/quotas/bd586f74227a48fab42852c8923c4d83.json HTTP/1.1" 200 385 0.033270
2016-11-04 09:06:20.351 17166 INFO neutron.wsgi [req-3ef1dc8d-9af2-4d68-bb50-d24110fbce4c 013aa135935b4cfd874a59a1921fc094 bd586f74227a48fab42852c8923c4d83 - - -] 10.10.10.80 - - [04/Nov/2016 09:06:20] "GET /v2.0/ports.json?device_id=4beeb754-07b9-40fb-92f0-4cdc761399fe&device_id=35a6b2b6-e87c-40a3-87d0-94e1d669340b&device_id=b445a2c9-b152-43e8-82d2-c3d4982989c6 HTTP/1.1" 200 1959 0.150544
2016-11-04 09:06:20.631 17166 INFO neutron.wsgi [req-4a26733b-b8c3-47fc-9edc-92375088f176 013aa135935b4cfd874a59a1921fc094 bd586f74227a48fab42852c8923c4d83 - - -] 10.10.10.80 - - [04/Nov/2016 09:06:20] "GET /v2.0/security-groups.json?id=4c770efd-2459-48c9-aaf9-b429d375a996 HTTP/1.1" 200 2187 0.266464
2016-11-04 09:06:20.823 17166 INFO neutron.wsgi [req-c8a331ac-5e5d-4f75-9836-881206f57336 013aa135935b4cfd874a59a1921fc094 bd586f74227a48fab42852c8923c4d83 - - -] 10.10.10.80 - - [04/Nov/2016 09:06:20] "GET /v2.0/floatingips.json?tenant_id=bd586f74227a48fab42852c8923c4d83 HTTP/1.1" 200 644 0.048242
2016-11-04 09:06:20.965 17167 INFO neutron.wsgi [req-0e282640-bdb3-4916-9ca8-864b2ad2583b 013aa135935b4cfd874a59a1921fc094 bd586f74227a48fab42852c8923c4d83 - - -] 10.10.10.80 - - [04/Nov/2016 09:06:20] "GET /v2.0/ports.json?tenant_id=bd586f74227a48fab42852c8923c4d83 HTTP/1.1" 200 5422 0.131247
2016-11-04 09:06:21.052 17166 INFO neutron.wsgi [req-2b44fa37-ec3c-4f1c-8082-b877e6ecad72 013aa135935b4cfd874a59a1921fc094 bd586f74227a48fab42852c8923c4d83 - - -] 10.10.10.80 - - [04/Nov/2016 09:06:21] "GET /v2.0/security-groups.json?tenant_id=bd586f74227a48fab42852c8923c4d83 HTTP/1.1" 200 2187 0.087389
2016-11-04 09:06:21.222 17167 INFO neutron.wsgi [req-2e6c7e5d-6e63-43f1-87b9-33ee5e431774 013aa135935b4cfd874a59a1921fc094 bd586f74227a48fab42852c8923c4d83 - - -] 10.10.10.80 - - [04/Nov/2016 09:06:21] "GET /v2.0/networks.json?shared=False HTTP/1.1" 200 1489 0.180343
2016-11-04 09:06:21.329 17166 INFO neutron.wsgi [req-4b489600-0e22-42e5-92e6-df88d4cc84ec 013aa135935b4cfd874a59a1921fc094 bd586f74227a48fab42852c8923c4d83 - - -] 10.10.10.80 - - [04/Nov/2016 09:06:21] "GET /v2.0/subnets.json HTTP/1.1" 200 1903 0.114653
2016-11-04 09:06:21.426 17167 INFO neutron.wsgi [req-bef97e6d-7978-4c83-9f05-24a41bb2c440 013aa135935b4cfd874a59a1921fc094 bd586f74227a48fab42852c8923c4d83 - - -] 10.10.10.80 - - [04/Nov/2016 09:06:21] "GET /v2.0/networks.json?shared=True HTTP/1.1" 200 880 0.105219
2016-11-04 09:06:21.541 17166 INFO neutron.wsgi [req-6d87b46e-68e6-4fea-93e7-f4e63e78383d 013aa135935b4cfd874a59a1921fc094 bd586f74227a48fab42852c8923c4d83 - - -] 10.10.10.80 - - [04/Nov/2016 09:06:21] "GET /v2.0/subnets.json HTTP/1.1" 200 1903 0.117108
2016-11-04 09:06:22.455 17167 INFO neutron.wsgi [req-49680516-779f-40af-9ac1-191cfe6f4a54 013aa135935b4cfd874a59a1921fc094 bd586f74227a48fab42852c8923c4d83 - - -] 10.10.10.80 - - [04/Nov/2016 09:06:22] "GET /v2.0/subnets.json HTTP/1.1" 200 1903 0.917939
2016-11-04 09:06:22.668 17166 INFO neutron.wsgi [req-25d9b466-94e6-42b5-abd9-a0de0bc0fb93 013aa135935b4cfd874a59a1921fc094 bd586f74227a48fab42852c8923c4d83 - - -] 10.10.10.80 - - [04/Nov/2016 09:06:22] "GET /v2.0/routers.json HTTP/1.1" 200 1240 0.202455

LOG tại file /var/log/openvswitch/ovs-vswitchd.log
2016-11-04T02:06:23.268Z|00137|bridge|INFO|bridge br-int: added interface qg-654db38f-db on port 12
2016-11-04T02:06:24.110Z|00138|netdev_linux|INFO|ioctl(SIOCGIFHWADDR) on qg-654db38f-db device failed: No such device
2016-11-04T02:06:24.161Z|00139|netdev_linux|WARN|ioctl(SIOCGIFINDEX) on qg-654db38f-db device failed: No such device
2016-11-04T02:06:25.875Z|00140|netdev_linux|WARN|qg-654db38f-db: removing policing failed: No such device
2016-11-04T02:06:26.873Z|00141|connmgr|INFO|br-int<->unix: 1 flow_mods in the last 0 s (1 deletes)
2016-11-04T02:06:27.016Z|00142|ofp_util|INFO|normalization changed ofp_match, details:
2016-11-04T02:06:27.016Z|00143|ofp_util|INFO| pre: in_port=12,nw_proto=58,tp_src=136
2016-11-04T02:06:27.016Z|00144|ofp_util|INFO|post: in_port=12
2016-11-04T02:06:27.016Z|00145|connmgr|INFO|br-int<->unix: 1 flow_mods in the last 0 s (1 deletes)
2016-11-04T02:06:27.271Z|00146|connmgr|INFO|br-int<->unix: 1 flow_mods in the last 0 s (1 deletes)
2016-11-04T02:06:27.507Z|00147|connmgr|INFO|br-int<->unix: 1 flow_mods in the last 0 s (1 deletes)
2016-11-04T02:06:27.778Z|00148|connmgr|INFO|br-int<->unix: 1 flow_mods in the last 0 s (1 deletes)

LOG tại file /var/log/neutron/openvswitch-agent.log
2016-11-04 09:06:25.589 2214 INFO neutron.plugins.ml2.drivers.openvswitch.agent.ovs_neutron_agent [req-8d7a733f-a6b1-494d-9597-929855ef51a7 - - - - -] Port 654db38f-db9e-4027-8151-609ede79c174 updated. Details: {u'profile': {}, u'network_qos_policy_id': None, u'qos_policy_id': None, u'allowed_address_pairs': [], u'admin_state_up': True, u'network_id': u'd3107881-083f-4bf7-a8b5-d8f0b3a46388', u'segmentation_id': None, u'device_owner': u'network:router_gateway', u'physical_network': u'external', u'mac_address': u'fa:16:3e:b0:d1:4e', u'device': u'654db38f-db9e-4027-8151-609ede79c174', u'port_security_enabled': False, u'port_id': u'654db38f-db9e-4027-8151-609ede79c174', u'fixed_ips': [{u'subnet_id': u'cf7096d2-5a2f-40d6-b462-3ed605a677ff', u'ip_address': u'172.16.69.204'}], u'network_type': u'flat', u'security_groups': []}
2016-11-04 09:06:26.651 2214 INFO neutron.plugins.ml2.drivers.openvswitch.agent.ovs_neutron_agent [req-8d7a733f-a6b1-494d-9597-929855ef51a7 - - - - -] Skipping ARP spoofing rules for port 'qg-654db38f-db' because it has port security disabled
2016-11-04 09:06:28.572 2214 INFO neutron.plugins.ml2.drivers.openvswitch.agent.ovs_neutron_agent [req-8d7a733f-a6b1-494d-9597-929855ef51a7 - - - - -] Configuration for devices up [u'654db38f-db9e-4027-8151-609ede79c174'] and devices down [] completed.
```

	**LOG khi chỉnh sửa với router ứng với tenant vừa tạo trên**
```sh
LOG trong file /var/log/neutron/neutron-server.log khi:
click router-tenant1
2016-11-04 09:08:50.966 17167 INFO neutron.wsgi [req-9d37daf1-7057-45b3-b0b7-919d65d424db 013aa135935b4cfd874a59a1921fc094 bd586f74227a48fab42852c8923c4d83 - - -] 10.10.10.80 - - [04/Nov/2016 09:08:50] "GET /v2.0/routers/65c7d22a-3024-4a7b-a7da-1316aacff145.json HTTP/1.1" 200 734 0.160467
2016-11-04 09:08:51.082 17166 INFO neutron.wsgi [req-43100328-285a-4759-9639-8ed0505cbb3e 013aa135935b4cfd874a59a1921fc094 bd586f74227a48fab42852c8923c4d83 - - -] 10.10.10.80 - - [04/Nov/2016 09:08:51] "GET /v2.0/networks/d3107881-083f-4bf7-a8b5-d8f0b3a46388.json HTTP/1.1" 200 877 0.117542
2016-11-04 09:08:51.164 17167 INFO neutron.wsgi [req-97010a84-e866-47c8-acfe-852463e18b82 013aa135935b4cfd874a59a1921fc094 bd586f74227a48fab42852c8923c4d83 - - -] 10.10.10.80 - - [04/Nov/2016 09:08:51] "GET /v2.0/ports.json?device_id=65c7d22a-3024-4a7b-a7da-1316aacff145 HTTP/1.1" 200 1036 0.075162
2016-11-04 09:08:51.204 17166 INFO neutron.wsgi [req-542cf006-f87c-4183-b228-3ca48ae50146 013aa135935b4cfd874a59a1921fc094 bd586f74227a48fab42852c8923c4d83 - - -] 10.10.10.80 - - [04/Nov/2016 09:08:51] "GET /v2.0/extensions.json HTTP/1.1" 200 6007 0.022501

Click add interface:
2016-11-04 09:10:39.286 17167 INFO neutron.wsgi [req-ddc141eb-5e23-480e-b900-10abeb049c81 013aa135935b4cfd874a59a1921fc094 bd586f74227a48fab42852c8923c4d83 - - -] 10.10.10.80 - - [04/Nov/2016 09:10:39] "GET /v2.0/routers/65c7d22a-3024-4a7b-a7da-1316aacff145.json HTTP/1.1" 200 734 1.496620
2016-11-04 09:10:39.666 17167 INFO neutron.wsgi [req-cef8fc99-0fa8-4837-97ae-cc5ab1edae52 013aa135935b4cfd874a59a1921fc094 bd586f74227a48fab42852c8923c4d83 - - -] 10.10.10.80 - - [04/Nov/2016 09:10:39] "GET /v2.0/networks.json?shared=False&tenant_id=bd586f74227a48fab42852c8923c4d83 HTTP/1.1" 200 1489 0.332266
2016-11-04 09:10:39.906 17166 INFO neutron.wsgi [req-dc73d41b-1689-4ad5-a380-41eea1f75cac 013aa135935b4cfd874a59a1921fc094 bd586f74227a48fab42852c8923c4d83 - - -] 10.10.10.80 - - [04/Nov/2016 09:10:39] "GET /v2.0/subnets.json HTTP/1.1" 200 1903 0.218704
2016-11-04 09:10:40.529 17167 INFO neutron.wsgi [req-eac9bc35-b765-4ab5-aed6-cfb4322920ca 013aa135935b4cfd874a59a1921fc094 bd586f74227a48fab42852c8923c4d83 - - -] 10.10.10.80 - - [04/Nov/2016 09:10:40] "GET /v2.0/networks.json?shared=True HTTP/1.1" 200 880 0.607590
2016-11-04 09:10:40.780 17166 INFO neutron.wsgi [req-777735d7-6d7a-4d44-a94d-0674f6dc5a2e 013aa135935b4cfd874a59a1921fc094 bd586f74227a48fab42852c8923c4d83 - - -] 10.10.10.80 - - [04/Nov/2016 09:10:40] "GET /v2.0/subnets.json HTTP/1.1" 200 1903 0.231230
2016-11-04 09:10:40.880 17167 INFO neutron.wsgi [req-3c665319-de6e-465d-b296-b26e262c4259 013aa135935b4cfd874a59a1921fc094 bd586f74227a48fab42852c8923c4d83 - - -] 10.10.10.80 - - [04/Nov/2016 09:10:40] "GET /v2.0/ports.json?device_id=65c7d22a-3024-4a7b-a7da-1316aacff145 HTTP/1.1" 200 1036 0.088172

Click submit
2016-11-04 09:11:42.002 17166 INFO neutron.wsgi [req-98de5d67-cf93-476d-80a1-8dc8119ed1db 013aa135935b4cfd874a59a1921fc094 bd586f74227a48fab42852c8923c4d83 - - -] 10.10.10.80 - - [04/Nov/2016 09:11:42] "GET /v2.0/routers/65c7d22a-3024-4a7b-a7da-1316aacff145.json HTTP/1.1" 200 734 0.127822
2016-11-04 09:11:42.188 17167 INFO neutron.wsgi [req-2a1d7b77-c74c-4556-b097-8adbef6480c3 013aa135935b4cfd874a59a1921fc094 bd586f74227a48fab42852c8923c4d83 - - -] 10.10.10.80 - - [04/Nov/2016 09:11:42] "GET /v2.0/networks.json?shared=False&tenant_id=bd586f74227a48fab42852c8923c4d83 HTTP/1.1" 200 1489 0.169508
2016-11-04 09:11:42.352 17166 INFO neutron.wsgi [req-cdfba88d-1d90-486b-889f-e718b231f2fc 013aa135935b4cfd874a59a1921fc094 bd586f74227a48fab42852c8923c4d83 - - -] 10.10.10.80 - - [04/Nov/2016 09:11:42] "GET /v2.0/subnets.json HTTP/1.1" 200 1903 0.151440
2016-11-04 09:11:42.526 17167 INFO neutron.wsgi [req-f58605a3-7299-4345-8cad-a9dd73f958d7 013aa135935b4cfd874a59a1921fc094 bd586f74227a48fab42852c8923c4d83 - - -] 10.10.10.80 - - [04/Nov/2016 09:11:42] "GET /v2.0/networks.json?shared=True HTTP/1.1" 200 880 0.152534
2016-11-04 09:11:42.673 17166 INFO neutron.wsgi [req-03f39a0d-6ef3-4c23-a8fa-5aa39fb4e694 013aa135935b4cfd874a59a1921fc094 bd586f74227a48fab42852c8923c4d83 - - -] 10.10.10.80 - - [04/Nov/2016 09:11:42] "GET /v2.0/subnets.json HTTP/1.1" 200 1903 0.133513
2016-11-04 09:11:42.801 17167 INFO neutron.wsgi [req-4e2466ef-0b55-40e4-9f5f-70842ec77860 013aa135935b4cfd874a59a1921fc094 bd586f74227a48fab42852c8923c4d83 - - -] 10.10.10.80 - - [04/Nov/2016 09:11:42] "GET /v2.0/ports.json?device_id=65c7d22a-3024-4a7b-a7da-1316aacff145 HTTP/1.1" 200 1036 0.107339
2016-11-04 09:11:44.982 17166 INFO neutron.wsgi [req-5d685a16-d1c6-40d9-a32c-3848b6d9b427 013aa135935b4cfd874a59a1921fc094 bd586f74227a48fab42852c8923c4d83 - - -] 10.10.10.80 - - [04/Nov/2016 09:11:44] "PUT /v2.0/routers/65c7d22a-3024-4a7b-a7da-1316aacff145/add_router_interface.json HTTP/1.1" 200 523 2.160275
2016-11-04 09:11:45.235 17166 INFO neutron.wsgi [req-692d6446-5031-4ea5-877b-4bd061bfb39c 013aa135935b4cfd874a59a1921fc094 bd586f74227a48fab42852c8923c4d83 - - -] 10.10.10.80 - - [04/Nov/2016 09:11:45] "GET /v2.0/ports/8aece323-4060-479d-9a3e-458d68e13be1.json HTTP/1.1" 200 1012 0.248104
2016-11-04 09:11:45.853 17166 INFO neutron.wsgi [req-ddde55d3-7932-4a18-8855-48e85aad782e 013aa135935b4cfd874a59a1921fc094 bd586f74227a48fab42852c8923c4d83 - - -] 10.10.10.80 - - [04/Nov/2016 09:11:45] "GET /v2.0/routers/65c7d22a-3024-4a7b-a7da-1316aacff145.json HTTP/1.1" 200 734 0.524346
2016-11-04 09:11:46.241 17166 INFO neutron.wsgi [req-b1bac714-18a5-435b-99c4-5a8dbd94ae3e 013aa135935b4cfd874a59a1921fc094 bd586f74227a48fab42852c8923c4d83 - - -] 10.10.10.80 - - [04/Nov/2016 09:11:46] "GET /v2.0/networks/d3107881-083f-4bf7-a8b5-d8f0b3a46388.json HTTP/1.1" 200 877 0.353994
2016-11-04 09:11:46.365 17167 INFO neutron.wsgi [req-c7cc3e55-4c42-4352-a096-698f4cf94c88 013aa135935b4cfd874a59a1921fc094 bd586f74227a48fab42852c8923c4d83 - - -] 10.10.10.80 - - [04/Nov/2016 09:11:46] "GET /v2.0/ports.json?device_id=65c7d22a-3024-4a7b-a7da-1316aacff145 HTTP/1.1" 200 1827 0.120915
2016-11-04 09:11:46.731 17166 INFO neutron.wsgi [req-0daa67c7-1d0d-42c7-b5c2-f8c9e5e5dfe8 013aa135935b4cfd874a59a1921fc094 bd586f74227a48fab42852c8923c4d83 - - -] 10.10.10.80 - - [04/Nov/2016 09:11:46] "GET /v2.0/extensions.json HTTP/1.1" 200 6007 0.021809

Log tương ứng tại file /var/log/openvswitch/ovs-vswitchd.log controller
2016-11-04T02:11:49.244Z|00149|bridge|INFO|bridge br-int: added interface qr-8aece323-40 on port 13
2016-11-04T02:11:49.942Z|00150|netdev_linux|WARN|qr-8aece323-40: removing policing failed: No such device
2016-11-04T02:11:49.986Z|00151|netdev_linux|INFO|ioctl(SIOCGIFHWADDR) on qr-8aece323-40 device failed: No such device
2016-11-04T02:11:50.064Z|00152|netdev_linux|WARN|ioctl(SIOCGIFINDEX) on qr-8aece323-40 device failed: No such device
2016-11-04T02:11:51.108Z|00153|netdev_linux|WARN|qr-8aece323-40: removing policing failed: No such device
2016-11-04T02:11:52.453Z|00154|connmgr|INFO|br-int<->unix: 1 flow_mods in the last 0 s (1 deletes)
2016-11-04T02:11:52.646Z|00155|ofp_util|INFO|normalization changed ofp_match, details:
2016-11-04T02:11:52.646Z|00156|ofp_util|INFO| pre: in_port=13,nw_proto=58,tp_src=136
2016-11-04T02:11:52.646Z|00157|ofp_util|INFO|post: in_port=13
2016-11-04T02:11:52.647Z|00158|connmgr|INFO|br-int<->unix: 1 flow_mods in the last 0 s (1 deletes)
2016-11-04T02:11:52.850Z|00159|connmgr|INFO|br-int<->unix: 1 flow_mods in the last 0 s (1 deletes)
2016-11-04T02:11:52.995Z|00160|connmgr|INFO|br-int<->unix: 1 flow_mods in the last 0 s (1 deletes)
2016-11-04T02:11:53.311Z|00161|connmgr|INFO|br-int<->unix: 1 flow_mods in the last 0 s (1 deletes)

Log tương ứng tại file  /var/log/neutron/openvswitch-agent.log trong controller
2016-11-04 09:11:50.675 2214 INFO neutron.plugins.ml2.drivers.openvswitch.agent.ovs_neutron_agent [req-8d7a733f-a6b1-494d-9597-929855ef51a7 - - - - -] Port 8aece323-4060-479d-9a3e-458d68e13be1 updated. Details: {u'profile': {}, u'network_qos_policy_id': None, u'qos_policy_id': None, u'allowed_address_pairs': [], u'admin_state_up': True, u'network_id': u'b3a81f00-7b15-48da-b071-2589f840deff', u'segmentation_id': 396, u'device_owner': u'network:router_interface', u'physical_network': None, u'mac_address': u'fa:16:3e:5f:f2:b7', u'device': u'8aece323-4060-479d-9a3e-458d68e13be1', u'port_security_enabled': False, u'port_id': u'8aece323-4060-479d-9a3e-458d68e13be1', u'fixed_ips': [{u'subnet_id': u'b0569f79-0201-47bd-910f-238a4fd130ce', u'ip_address': u'192.168.2.1'}], u'network_type': u'gre', u'security_groups': []}
2016-11-04 09:11:51.440 2214 INFO neutron.agent.securitygroups_rpc [req-8d7a733f-a6b1-494d-9597-929855ef51a7 - - - - -] Refresh firewall rules
2016-11-04 09:11:52.257 2214 INFO neutron.plugins.ml2.drivers.openvswitch.agent.ovs_neutron_agent [req-8d7a733f-a6b1-494d-9597-929855ef51a7 - - - - -] Skipping ARP spoofing rules for port 'qr-8aece323-40' because it has port security disabled
2016-11-04 09:11:53.830 2214 INFO neutron.plugins.ml2.drivers.openvswitch.agent.ovs_neutron_agent [req-8d7a733f-a6b1-494d-9597-929855ef51a7 - - - - -] Configuration for devices up [u'8aece323-4060-479d-9a3e-458d68e13be1'] and devices down [] completed.

Log tương ứng tại file /var/log/neutron/l3-agent.log trong controller:
2016-11-04 09:11:52.451 2219 INFO neutron.agent.linux.interface [-] Device qg-654db38f-db already exists

Log tương ứng tại file /var/log/neutron/dhcp-agent.log trong controller
