2016-11-03 15:31:16.087 28497 INFO neutron.wsgi [req-5567cead-dfc3-4f3d-b2b9-2e922bd25845 fc0becc74871437581d1b3bb74cc6404 3262c9a75a494be288b4d77608334e0d - - -] 10.10.10.80 - - [03/Nov/2016 15:31:16] "GET /v2.0/networks/f3dfe7a0-bff6-4562-964f-5f3539b63961/dhcp-agents.json HTTP/1.1" 200 787 1.164907
2016-11-03 15:31:16.616 28496 INFO neutron.wsgi [req-fdc88d99-8eb5-4e12-9e0e-b0469853c415 fc0becc74871437581d1b3bb74cc6404 3262c9a75a494be288b4d77608334e0d - - -] 10.10.10.80 - - [03/Nov/2016 15:31:16] "GET /v2.0/networks/f3dfe7a0-bff6-4562-964f-5f3539b63961.json HTTP/1.1" 200 869 0.456912
2016-11-03 15:31:16.835 28497 INFO neutron.wsgi [req-131c7b23-b0c1-4786-9f23-833c8b7e3189 fc0becc74871437581d1b3bb74cc6404 3262c9a75a494be288b4d77608334e0d - - -] 10.10.10.80 - - [03/Nov/2016 15:31:16] "GET /v2.0/subnets/786c63a0-18fe-4753-aab0-995df0d24a06.json HTTP/1.1" 200 783 0.222043
2016-11-03 15:31:18.292 28497 INFO neutron.wsgi [req-79db197a-beec-447a-811a-ff3e0a34c47f fc0becc74871437581d1b3bb74cc6404 3262c9a75a494be288b4d77608334e0d - - -] 10.10.10.80 - - [03/Nov/2016 15:31:18] "GET /v2.0/networks/f3dfe7a0-bff6-4562-964f-5f3539b63961.json HTTP/1.1" 200 869 0.289080
2016-11-03 15:31:18.550 28496 INFO neutron.wsgi [req-37a654d7-877f-4e7f-9198-8706d431623f fc0becc74871437581d1b3bb74cc6404 3262c9a75a494be288b4d77608334e0d - - -] 10.10.10.80 - - [03/Nov/2016 15:31:18] "GET /v2.0/subnets/786c63a0-18fe-4753-aab0-995df0d24a06.json HTTP/1.1" 200 783 0.237696
```

	Ngoài ra sau khi tạo subnet xong, cũng xuất hiện log ở một số file, **/var/log/neutron/openvswitch-agent.log** trên Controller node:
```sh
2016-11-03 15:31:19.842 27907 INFO neutron.agent.securitygroups_rpc [req-a76d0ec9-a8f3-45a9-b557-c68837a328c5 - - - - -] Provider rule updated
2016-11-03 15:31:22.398 27907 INFO neutron.agent.securitygroups_rpc [req-9830cd37-247b-494e-a384-b499a2f8b329 - - - - -] Refresh firewall rules
2016-11-03 15:31:31.024 27907 INFO neutron.plugins.ml2.drivers.openvswitch.agent.ovs_neutron_agent [req-9830cd37-247b-494e-a384-b499a2f8b329 - - - - -] Configuration for devices up [] and devices down [] completed.
2016-11-03 15:31:31.027 27907 INFO neutron.plugins.ml2.drivers.openvswitch.agent.ovs_neutron_agent [req-9830cd37-247b-494e-a384-b499a2f8b329 - - - - -] Cleaning stale br-int flows
2016-11-03 15:31:31.697 27907 INFO neutron.plugins.ml2.drivers.openvswitch.agent.ovs_neutron_agent [req-9830cd37-247b-494e-a384-b499a2f8b329 - - - - -] Cleaning stale br-ex flows
2016-11-03 15:31:31.874 27907 INFO neutron.plugins.ml2.drivers.openvswitch.agent.ovs_neutron_agent [req-9830cd37-247b-494e-a384-b499a2f8b329 - - - - -] Cleaning stale br-tun flows
2016-11-03 15:31:33.832 27907 INFO neutron.plugins.ml2.drivers.openvswitch.agent.ovs_neutron_agent [req-9830cd37-247b-494e-a384-b499a2f8b329 - - - - -] Port 7f2b8d45-a788-4f32-a5f0-b7a0bc4c663b updated. Details: {u'profile': {}, u'network_qos_policy_id': None, u'qos_policy_id': None, u'allowed_address_pairs': [], u'admin_state_up': True, u'network_id': u'f3dfe7a0-bff6-4562-964f-5f3539b63961', u'segmentation_id': 301, u'device_owner': u'network:dhcp', u'physical_network': None, u'mac_address': u'fa:16:3e:97:cf:10', u'device': u'7f2b8d45-a788-4f32-a5f0-b7a0bc4c663b', u'port_security_enabled': False, u'port_id': u'7f2b8d45-a788-4f32-a5f0-b7a0bc4c663b', u'fixed_ips': [{u'subnet_id': u'786c63a0-18fe-4753-aab0-995df0d24a06', u'ip_address': u'172.16.69.200'}], u'network_type': u'gre', u'security_groups': []}
2016-11-03 15:31:33.835 27907 INFO neutron.plugins.ml2.drivers.openvswitch.agent.ovs_neutron_agent [req-9830cd37-247b-494e-a384-b499a2f8b329 - - - - -] Assigning 1 as local vlan for net-id=f3dfe7a0-bff6-4562-964f-5f3539b63961
2016-11-03 15:31:35.064 27907 INFO neutron.plugins.ml2.drivers.openvswitch.agent.ovs_neutron_agent [req-9830cd37-247b-494e-a384-b499a2f8b329 - - - - -] Skipping ARP spoofing rules for port 'tap7f2b8d45-a7' because it has port security disabled
2016-11-03 15:31:36.867 27907 INFO neutron.plugins.ml2.drivers.openvswitch.agent.ovs_neutron_agent [req-9830cd37-247b-494e-a384-b499a2f8b329 - - - - -] Configuration for devices up [u'7f2b8d45-a788-4f32-a5f0-b7a0bc4c663b'] and devices down [] completed.
```

	Và  **/var/log/neutron/openvswitch-agent.log** trên Compute node:
```sh
2016-10-27 15:38:48.956 65813 INFO neutron.agent.securitygroups_rpc [req-a76d0ec9-a8f3-45a9-b557-c68837a328c5 - - - - -] Provider rule updated
2016-10-27 15:38:51.864 65813 INFO neutron.agent.securitygroups_rpc [req-c5be491a-0477-4a42-8394-000e80000334 - - - - -] Refresh firewall rules
2016-10-27 15:39:01.692 65813 INFO neutron.plugins.ml2.drivers.openvswitch.agent.ovs_neutron_agent [req-c5be491a-0477-4a42-8394-000e80000334 - - - - -] Configuration for devices up [] and devices down [] completed.
2016-10-27 15:39:01.694 65813 INFO neutron.plugins.ml2.drivers.openvswitch.agent.ovs_neutron_agent [req-c5be491a-0477-4a42-8394-000e80000334 - - - - -] Cleaning stale br-int flows
2016-10-27 15:39:01.970 65813 INFO neutron.plugins.ml2.drivers.openvswitch.agent.ovs_neutron_agent [req-c5be491a-0477-4a42-8394-000e80000334 - - - - -] Cleaning stale br-tun flows
```

	- Create networks trong tab *Project -> Netowrk -> Networks*:
```sh
2016-11-03 15:42:01.179 28497 INFO neutron.wsgi [req-5b017814-444d-4921-b88c-132f3c945eef fc0becc74871437581d1b3bb74cc6404 3262c9a75a494be288b4d77608334e0d - - -] 10.10.10.80 - - [03/Nov/2016 15:42:01] "GET /v2.0/networks.json?shared=False&tenant_id=3262c9a75a494be288b4d77608334e0d HTTP/1.1" 200 229 3.820678
2016-11-03 15:42:01.697 28496 INFO neutron.wsgi [req-ae5318b1-4424-4708-a557-de959bbf2110 fc0becc74871437581d1b3bb74cc6404 3262c9a75a494be288b4d77608334e0d - - -] 10.10.10.80 - - [03/Nov/2016 15:42:01] "GET /v2.0/subnets.json HTTP/1.1" 200 786 0.452804
2016-11-03 15:42:01.934 28497 INFO neutron.wsgi [req-9d8b924a-eb28-4315-8731-3e29911be8e7 fc0becc74871437581d1b3bb74cc6404 3262c9a75a494be288b4d77608334e0d - - -] 10.10.10.80 - - [03/Nov/2016 15:42:01] "GET /v2.0/networks.json?shared=True HTTP/1.1" 200 872 0.222951
2016-11-03 15:42:02.116 28496 INFO neutron.wsgi [req-51aae16d-f928-4d5f-b912-3af9767767bd fc0becc74871437581d1b3bb74cc6404 3262c9a75a494be288b4d77608334e0d - - -] 10.10.10.80 - - [03/Nov/2016 15:42:02] "GET /v2.0/subnets.json HTTP/1.1" 200 786 0.167662
2016-11-03 15:42:02.505 28496 INFO neutron.wsgi [req-c647a7a4-5056-45b7-8ba3-86caacc25951 fc0becc74871437581d1b3bb74cc6404 3262c9a75a494be288b4d77608334e0d - - -] 10.10.10.80 - - [03/Nov/2016 15:42:02] "GET /v2.0/networks.json?router%3Aexternal=True HTTP/1.1" 200 872 0.374033
2016-11-03 15:42:02.727 28497 INFO neutron.wsgi [req-041692ca-b3f6-43e0-8987-8dc6488fe3eb fc0becc74871437581d1b3bb74cc6404 3262c9a75a494be288b4d77608334e0d - - -] 10.10.10.80 - - [03/Nov/2016 15:42:02] "GET /v2.0/subnets.json HTTP/1.1" 200 786 0.191295
2016-11-03 15:42:04.112 28496 INFO neutron.wsgi [req-89a964ad-3c53-4a1a-91a1-865c12218366 fc0becc74871437581d1b3bb74cc6404 3262c9a75a494be288b4d77608334e0d - - -] 10.10.10.80 - - [03/Nov/2016 15:42:04] "GET /v2.0/extensions.json HTTP/1.1" 200 6007 0.015512
2016-11-03 15:42:06.600 28497 INFO neutron.wsgi [req-7e53ad67-7f81-41c0-b967-f68fab6a3e73 fc0becc74871437581d1b3bb74cc6404 3262c9a75a494be288b4d77608334e0d - - -] 10.10.10.80 - - [03/Nov/2016 15:42:06] "GET /v2.0/quotas/3262c9a75a494be288b4d77608334e0d.json HTTP/1.1" 200 385 0.047154
2016-11-03 15:42:09.015 28497 INFO neutron.wsgi [req-b00023fe-3adb-4f3a-a91e-a075ca7a7b50 fc0becc74871437581d1b3bb74cc6404 3262c9a75a494be288b4d77608334e0d - - -] 10.10.10.80 - - [03/Nov/2016 15:42:09] "GET /v2.0/floatingips.json?tenant_id=3262c9a75a494be288b4d77608334e0d HTTP/1.1" 200 232 0.065883
2016-11-03 15:42:09.229 28496 INFO neutron.wsgi [req-ded2120f-0eaa-45e9-8824-4c13d0057ea6 fc0becc74871437581d1b3bb74cc6404 3262c9a75a494be288b4d77608334e0d - - -] 10.10.10.80 - - [03/Nov/2016 15:42:09] "GET /v2.0/ports.json?tenant_id=3262c9a75a494be288b4d77608334e0d HTTP/1.1" 200 1099 0.202005
2016-11-03 15:42:09.500 28497 INFO neutron.wsgi [req-11588809-334a-4439-b025-d1477c54b40b fc0becc74871437581d1b3bb74cc6404 3262c9a75a494be288b4d77608334e0d - - -] 10.10.10.80 - - [03/Nov/2016 15:42:09] "GET /v2.0/security-groups.json?tenant_id=3262c9a75a494be288b4d77608334e0d HTTP/1.1" 200 2187 0.256495
2016-11-03 15:42:09.772 28496 INFO neutron.wsgi [req-1e03165d-e91b-46b5-ac70-539007841c11 fc0becc74871437581d1b3bb74cc6404 3262c9a75a494be288b4d77608334e0d - - -] 10.10.10.80 - - [03/Nov/2016 15:42:09] "GET /v2.0/networks.json?shared=False HTTP/1.1" 200 229 0.254364
2016-11-03 15:42:09.986 28497 INFO neutron.wsgi [req-ab081a08-06b6-4cb4-8d3f-e939c6f5bd7e fc0becc74871437581d1b3bb74cc6404 3262c9a75a494be288b4d77608334e0d - - -] 10.10.10.80 - - [03/Nov/2016 15:42:09] "GET /v2.0/subnets.json HTTP/1.1" 200 786 0.193575
2016-11-03 15:42:10.261 28496 INFO neutron.wsgi [req-dd443bf3-5958-4e90-9738-0af0b5a6798b fc0becc74871437581d1b3bb74cc6404 3262c9a75a494be288b4d77608334e0d - - -] 10.10.10.80 - - [03/Nov/2016 15:42:10] "GET /v2.0/networks.json?shared=True HTTP/1.1" 200 872 0.251111
2016-11-03 15:42:10.556 28497 INFO neutron.wsgi [req-8d2fba4d-5eac-4db5-b703-545ecee29268 fc0becc74871437581d1b3bb74cc6404 3262c9a75a494be288b4d77608334e0d - - -] 10.10.10.80 - - [03/Nov/2016 15:42:10] "GET /v2.0/subnets.json HTTP/1.1" 200 786 0.282147
2016-11-03 15:42:10.770 28496 INFO neutron.wsgi [req-d3e25388-aa2a-4760-b4da-702fb92e998d fc0becc74871437581d1b3bb74cc6404 3262c9a75a494be288b4d77608334e0d - - -] 10.10.10.80 - - [03/Nov/2016 15:42:10] "GET /v2.0/subnets.json HTTP/1.1" 200 786 0.202723
2016-11-03 15:42:10.981 28497 INFO neutron.wsgi [req-ff6f124d-4463-493e-9c18-81da6c848fb6 fc0becc74871437581d1b3bb74cc6404 3262c9a75a494be288b4d77608334e0d - - -] 10.10.10.80 - - [03/Nov/2016 15:42:10] "GET /v2.0/routers.json HTTP/1.1" 200 228 0.203342
```

	- click *create network*
```sh
2016-11-03 15:43:25.348 28496 INFO neutron.wsgi [req-f474693b-39cd-4e02-89dc-81367527310f fc0becc74871437581d1b3bb74cc6404 3262c9a75a494be288b4d77608334e0d - - -] 10.10.10.80 - - [03/Nov/2016 15:43:25] "GET /v2.0/extensions.json HTTP/1.1" 200 6007 0.011177
2016-11-03 15:43:25.396 28497 INFO neutron.wsgi [req-27c3d9bc-878c-452b-b3b4-16a88135e685 fc0becc74871437581d1b3bb74cc6404 3262c9a75a494be288b4d77608334e0d - - -] 10.10.10.80 - - [03/Nov/2016 15:43:25] "GET /v2.0/subnetpools.json HTTP/1.1" 200 232 0.034798
```


	- điền form rồi next:
```sh
2016-11-03 15:44:25.904 28496 INFO neutron.wsgi [req-0272fd93-b6ba-4340-9ad9-6caf7631a801 fc0becc74871437581d1b3bb74cc6404 3262c9a75a494be288b4d77608334e0d - - -] 10.10.10.80 - - [03/Nov/2016 15:44:25] "GET /v2.0/extensions.json HTTP/1.1" 200 6007 0.011531
2016-11-03 15:44:25.976 28497 INFO neutron.wsgi [req-1145b784-367a-4f10-84ff-57129cf06aaf fc0becc74871437581d1b3bb74cc6404 3262c9a75a494be288b4d77608334e0d - - -] 10.10.10.80 - - [03/Nov/2016 15:44:25] "GET /v2.0/subnetpools.json HTTP/1.1" 200 232 0.052300
```

	- điền form rồi next tiếp:
```sh
2016-11-03 15:45:42.060 28496 INFO neutron.wsgi [req-36aa25fc-0827-4304-8fbe-9f410dbe4ee7 fc0becc74871437581d1b3bb74cc6404 3262c9a75a494be288b4d77608334e0d - - -] 10.10.10.80 - - [03/Nov/2016 15:45:42] "GET /v2.0/extensions.json HTTP/1.1" 200 6007 0.014902
2016-11-03 15:45:42.135 28496 INFO neutron.wsgi [req-1ce3f8f3-9b64-4ccb-bc32-e1221679fffc fc0becc74871437581d1b3bb74cc6404 3262c9a75a494be288b4d77608334e0d - - -] 10.10.10.80 - - [03/Nov/2016 15:45:42] "GET /v2.0/subnetpools.json HTTP/1.1" 200 232 0.045305
```

	- điền form rồi create:
```sh
2016-11-03 15:46:48.452 28496 INFO neutron.wsgi [req-6add4f5c-abe6-422a-81ef-faa284f0f42a fc0becc74871437581d1b3bb74cc6404 3262c9a75a494be288b4d77608334e0d - - -] 10.10.10.80 - - [03/Nov/2016 15:46:48] "GET /v2.0/extensions.json HTTP/1.1" 200 6007 0.032317
2016-11-03 15:46:48.544 28497 INFO neutron.wsgi [req-36a0a55c-0ae0-428e-8e06-231b1826459b fc0becc74871437581d1b3bb74cc6404 3262c9a75a494be288b4d77608334e0d - - -] 10.10.10.80 - - [03/Nov/2016 15:46:48] "GET /v2.0/subnetpools.json HTTP/1.1" 200 232 0.067998
2016-11-03 15:46:48.994 28496 INFO neutron.plugins.ml2.db [req-25fc9ab9-56d0-4844-b20d-29939263a9fb fc0becc74871437581d1b3bb74cc6404 3262c9a75a494be288b4d77608334e0d - - -] Added segment 1d2b2ac5-b23e-416b-8fd3-88aee255c6f5 of type gre for network 6c3491fb-8901-4608-9e17-f70986595e23
2016-11-03 15:46:49.224 28496 INFO neutron.wsgi [req-25fc9ab9-56d0-4844-b20d-29939263a9fb fc0becc74871437581d1b3bb74cc6404 3262c9a75a494be288b4d77608334e0d - - -] 10.10.10.80 - - [03/Nov/2016 15:46:49] "POST /v2.0/networks.json HTTP/1.1" 201 814 0.641752
2016-11-03 15:46:51.012 28497 INFO neutron.wsgi [req-d44b710d-6ae9-45bf-8c88-bfe3d2ce5afa fc0becc74871437581d1b3bb74cc6404 3262c9a75a494be288b4d77608334e0d - - -] 10.10.10.80 - - [03/Nov/2016 15:46:51] "POST /v2.0/subnets.json HTTP/1.1" 201 793 1.764464
2016-11-03 15:46:51.428 28496 INFO neutron.wsgi [req-9944e15d-dd3d-4b8b-9db1-b677b6f45751 fc0becc74871437581d1b3bb74cc6404 3262c9a75a494be288b4d77608334e0d - - -] 10.10.10.80 - - [03/Nov/2016 15:46:51] "GET /v2.0/networks.json?shared=False&tenant_id=3262c9a75a494be288b4d77608334e0d HTTP/1.1" 200 856 0.211996
2016-11-03 15:46:51.921 28496 INFO neutron.wsgi [req-01743f75-3b27-4d08-92b0-692bd061e0d7 fc0becc74871437581d1b3bb74cc6404 3262c9a75a494be288b4d77608334e0d - - -] 10.10.10.80 - - [03/Nov/2016 15:46:51] "GET /v2.0/subnets.json HTTP/1.1" 200 1351 0.468306
2016-11-03 15:46:52.132 28496 INFO neutron.wsgi [req-e11d15b7-1d41-44fd-8d42-f12df4d0bdb0 fc0becc74871437581d1b3bb74cc6404 3262c9a75a494be288b4d77608334e0d - - -] 10.10.10.80 - - [03/Nov/2016 15:46:52] "GET /v2.0/networks.json?shared=True HTTP/1.1" 200 872 0.192651
2016-11-03 15:46:52.323 28497 INFO neutron.wsgi [req-d006ef15-0176-4dbb-969a-dfee9e030555 fc0becc74871437581d1b3bb74cc6404 3262c9a75a494be288b4d77608334e0d - - -] 10.10.10.80 - - [03/Nov/2016 15:46:52] "GET /v2.0/subnets.json HTTP/1.1" 200 1351 0.190432
2016-11-03 15:46:52.493 28496 INFO neutron.wsgi [req-7989e9b8-2cd7-46c3-874a-053ab3676fdc fc0becc74871437581d1b3bb74cc6404 3262c9a75a494be288b4d77608334e0d - - -] 10.10.10.80 - - [03/Nov/2016 15:46:52] "GET /v2.0/networks.json?router%3Aexternal=True HTTP/1.1" 200 872 0.175876
2016-11-03 15:46:52.874 28497 INFO neutron.wsgi [req-85f4671d-b708-47ee-b824-0eee7a3fb5a0 fc0becc74871437581d1b3bb74cc6404 3262c9a75a494be288b4d77608334e0d - - -] 10.10.10.80 - - [03/Nov/2016 15:46:52] "GET /v2.0/subnets.json HTTP/1.1" 200 1351 0.363821
2016-11-03 15:46:54.050 28496 INFO neutron.wsgi [req-2bc5fd9d-a118-47aa-b5bc-c21a29a773c0 fc0becc74871437581d1b3bb74cc6404 3262c9a75a494be288b4d77608334e0d - - -] 10.10.10.80 - - [03/Nov/2016 15:46:54] "GET /v2.0/extensions.json HTTP/1.1" 200 6007 0.038453
2016-11-03 15:46:54.508 28497 INFO neutron.wsgi [req-2d51d1e8-7d14-4b7f-b8d4-12c1eb587e20 fc0becc74871437581d1b3bb74cc6404 3262c9a75a494be288b4d77608334e0d - - -] 10.10.10.80 - - [03/Nov/2016 15:46:54] "GET /v2.0/quotas/3262c9a75a494be288b4d77608334e0d.json HTTP/1.1" 200 385 0.040739
2016-11-03 15:46:55.285 28497 INFO neutron.wsgi [req-5ff8bebf-bf3d-4889-a4a0-5e61a77182b9 fc0becc74871437581d1b3bb74cc6404 3262c9a75a494be288b4d77608334e0d - - -] 10.10.10.80 - - [03/Nov/2016 15:46:55] "GET /v2.0/floatingips.json?tenant_id=3262c9a75a494be288b4d77608334e0d HTTP/1.1" 200 232 0.052847
2016-11-03 15:46:55.380 28496 INFO neutron.wsgi [req-b5a6cf0e-7ac3-4978-b514-196afb179f9f fc0becc74871437581d1b3bb74cc6404 3262c9a75a494be288b4d77608334e0d - - -] 10.10.10.80 - - [03/Nov/2016 15:46:55] "GET /v2.0/ports.json?tenant_id=3262c9a75a494be288b4d77608334e0d HTTP/1.1" 200 1972 0.095669
2016-11-03 15:46:55.475 28497 INFO neutron.wsgi [req-7916a23b-7c16-42d8-ba65-e23cffb86d2d fc0becc74871437581d1b3bb74cc6404 3262c9a75a494be288b4d77608334e0d - - -] 10.10.10.80 - - [03/Nov/2016 15:46:55] "GET /v2.0/security-groups.json?tenant_id=3262c9a75a494be288b4d77608334e0d HTTP/1.1" 200 2187 0.092865
2016-11-03 15:46:56.990 28496 INFO neutron.wsgi [req-e4c771b4-6821-4e1a-87b8-31710f87fb7e fc0becc74871437581d1b3bb74cc6404 3262c9a75a494be288b4d77608334e0d - - -] 10.10.10.80 - - [03/Nov/2016 15:46:56] "GET /v2.0/networks.json?shared=False HTTP/1.1" 200 856 1.521626
2016-11-03 15:46:57.373 28496 INFO neutron.wsgi [req-b6d8d4b6-fd38-4750-b54e-d698e51edef0 fc0becc74871437581d1b3bb74cc6404 3262c9a75a494be288b4d77608334e0d - - -] 10.10.10.80 - - [03/Nov/2016 15:46:57] "GET /v2.0/subnets.json HTTP/1.1" 200 1351 0.332918
2016-11-03 15:46:57.757 28497 INFO neutron.wsgi [req-0ae0256c-f5da-4545-8b16-1a02347a1031 fc0becc74871437581d1b3bb74cc6404 3262c9a75a494be288b4d77608334e0d - - -] 10.10.10.80 - - [03/Nov/2016 15:46:57] "GET /v2.0/networks.json?shared=True HTTP/1.1" 200 872 0.373456
2016-11-03 15:46:58.027 28496 INFO neutron.wsgi [req-c0ed3937-1c68-44d8-9200-eccd6241e380 fc0becc74871437581d1b3bb74cc6404 3262c9a75a494be288b4d77608334e0d - - -] 10.10.10.80 - - [03/Nov/2016 15:46:58] "GET /v2.0/subnets.json HTTP/1.1" 200 1351 0.270484
2016-11-03 15:46:58.181 28497 INFO neutron.wsgi [req-5185e17f-3804-4c75-88ad-6fd3b74a0ff6 fc0becc74871437581d1b3bb74cc6404 3262c9a75a494be288b4d77608334e0d - - -] 10.10.10.80 - - [03/Nov/2016 15:46:58] "GET /v2.0/subnets.json HTTP/1.1" 200 1351 0.152021
2016-11-03 15:46:58.330 28496 INFO neutron.wsgi [req-7e73b444-b2bc-4791-99b2-ae3061471bf4 fc0becc74871437581d1b3bb74cc6404 3262c9a75a494be288b4d77608334e0d - - -] 10.10.10.80 - - [03/Nov/2016 15:46:58] "GET /v2.0/routers.json HTTP/1.1" 200 228 0.159366
```

	Ngoài ra, sau khi create sẽ xuất hiện log tại **/var/log/neutron/openvswitch-agent.log** trên Controller node:
```sh
2016-11-03 15:46:53.486 27907 INFO neutron.agent.securitygroups_rpc [req-a76d0ec9-a8f3-45a9-b557-c68837a328c5 - - - - -] Provider rule updated
2016-11-03 15:46:58.062 27907 INFO neutron.agent.securitygroups_rpc [req-9830cd37-247b-494e-a384-b499a2f8b329 - - - - -] Refresh firewall rules
2016-11-03 15:46:59.227 27907 INFO neutron.plugins.ml2.drivers.openvswitch.agent.ovs_neutron_agent [req-9830cd37-247b-494e-a384-b499a2f8b329 - - - - -] Configuration for devices up [] and devices down [] completed.
2016-11-03 15:47:00.989 27907 INFO neutron.plugins.ml2.drivers.openvswitch.agent.ovs_neutron_agent [req-9830cd37-247b-494e-a384-b499a2f8b329 - - - - -] Port 1bad3ac7-90f3-465d-bfea-1c3680fb4d5c updated. Details: {u'profile': {}, u'network_qos_policy_id': None, u'qos_policy_id': None, u'allowed_address_pairs': [], u'admin_state_up': True, u'network_id': u'6c3491fb-8901-4608-9e17-f70986595e23', u'segmentation_id': 385, u'device_owner': u'network:dhcp', u'physical_network': None, u'mac_address': u'fa:16:3e:9b:de:b2', u'device': u'1bad3ac7-90f3-465d-bfea-1c3680fb4d5c', u'port_security_enabled': False, u'port_id': u'1bad3ac7-90f3-465d-bfea-1c3680fb4d5c', u'fixed_ips': [{u'subnet_id': u'acb835d4-cb3d-44a9-a554-50f1b9f08556', u'ip_address': u'192.168.10.50'}], u'network_type': u'gre', u'security_groups': []}
2016-11-03 15:47:00.993 27907 INFO neutron.plugins.ml2.drivers.openvswitch.agent.ovs_neutron_agent [req-9830cd37-247b-494e-a384-b499a2f8b329 - - - - -] Assigning 2 as local vlan for net-id=6c3491fb-8901-4608-9e17-f70986595e23
2016-11-03 15:47:02.171 27907 INFO neutron.plugins.ml2.drivers.openvswitch.agent.ovs_neutron_agent [req-9830cd37-247b-494e-a384-b499a2f8b329 - - - - -] Skipping ARP spoofing rules for port 'tap1bad3ac7-90' because it has port security disabled
2016-11-03 15:47:04.235 27907 INFO neutron.plugins.ml2.drivers.openvswitch.agent.ovs_neutron_agent [req-9830cd37-247b-494e-a384-b499a2f8b329 - - - - -] Configuration for devices up [u'1bad3ac7-90f3-465d-bfea-1c3680fb4d5c'] and devices down [] completed.
```

	Log tại **/var/log/openvswitch/ovs-vswitchd.log**  trên Controller node:
```sh
2016-11-03T08:46:55.594Z|00186|bridge|INFO|bridge br-int: added interface tap1bad3ac7-90 on port 4
2016-11-03T08:46:58.956Z|00187|netdev_linux|WARN|tap1bad3ac7-90: removing policing failed: No such device
2016-11-03T08:46:58.995Z|00188|netdev_linux|INFO|ioctl(SIOCGIFHWADDR) on tap1bad3ac7-90 device failed: No such device
2016-11-03T08:46:59.053Z|00189|netdev_linux|WARN|ioctl(SIOCGIFINDEX) on tap1bad3ac7-90 device failed: No such device
2016-11-03T08:47:01.170Z|00190|connmgr|INFO|br-tun<->unix: 1 flow_mods in the last 0 s (1 adds)
2016-11-03T08:47:01.572Z|00191|netdev_linux|WARN|tap1bad3ac7-90: removing policing failed: No such device
2016-11-03T08:47:02.396Z|00192|connmgr|INFO|br-int<->unix: 1 flow_mods in the last 0 s (1 deletes)
2016-11-03T08:47:02.541Z|00193|ofp_util|INFO|normalization changed ofp_match, details:
2016-11-03T08:47:02.541Z|00194|ofp_util|INFO| pre: in_port=4,nw_proto=58,tp_src=136
2016-11-03T08:47:02.541Z|00195|ofp_util|INFO|post: in_port=4
2016-11-03T08:47:02.541Z|00196|connmgr|INFO|br-int<->unix: 1 flow_mods in the last 0 s (1 deletes)
2016-11-03T08:47:02.713Z|00197|connmgr|INFO|br-int<->unix: 1 flow_mods in the last 0 s (1 deletes)
2016-11-03T08:47:02.954Z|00198|connmgr|INFO|br-int<->unix: 1 flow_mods in the last 0 s (1 deletes)
2016-11-03T08:47:03.230Z|00199|connmgr|INFO|br-int<->unix: 1 flow_mods in the last 0 s (1 deletes)
```	

	Và log tại **/var/log/neutron/openvswitch-agent.log** trên Compute node:
```sh
2016-10-27 15:55:40.370 65813 INFO neutron.agent.securitygroups_rpc [req-a76d0ec9-a8f3-45a9-b557-c68837a328c5 - - - - -] Provider rule updated
2016-10-27 15:55:43.916 65813 INFO neutron.agent.securitygroups_rpc [req-c5be491a-0477-4a42-8394-000e80000334 - - - - -] Refresh firewall rules
2016-10-27 15:55:45.550 65813 INFO neutron.plugins.ml2.drivers.openvswitch.agent.ovs_neutron_agent [req-c5be491a-0477-4a42-8394-000e80000334 - - - - -] Configuration for devices up [] and devices down [] completed.
```

	- click router trong *project -> network -> routers*
```sh
2016-11-03 15:51:28.339 28497 INFO neutron.wsgi [req-dd959ab4-0c0d-4c08-ae5f-0ab7617e1de3 fc0becc74871437581d1b3bb74cc6404 3262c9a75a494be288b4d77608334e0d - - -] 10.10.10.80 - - [03/Nov/2016 15:51:28] "GET /v2.0/routers.json?tenant_id=3262c9a75a494be288b4d77608334e0d&search_opts=None HTTP/1.1" 200 228 3.178261
2016-11-03 15:51:28.549 28497 INFO neutron.wsgi [req-21f2309c-1675-4892-b7c2-814b70d881d3 fc0becc74871437581d1b3bb74cc6404 3262c9a75a494be288b4d77608334e0d - - -] 10.10.10.80 - - [03/Nov/2016 15:51:28] "GET /v2.0/networks.json?router%3Aexternal=True HTTP/1.1" 200 872 0.198901
2016-11-03 15:51:28.753 28496 INFO neutron.wsgi [req-e90383f8-2800-4cb4-82c4-d17f669f078c fc0becc74871437581d1b3bb74cc6404 3262c9a75a494be288b4d77608334e0d - - -] 10.10.10.80 - - [03/Nov/2016 15:51:28] "GET /v2.0/subnets.json HTTP/1.1" 200 1351 0.186982
2016-11-03 15:51:30.027 28496 INFO neutron.wsgi [req-b843c592-afb7-4c3c-b68f-258d1ddd646c fc0becc74871437581d1b3bb74cc6404 3262c9a75a494be288b4d77608334e0d - - -] 10.10.10.80 - - [03/Nov/2016 15:51:30] "GET /v2.0/extensions.json HTTP/1.1" 200 6007 0.015445
2016-11-03 15:51:30.451 28497 INFO neutron.wsgi [req-4036446d-45bc-48f1-93c7-edd5e98ec895 fc0becc74871437581d1b3bb74cc6404 3262c9a75a494be288b4d77608334e0d - - -] 10.10.10.80 - - [03/Nov/2016 15:51:30] "GET /v2.0/quotas/3262c9a75a494be288b4d77608334e0d.json HTTP/1.1" 200 385 0.021634
2016-11-03 15:51:31.332 28496 INFO neutron.wsgi [req-812a935b-2ca1-4c37-b26c-22b5d1576515 fc0becc74871437581d1b3bb74cc6404 3262c9a75a494be288b4d77608334e0d - - -] 10.10.10.80 - - [03/Nov/2016 15:51:31] "GET /v2.0/floatingips.json?tenant_id=3262c9a75a494be288b4d77608334e0d HTTP/1.1" 200 232 0.075506
2016-11-03 15:51:31.497 28497 INFO neutron.wsgi [req-15680a05-b9b7-465e-9de4-a93f77948a3b fc0becc74871437581d1b3bb74cc6404 3262c9a75a494be288b4d77608334e0d - - -] 10.10.10.80 - - [03/Nov/2016 15:51:31] "GET /v2.0/ports.json?tenant_id=3262c9a75a494be288b4d77608334e0d HTTP/1.1" 200 1974 0.140063
2016-11-03 15:51:31.696 28496 INFO neutron.wsgi [req-cdff2bd3-e706-4a8a-9508-d2f53f2812fa fc0becc74871437581d1b3bb74cc6404 3262c9a75a494be288b4d77608334e0d - - -] 10.10.10.80 - - [03/Nov/2016 15:51:31] "GET /v2.0/security-groups.json?tenant_id=3262c9a75a494be288b4d77608334e0d HTTP/1.1" 200 2187 0.147500
2016-11-03 15:51:32.208 28497 INFO neutron.wsgi [req-c8eac099-98f1-47c3-a6cd-d1638a68914d fc0becc74871437581d1b3bb74cc6404 3262c9a75a494be288b4d77608334e0d - - -] 10.10.10.80 - - [03/Nov/2016 15:51:32] "GET /v2.0/networks.json?shared=False HTTP/1.1" 200 856 0.340943
2016-11-03 15:51:32.406 28496 INFO neutron.wsgi [req-3c626c3b-7e64-4708-82f7-c92297e4c517 fc0becc74871437581d1b3bb74cc6404 3262c9a75a494be288b4d77608334e0d - - -] 10.10.10.80 - - [03/Nov/2016 15:51:32] "GET /v2.0/subnets.json HTTP/1.1" 200 1351 0.165941
2016-11-03 15:51:32.564 28497 INFO neutron.wsgi [req-e8a234f7-5fb7-4f83-be54-7e24df54490e fc0becc74871437581d1b3bb74cc6404 3262c9a75a494be288b4d77608334e0d - - -] 10.10.10.80 - - [03/Nov/2016 15:51:32] "GET /v2.0/networks.json?shared=True HTTP/1.1" 200 872 0.144523
2016-11-03 15:51:32.689 28496 INFO neutron.wsgi [req-7bd749f0-d0fc-46fb-a8fb-93637d4c99da fc0becc74871437581d1b3bb74cc6404 3262c9a75a494be288b4d77608334e0d - - -] 10.10.10.80 - - [03/Nov/2016 15:51:32] "GET /v2.0/subnets.json HTTP/1.1" 200 1351 0.094571
2016-11-03 15:51:32.845 28496 INFO neutron.wsgi [req-0501b973-acb9-4775-a880-aa146a60b251 fc0becc74871437581d1b3bb74cc6404 3262c9a75a494be288b4d77608334e0d - - -] 10.10.10.80 - - [03/Nov/2016 15:51:32] "GET /v2.0/subnets.json HTTP/1.1" 200 1351 0.149555
2016-11-03 15:51:33.044 28497 INFO neutron.wsgi [req-ec38fd96-aeb5-4708-a94f-fc254b4747ee fc0becc74871437581d1b3bb74cc6404 3262c9a75a494be288b4d77608334e0d - - -] 10.10.10.80 - - [03/Nov/2016 15:51:33] "GET /v2.0/routers.json HTTP/1.1" 200 228 0.181362
```

	- click create router:
```sh
2016-11-03 15:52:03.865 28496 INFO neutron.wsgi [req-7ce1f8a5-769b-4ebd-b84d-75600253a80f fc0becc74871437581d1b3bb74cc6404 3262c9a75a494be288b4d77608334e0d - - -] 10.10.10.80 - - [03/Nov/2016 15:52:03] "GET /v2.0/networks.json?router%3Aexternal=True HTTP/1.1" 200 872 0.209526
2016-11-03 15:52:04.068 28497 INFO neutron.wsgi [req-cec8f0bd-251d-4251-ae8b-08e8984ba125 fc0becc74871437581d1b3bb74cc6404 3262c9a75a494be288b4d77608334e0d - - -] 10.10.10.80 - - [03/Nov/2016 15:52:04] "GET /v2.0/subnets.json HTTP/1.1" 200 1351 0.192823
```

	- create router xong:
```sh
2016-11-03 15:52:58.752 28497 INFO neutron.wsgi [req-e04625df-1077-4d54-a39f-5c4eabcb1063 fc0becc74871437581d1b3bb74cc6404 3262c9a75a494be288b4d77608334e0d - - -] 10.10.10.80 - - [03/Nov/2016 15:52:58] "GET /v2.0/networks.json?router%3Aexternal=True HTTP/1.1" 200 872 0.408361
2016-11-03 15:52:58.973 28496 INFO neutron.wsgi [req-54ebfd51-2828-428b-afbc-37a4e1c5e04e fc0becc74871437581d1b3bb74cc6404 3262c9a75a494be288b4d77608334e0d - - -] 10.10.10.80 - - [03/Nov/2016 15:52:58] "GET /v2.0/subnets.json HTTP/1.1" 200 1351 0.204896
2016-11-03 15:52:59.360 28497 INFO neutron.wsgi [req-999d5d81-29e2-4728-89db-b6ba50dfaba0 fc0becc74871437581d1b3bb74cc6404 3262c9a75a494be288b4d77608334e0d - - -] 10.10.10.80 - - [03/Nov/2016 15:52:59] "POST /v2.0/routers.json HTTP/1.1" 201 544 0.373011
2016-11-03 15:53:01.597 28496 INFO neutron.wsgi [req-53339ea2-dc2f-45d3-a5b6-1529586ea11d fc0becc74871437581d1b3bb74cc6404 3262c9a75a494be288b4d77608334e0d - - -] 10.10.10.80 - - [03/Nov/2016 15:53:01] "PUT /v2.0/routers/119cbe06-6852-443f-8118-7f35e19c3abe.json HTTP/1.1" 200 720 2.236887
2016-11-03 15:53:02.147 28496 INFO neutron.wsgi [req-41797d47-2bfb-4040-8bd5-a585a062d699 fc0becc74871437581d1b3bb74cc6404 3262c9a75a494be288b4d77608334e0d - - -] 10.10.10.80 - - [03/Nov/2016 15:53:02] "GET /v2.0/routers.json?tenant_id=3262c9a75a494be288b4d77608334e0d&search_opts=None HTTP/1.1" 200 729 0.256946
2016-11-03 15:53:02.540 28497 INFO neutron.wsgi [req-d70e439e-3234-4cfb-af4a-5cdf45481020 fc0becc74871437581d1b3bb74cc6404 3262c9a75a494be288b4d77608334e0d - - -] 10.10.10.80 - - [03/Nov/2016 15:53:02] "GET /v2.0/networks.json?router%3Aexternal=True HTTP/1.1" 200 872 0.390940
2016-11-03 15:53:02.826 28496 INFO neutron.wsgi [req-7cd50c2f-8c57-48ec-9c33-f7967e3dd877 fc0becc74871437581d1b3bb74cc6404 3262c9a75a494be288b4d77608334e0d - - -] 10.10.10.80 - - [03/Nov/2016 15:53:02] "GET /v2.0/subnets.json HTTP/1.1" 200 1351 0.283745
2016-11-03 15:53:03.412 28497 INFO neutron.wsgi [req-a6dc7b54-3ecd-4af1-bb0b-66ceec0fc104 fc0becc74871437581d1b3bb74cc6404 3262c9a75a494be288b4d77608334e0d - - -] 10.10.10.80 - - [03/Nov/2016 15:53:03] "GET /v2.0/extensions.json HTTP/1.1" 200 6007 0.017687
2016-11-03 15:53:03.786 28497 INFO neutron.wsgi [req-51f0b524-da01-42ee-b434-7078932195fc fc0becc74871437581d1b3bb74cc6404 3262c9a75a494be288b4d77608334e0d - - -] 10.10.10.80 - - [03/Nov/2016 15:53:03] "GET /v2.0/quotas/3262c9a75a494be288b4d77608334e0d.json HTTP/1.1" 200 385 0.023266
2016-11-03 15:53:04.782 28497 INFO neutron.wsgi [req-7834f317-c801-4a42-8cda-4c742aa2ad45 fc0becc74871437581d1b3bb74cc6404 3262c9a75a494be288b4d77608334e0d - - -] 10.10.10.80 - - [03/Nov/2016 15:53:04] "GET /v2.0/floatingips.json?tenant_id=3262c9a75a494be288b4d77608334e0d HTTP/1.1" 200 232 0.125353
2016-11-03 15:53:04.937 28496 INFO neutron.wsgi [req-797e5bc8-a110-4095-830c-35fd4900b266 fc0becc74871437581d1b3bb74cc6404 3262c9a75a494be288b4d77608334e0d - - -] 10.10.10.80 - - [03/Nov/2016 15:53:04] "GET /v2.0/ports.json?tenant_id=3262c9a75a494be288b4d77608334e0d HTTP/1.1" 200 1974 0.151827
2016-11-03 15:53:05.120 28497 INFO neutron.wsgi [req-4d9a5e31-fc30-4ddc-b095-628fa8ad05ed fc0becc74871437581d1b3bb74cc6404 3262c9a75a494be288b4d77608334e0d - - -] 10.10.10.80 - - [03/Nov/2016 15:53:05] "GET /v2.0/security-groups.json?tenant_id=3262c9a75a494be288b4d77608334e0d HTTP/1.1" 200 2187 0.178625
2016-11-03 15:53:05.460 28496 INFO neutron.wsgi [req-72bb416c-e841-47cd-a23c-6b8137133f4c fc0becc74871437581d1b3bb74cc6404 3262c9a75a494be288b4d77608334e0d - - -] 10.10.10.80 - - [03/Nov/2016 15:53:05] "GET /v2.0/networks.json?shared=False HTTP/1.1" 200 856 0.346213
2016-11-03 15:53:05.707 28497 INFO neutron.wsgi [req-8bc46855-751b-44e2-b65b-dbec4c3ba1c2 fc0becc74871437581d1b3bb74cc6404 3262c9a75a494be288b4d77608334e0d - - -] 10.10.10.80 - - [03/Nov/2016 15:53:05] "GET /v2.0/subnets.json HTTP/1.1" 200 1351 0.238371
2016-11-03 15:53:06.432 28496 INFO neutron.wsgi [req-059f99e9-cb20-4d0c-a08b-299d4c950b28 fc0becc74871437581d1b3bb74cc6404 3262c9a75a494be288b4d77608334e0d - - -] 10.10.10.80 - - [03/Nov/2016 15:53:06] "GET /v2.0/networks.json?shared=True HTTP/1.1" 200 872 0.710114
2016-11-03 15:53:06.574 28497 INFO neutron.wsgi [req-33fea946-8dc5-4513-bace-98a39c999fcb fc0becc74871437581d1b3bb74cc6404 3262c9a75a494be288b4d77608334e0d - - -] 10.10.10.80 - - [03/Nov/2016 15:53:06] "GET /v2.0/subnets.json HTTP/1.1" 200 1351 0.129624
2016-11-03 15:53:06.726 28496 INFO neutron.wsgi [req-a2c3ecde-5cee-4876-811e-b93b154be032 fc0becc74871437581d1b3bb74cc6404 3262c9a75a494be288b4d77608334e0d - - -] 10.10.10.80 - - [03/Nov/2016 15:53:06] "GET /v2.0/subnets.json HTTP/1.1" 200 1351 0.151178
2016-11-03 15:53:06.995 28497 INFO neutron.wsgi [req-ba631bec-1e3e-46c8-be50-1b9242b13688 fc0becc74871437581d1b3bb74cc6404 3262c9a75a494be288b4d77608334e0d - - -] 10.10.10.80 - - [03/Nov/2016 15:53:06] "GET /v2.0/routers.json HTTP/1.1" 200 729 0.238078
```

	Ngoài ra, sau khi create sẽ xuất hiện log tại **/var/log/neutron/openvswitch-agent.log** trên Controller node:
```sh
2016-11-03 15:53:15.921 27907 INFO neutron.plugins.ml2.drivers.openvswitch.agent.ovs_neutron_agent [req-9830cd37-247b-494e-a384-b499a2f8b329 - - - - -] Port f572d4d3-e16c-4ca0-97c6-6c3b2c94e5c3 updated. Details: {u'profile': {}, u'network_qos_policy_id': None, u'qos_policy_id': None, u'allowed_address_pairs': [], u'admin_state_up': True, u'network_id': u'f3dfe7a0-bff6-4562-964f-5f3539b63961', u'segmentation_id': 301, u'device_owner': u'network:router_gateway', u'physical_network': None, u'mac_address': u'fa:16:3e:f7:a0:9f', u'device': u'f572d4d3-e16c-4ca0-97c6-6c3b2c94e5c3', u'port_security_enabled': False, u'port_id': u'f572d4d3-e16c-4ca0-97c6-6c3b2c94e5c3', u'fixed_ips': [{u'subnet_id': u'786c63a0-18fe-4753-aab0-995df0d24a06', u'ip_address': u'172.16.69.201'}], u'network_type': u'gre', u'security_groups': []}
2016-11-03 15:53:16.807 27907 INFO neutron.plugins.ml2.drivers.openvswitch.agent.ovs_neutron_agent [req-9830cd37-247b-494e-a384-b499a2f8b329 - - - - -] Skipping ARP spoofing rules for port 'qg-f572d4d3-e1' because it has port security disabled
2016-11-03 15:53:18.697 27907 INFO neutron.plugins.ml2.drivers.openvswitch.agent.ovs_neutron_agent [req-9830cd37-247b-494e-a384-b499a2f8b329 - - - - -] Configuration for devices up [u'f572d4d3-e16c-4ca0-97c6-6c3b2c94e5c3'] and devices down [] completed.
```

	Log tại **/var/log/openvswitch/ovs-vswitchd.log**  trên Controller node:
```sh
2016-11-03T08:53:13.193Z|00200|bridge|INFO|bridge br-int: added interface qg-f572d4d3-e1 on port 5
2016-11-03T08:53:13.861Z|00201|netdev_linux|WARN|qg-f572d4d3-e1: removing policing failed: No such device
2016-11-03T08:53:13.934Z|00202|netdev_linux|INFO|ioctl(SIOCGIFHWADDR) on qg-f572d4d3-e1 device failed: No such device
2016-11-03T08:53:14.008Z|00203|netdev_linux|WARN|ioctl(SIOCGIFINDEX) on qg-f572d4d3-e1 device failed: No such device
2016-11-03T08:53:16.203Z|00204|netdev_linux|WARN|qg-f572d4d3-e1: removing policing failed: No such device
2016-11-03T08:53:16.977Z|00205|connmgr|INFO|br-int<->unix: 1 flow_mods in the last 0 s (1 deletes)
2016-11-03T08:53:17.501Z|00206|ofp_util|INFO|normalization changed ofp_match, details:
2016-11-03T08:53:17.501Z|00207|ofp_util|INFO| pre: in_port=5,nw_proto=58,tp_src=136
2016-11-03T08:53:17.501Z|00208|ofp_util|INFO|post: in_port=5
2016-11-03T08:53:17.502Z|00209|connmgr|INFO|br-int<->unix: 1 flow_mods in the last 0 s (1 deletes)
2016-11-03T08:53:17.783Z|00210|connmgr|INFO|br-int<->unix: 1 flow_mods in the last 0 s (1 deletes)
2016-11-03T08:53:17.958Z|00211|connmgr|INFO|br-int<->unix: 1 flow_mods in the last 0 s (1 deletes)
2016-11-03T08:53:18.124Z|00212|connmgr|INFO|br-int<->unix: 1 flow_mods in the last 0 s (1 deletes)
```

	- click modify *Radmin* vừa tạo:
```sh
2016-11-03 15:56:10.971 28496 INFO neutron.wsgi [req-a0b29cf6-614d-4704-8752-a671d4479189 fc0becc74871437581d1b3bb74cc6404 3262c9a75a494be288b4d77608334e0d - - -] 10.10.10.80 - - [03/Nov/2016 15:56:10] "GET /v2.0/routers/119cbe06-6852-443f-8118-7f35e19c3abe.json HTTP/1.1" 200 726 0.199272
2016-11-03 15:56:12.100 28496 INFO neutron.wsgi [req-7e534024-dc51-4232-b4fc-c02555b6101e fc0becc74871437581d1b3bb74cc6404 3262c9a75a494be288b4d77608334e0d - - -] 10.10.10.80 - - [03/Nov/2016 15:56:12] "GET /v2.0/networks/f3dfe7a0-bff6-4562-964f-5f3539b63961.json HTTP/1.1" 200 869 1.120912
2016-11-03 15:56:12.383 28497 INFO neutron.wsgi [req-50d92e7d-96b3-4fd7-b5f3-8655f599e3e1 fc0becc74871437581d1b3bb74cc6404 3262c9a75a494be288b4d77608334e0d - - -] 10.10.10.80 - - [03/Nov/2016 15:56:12] "GET /v2.0/ports.json?device_id=119cbe06-6852-443f-8118-7f35e19c3abe HTTP/1.1" 200 1036 0.160162
2016-11-03 15:56:12.456 28496 INFO neutron.wsgi [req-4a67172c-1cf0-46fd-a740-1b04f18071f5 fc0becc74871437581d1b3bb74cc6404 3262c9a75a494be288b4d77608334e0d - - -] 10.10.10.80 - - [03/Nov/2016 15:56:12] "GET /v2.0/extensions.json HTTP/1.1" 200 6007 0.012663
```


	- click add interface
```sh
2016-11-03 15:58:39.973 28497 INFO neutron.wsgi [req-32503a24-d6b4-43db-9921-e9447095202f fc0becc74871437581d1b3bb74cc6404 3262c9a75a494be288b4d77608334e0d - - -] 10.10.10.80 - - [03/Nov/2016 15:58:39] "GET /v2.0/routers/119cbe06-6852-443f-8118-7f35e19c3abe.json HTTP/1.1" 200 726 0.118414
2016-11-03 15:58:40.135 28496 INFO neutron.wsgi [req-06cd4501-6143-44e4-93d0-10bad8ab9b25 fc0becc74871437581d1b3bb74cc6404 3262c9a75a494be288b4d77608334e0d - - -] 10.10.10.80 - - [03/Nov/2016 15:58:40] "GET /v2.0/networks.json?shared=False&tenant_id=3262c9a75a494be288b4d77608334e0d HTTP/1.1" 200 856 0.149603
2016-11-03 15:58:40.313 28497 INFO neutron.wsgi [req-d0a44f3e-0d10-44ea-b546-3b42b2387b77 fc0becc74871437581d1b3bb74cc6404 3262c9a75a494be288b4d77608334e0d - - -] 10.10.10.80 - - [03/Nov/2016 15:58:40] "GET /v2.0/subnets.json HTTP/1.1" 200 1351 0.152807
2016-11-03 15:58:41.228 28496 INFO neutron.wsgi [req-edeb656b-c277-4be1-a530-996afa310c79 fc0becc74871437581d1b3bb74cc6404 3262c9a75a494be288b4d77608334e0d - - -] 10.10.10.80 - - [03/Nov/2016 15:58:41] "GET /v2.0/networks.json?shared=True HTTP/1.1" 200 872 0.901925
2016-11-03 15:58:41.543 28497 INFO neutron.wsgi [req-7d7c1b14-c72a-4474-8527-b7f0dbe6766d fc0becc74871437581d1b3bb74cc6404 3262c9a75a494be288b4d77608334e0d - - -] 10.10.10.80 - - [03/Nov/2016 15:58:41] "GET /v2.0/subnets.json HTTP/1.1" 200 1351 0.294679
2016-11-03 15:58:41.656 28496 INFO neutron.wsgi [req-f21ca297-bfbe-4d32-aac5-122df3835d89 fc0becc74871437581d1b3bb74cc6404 3262c9a75a494be288b4d77608334e0d - - -] 10.10.10.80 - - [03/Nov/2016 15:58:41] "GET /v2.0/ports.json?device_id=119cbe06-6852-443f-8118-7f35e19c3abe HTTP/1.1" 200 1036 0.107704
```

	- click submit:
```sh
2016-11-03 15:59:27.775 28497 INFO neutron.wsgi [req-c9bb673a-59e8-4c06-b735-f089be3f8b2c fc0becc74871437581d1b3bb74cc6404 3262c9a75a494be288b4d77608334e0d - - -] 10.10.10.80 - - [03/Nov/2016 15:59:27] "GET /v2.0/routers/119cbe06-6852-443f-8118-7f35e19c3abe.json HTTP/1.1" 200 726 0.141670
2016-11-03 15:59:28.398 28496 INFO neutron.wsgi [req-1ad025d7-20d0-4745-b890-a60941b85007 fc0becc74871437581d1b3bb74cc6404 3262c9a75a494be288b4d77608334e0d - - -] 10.10.10.80 - - [03/Nov/2016 15:59:28] "GET /v2.0/networks.json?shared=False&tenant_id=3262c9a75a494be288b4d77608334e0d HTTP/1.1" 200 856 0.612990
2016-11-03 15:59:28.546 28497 INFO neutron.wsgi [req-1415a9c6-d2b6-4759-8c0f-2c5ed93990f2 fc0becc74871437581d1b3bb74cc6404 3262c9a75a494be288b4d77608334e0d - - -] 10.10.10.80 - - [03/Nov/2016 15:59:28] "GET /v2.0/subnets.json HTTP/1.1" 200 1351 0.143985
2016-11-03 15:59:28.716 28496 INFO neutron.wsgi [req-67e97675-573d-40f8-9d2f-87a048f7a655 fc0becc74871437581d1b3bb74cc6404 3262c9a75a494be288b4d77608334e0d - - -] 10.10.10.80 - - [03/Nov/2016 15:59:28] "GET /v2.0/networks.json?shared=True HTTP/1.1" 200 872 0.146583
2016-11-03 15:59:28.914 28497 INFO neutron.wsgi [req-069acc1a-901c-48b8-81bf-68a96d3fbf77 fc0becc74871437581d1b3bb74cc6404 3262c9a75a494be288b4d77608334e0d - - -] 10.10.10.80 - - [03/Nov/2016 15:59:28] "GET /v2.0/subnets.json HTTP/1.1" 200 1351 0.185561
2016-11-03 15:59:29.016 28497 INFO neutron.wsgi [req-101996ca-048d-41c9-a731-b11cc62b351e fc0becc74871437581d1b3bb74cc6404 3262c9a75a494be288b4d77608334e0d - - -] 10.10.10.80 - - [03/Nov/2016 15:59:29] "GET /v2.0/ports.json?device_id=119cbe06-6852-443f-8118-7f35e19c3abe HTTP/1.1" 200 1036 0.090198
2016-11-03 15:59:31.056 28496 INFO neutron.wsgi [req-cca8064f-1226-4244-b1fe-15c3f01e36ea fc0becc74871437581d1b3bb74cc6404 3262c9a75a494be288b4d77608334e0d - - -] 10.10.10.80 - - [03/Nov/2016 15:59:31] "PUT /v2.0/routers/119cbe06-6852-443f-8118-7f35e19c3abe/add_router_interface.json HTTP/1.1" 200 523 1.997551
2016-11-03 15:59:31.385 28496 INFO neutron.wsgi [req-62a9e49f-affa-4d13-bd2e-91f15ac17323 fc0becc74871437581d1b3bb74cc6404 3262c9a75a494be288b4d77608334e0d - - -] 10.10.10.80 - - [03/Nov/2016 15:59:31] "GET /v2.0/ports/6e2d27eb-673c-4be6-8923-1bcc47dc0a36.json HTTP/1.1" 200 1013 0.322698
2016-11-03 15:59:31.935 28496 INFO neutron.wsgi [req-3ae3bba7-ede5-41c3-97ff-680ee61de839 fc0becc74871437581d1b3bb74cc6404 3262c9a75a494be288b4d77608334e0d - - -] 10.10.10.80 - - [03/Nov/2016 15:59:31] "GET /v2.0/routers/119cbe06-6852-443f-8118-7f35e19c3abe.json HTTP/1.1" 200 726 0.424205
2016-11-03 15:59:32.463 28497 INFO neutron.wsgi [req-cd716a7e-f871-486d-8529-f28ab57c544c fc0becc74871437581d1b3bb74cc6404 3262c9a75a494be288b4d77608334e0d - - -] 10.10.10.80 - - [03/Nov/2016 15:59:32] "GET /v2.0/networks/f3dfe7a0-bff6-4562-964f-5f3539b63961.json HTTP/1.1" 200 869 0.523092
2016-11-03 15:59:32.911 28496 INFO neutron.wsgi [req-3cba5f23-2a97-4ec8-8834-abf2fbc8ec18 fc0becc74871437581d1b3bb74cc6404 3262c9a75a494be288b4d77608334e0d - - -] 10.10.10.80 - - [03/Nov/2016 15:59:32] "GET /v2.0/ports.json?device_id=119cbe06-6852-443f-8118-7f35e19c3abe HTTP/1.1" 200 1828 0.459767
2016-11-03 15:59:32.947 28497 INFO neutron.wsgi [req-447b34d0-5513-4935-92fd-f7534997db07 fc0becc74871437581d1b3bb74cc6404 3262c9a75a494be288b4d77608334e0d - - -] 10.10.10.80 - - [03/Nov/2016 15:59:32] "GET /v2.0/extensions.json HTTP/1.1" 200 6007 0.028877
```

	Ngoài ra xuất hiện thêm log ở các file **/var/log/neutron/dhcp-agent.log** trên controller
```sh
2016-11-03 15:59:31.067 24274 INFO neutron.agent.dhcp.agent [req-cca8064f-1226-4244-b1fe-15c3f01e36ea fc0becc74871437581d1b3bb74cc6404 3262c9a75a494be288b4d77608334e0d - - -] Trigger reload_allocations for port admin_state_up=True, allowed_address_pairs=[], binding:host_id=, binding:profile=, binding:vif_details=, binding:vif_type=unbound, binding:vnic_type=normal, created_at=2016-11-03T08:59:29, description=, device_id=119cbe06-6852-443f-8118-7f35e19c3abe, device_owner=network:router_interface, dns_name=None, extra_dhcp_opts=[], fixed_ips=[{u'subnet_id': u'acb835d4-cb3d-44a9-a554-50f1b9f08556', u'ip_address': u'192.168.10.1'}], id=6e2d27eb-673c-4be6-8923-1bcc47dc0a36, mac_address=fa:16:3e:fc:46:f6, name=, network_id=6c3491fb-8901-4608-9e17-f70986595e23, port_security_enabled=False, security_groups=[], status=DOWN, tenant_id=3262c9a75a494be288b4d77608334e0d, updated_at=2016-11-03T08:59:29
```

	Log tại file **/var/log/neutron/l3-agent.log**
```sh
2016-11-03 15:59:36.679 25054 INFO neutron.agent.linux.interface [-] Device qg-f572d4d3-e1 already exists
```

	Log tại file **/var/log/neutron/openvswitch-agent.log** trên Controller node:
```sh
2016-11-03 15:59:35.365 27907 INFO neutron.plugins.ml2.drivers.openvswitch.agent.ovs_neutron_agent [req-9830cd37-247b-494e-a384-b499a2f8b329 - - - - -] Port 6e2d27eb-673c-4be6-8923-1bcc47dc0a36 updated. Details: {u'profile': {}, u'network_qos_policy_id': None, u'qos_policy_id': None, u'allowed_address_pairs': [], u'admin_state_up': True, u'network_id': u'6c3491fb-8901-4608-9e17-f70986595e23', u'segmentation_id': 385, u'device_owner': u'network:router_interface', u'physical_network': None, u'mac_address': u'fa:16:3e:fc:46:f6', u'device': u'6e2d27eb-673c-4be6-8923-1bcc47dc0a36', u'port_security_enabled': False, u'port_id': u'6e2d27eb-673c-4be6-8923-1bcc47dc0a36', u'fixed_ips': [{u'subnet_id': u'acb835d4-cb3d-44a9-a554-50f1b9f08556', u'ip_address': u'192.168.10.1'}], u'network_type': u'gre', u'security_groups': []}
2016-11-03 15:59:36.054 27907 INFO neutron.agent.securitygroups_rpc [req-9830cd37-247b-494e-a384-b499a2f8b329 - - - - -] Refresh firewall rules
2016-11-03 15:59:36.672 27907 INFO neutron.plugins.ml2.drivers.openvswitch.agent.ovs_neutron_agent [req-9830cd37-247b-494e-a384-b499a2f8b329 - - - - -] Skipping ARP spoofing rules for port 'qr-6e2d27eb-67' because it has port security disabled
2016-11-03 15:59:38.522 27907 INFO neutron.plugins.ml2.drivers.openvswitch.agent.ovs_neutron_agent [req-9830cd37-247b-494e-a384-b499a2f8b329 - - - - -] Configuration for devices up [u'6e2d27eb-673c-4be6-8923-1bcc47dc0a36'] and devices down [] completed.
```
	
	Log tại **/var/log/openvswitch/ovs-vswitchd.log**  trên Controller node:
```sh
2016-11-03T08:59:34.212Z|00213|bridge|INFO|bridge br-int: added interface qr-6e2d27eb-67 on port 6
2016-11-03T08:59:34.911Z|00214|netdev_linux|INFO|ioctl(SIOCGIFHWADDR) on qr-6e2d27eb-67 device failed: No such device
2016-11-03T08:59:34.928Z|00215|netdev_linux|WARN|ioctl(SIOCGIFINDEX) on qr-6e2d27eb-67 device failed: No such device
2016-11-03T08:59:34.928Z|00216|netdev_linux|WARN|qr-6e2d27eb-67: removing policing failed: No such device
2016-11-03T08:59:36.903Z|00217|connmgr|INFO|br-int<->unix: 1 flow_mods in the last 0 s (1 deletes)
2016-11-03T08:59:37.076Z|00218|ofp_util|INFO|normalization changed ofp_match, details:
2016-11-03T08:59:37.076Z|00219|ofp_util|INFO| pre: in_port=6,nw_proto=58,tp_src=136
2016-11-03T08:59:37.076Z|00220|ofp_util|INFO|post: in_port=6
2016-11-03T08:59:37.076Z|00221|connmgr|INFO|br-int<->unix: 1 flow_mods in the last 0 s (1 deletes)
2016-11-03T08:59:37.223Z|00222|connmgr|INFO|br-int<->unix: 1 flow_mods in the last 0 s (1 deletes)
2016-11-03T08:59:37.380Z|00223|connmgr|INFO|br-int<->unix: 1 flow_mods in the last 0 s (1 deletes)
2016-11-03T08:59:37.769Z|00224|connmgr|INFO|br-int<->unix: 1 flow_mods in the last 0 s (1 deletes)
```

	- click instances trong *Project -> Compute -> Instances*:
```sh
2016-11-03 16:03:38.119 28496 INFO neutron.wsgi [req-f63810fa-5112-4cc7-b29f-cadb9df0f76b fc0becc74871437581d1b3bb74cc6404 3262c9a75a494be288b4d77608334e0d - - -] 10.10.10.80 - - [03/Nov/2016 16:03:38] "GET /v2.0/extensions.json HTTP/1.1" 200 6007 0.020938
```

	- click launch instance:
```sh
2016-11-03 16:04:40.133 28497 INFO neutron.wsgi [req-e479b3c3-e27e-4af3-a2cd-bd4628516f5a fc0becc74871437581d1b3bb74cc6404 3262c9a75a494be288b4d77608334e0d - - -] 10.10.10.80 - - [03/Nov/2016 16:04:40] "GET /v2.0/extensions.json HTTP/1.1" 200 6007 0.060393
2016-11-03 16:04:40.616 28496 INFO neutron.wsgi [req-fe0134b2-54f5-4667-a7e0-77e331c624fa fc0becc74871437581d1b3bb74cc6404 3262c9a75a494be288b4d77608334e0d - - -] 10.10.10.80 - - [03/Nov/2016 16:04:40] "GET /v2.0/security-groups.json?tenant_id=3262c9a75a494be288b4d77608334e0d HTTP/1.1" 200 2187 0.462366
2016-11-03 16:04:43.286 28497 INFO neutron.wsgi [req-7e4fa05b-a616-4ff8-bff4-abcab98394d0 fc0becc74871437581d1b3bb74cc6404 3262c9a75a494be288b4d77608334e0d - - -] 10.10.10.80 - - [03/Nov/2016 16:04:43] "GET /v2.0/networks.json?shared=False&tenant_id=3262c9a75a494be288b4d77608334e0d HTTP/1.1" 200 856 0.296546
2016-11-03 16:04:43.681 28496 INFO neutron.wsgi [req-b485b816-5003-4230-b72e-77cb12d1c70d fc0becc74871437581d1b3bb74cc6404 3262c9a75a494be288b4d77608334e0d - - -] 10.10.10.80 - - [03/Nov/2016 16:04:43] "GET /v2.0/subnets.json HTTP/1.1" 200 1351 0.341924
2016-11-03 16:04:43.904 28496 INFO neutron.wsgi [req-bdf01a57-020a-4bc0-ad75-82f82ec97837 fc0becc74871437581d1b3bb74cc6404 3262c9a75a494be288b4d77608334e0d - - -] 10.10.10.80 - - [03/Nov/2016 16:04:43] "GET /v2.0/networks.json?shared=True HTTP/1.1" 200 872 0.213269
2016-11-03 16:04:44.090 28497 INFO neutron.wsgi [req-4cb5ff5a-1323-4482-9577-ffe7f36446ee fc0becc74871437581d1b3bb74cc6404 3262c9a75a494be288b4d77608334e0d - - -] 10.10.10.80 - - [03/Nov/2016 16:04:44] "GET /v2.0/subnets.json HTTP/1.1" 200 1351 0.178276
2016-11-03 16:04:44.701 28496 INFO neutron.wsgi [req-1458ad89-f2a9-4e24-95c5-59ba6d1fd8ba fc0becc74871437581d1b3bb74cc6404 3262c9a75a494be288b4d77608334e0d - - -] 10.10.10.80 - - [03/Nov/2016 16:04:44] "GET /v2.0/ports.json?network_id=6c3491fb-8901-4608-9e17-f70986595e23 HTTP/1.1" 200 1944 0.199948
2016-11-03 16:04:44.884 28496 INFO neutron.wsgi [req-861d490d-fc7f-49c9-aefe-936e7b06b512 fc0becc74871437581d1b3bb74cc6404 3262c9a75a494be288b4d77608334e0d - - -] 10.10.10.80 - - [03/Nov/2016 16:04:44] "GET /v2.0/ports.json?network_id=f3dfe7a0-bff6-4562-964f-5f3539b63961 HTTP/1.1" 200 1911 0.178149
```


	- complete launch instance:
```sh
2016-11-03 16:06:34.580 28496 INFO neutron.wsgi [req-f9df3d66-2362-4506-85db-20f97246de95 fc0becc74871437581d1b3bb74cc6404 3262c9a75a494be288b4d77608334e0d - - -] 10.10.10.80 - - [03/Nov/2016 16:06:34] "GET /v2.0/security-groups.json?fields=id&id=35a92ab4-ed7c-4917-82f6-67a4b70db22e HTTP/1.1" 200 282 0.325645
2016-11-03 16:06:34.728 28496 INFO neutron.wsgi [req-b6bdbc4f-4025-4a5f-b524-3da5d54b4c4b fc0becc74871437581d1b3bb74cc6404 3262c9a75a494be288b4d77608334e0d - - -] 10.10.10.80 - - [03/Nov/2016 16:06:34] "GET /v2.0/security-groups/35a92ab4-ed7c-4917-82f6-67a4b70db22e.json HTTP/1.1" 200 2184 0.093739
2016-11-03 16:06:35.581 28496 INFO neutron.wsgi [req-6bbd7339-5e37-464e-b5d5-0009e9af8249 fc0becc74871437581d1b3bb74cc6404 3262c9a75a494be288b4d77608334e0d - - -] 10.10.10.80 - - [03/Nov/2016 16:06:35] "GET /v2.0/networks.json?id=6c3491fb-8901-4608-9e17-f70986595e23 HTTP/1.1" 200 856 0.846542
2016-11-03 16:06:35.709 28496 INFO neutron.wsgi [req-5093cf43-458a-4073-a905-2336247d3188 fc0becc74871437581d1b3bb74cc6404 3262c9a75a494be288b4d77608334e0d - - -] 10.10.10.80 - - [03/Nov/2016 16:06:35] "GET /v2.0/quotas/3262c9a75a494be288b4d77608334e0d.json HTTP/1.1" 200 385 0.126454
2016-11-03 16:06:36.059 28496 INFO neutron.wsgi [req-1217a540-6df9-43c9-8444-3dff13ca1168 fc0becc74871437581d1b3bb74cc6404 3262c9a75a494be288b4d77608334e0d - - -] 10.10.10.80 - - [03/Nov/2016 16:06:36] "GET /v2.0/ports.json?fields=id&tenant_id=3262c9a75a494be288b4d77608334e0d HTTP/1.1" 200 369 0.345995
2016-11-03 16:06:47.809 28496 INFO neutron.wsgi [req-3d01bd75-a85f-410a-a61b-56b796e502e4 fc0becc74871437581d1b3bb74cc6404 3262c9a75a494be288b4d77608334e0d - - -] 10.10.10.80 - - [03/Nov/2016 16:06:47] "GET /v2.0/ports.json?device_id=8028f0be-4bf7-42c5-9857-ee35250beb15 HTTP/1.1" 200 226 0.198748
2016-11-03 16:06:54.262 28496 INFO neutron.wsgi [req-4e69eabf-70b6-4b93-ba8b-04b76dca4c94 fc0becc74871437581d1b3bb74cc6404 3262c9a75a494be288b4d77608334e0d - - -] 10.10.10.80 - - [03/Nov/2016 16:06:54] "GET /v2.0/ports.json?device_id=8028f0be-4bf7-42c5-9857-ee35250beb15 HTTP/1.1" 200 226 0.111703
2016-11-03 16:06:54.588 28497 INFO neutron.wsgi [req-536498af-7382-4f02-b9e6-dca401a143af fc0becc74871437581d1b3bb74cc6404 3262c9a75a494be288b4d77608334e0d - - -] 10.10.10.80 - - [03/Nov/2016 16:06:54] "GET /v2.0/ports.json?device_id=8028f0be-4bf7-42c5-9857-ee35250beb15 HTTP/1.1" 200 226 0.183312
2016-11-03 16:06:54.647 28496 INFO neutron.wsgi [req-63f617bd-50ef-4fef-b2f9-165267f14a15 fc0becc74871437581d1b3bb74cc6404 3262c9a75a494be288b4d77608334e0d - - -] 10.10.10.80 - - [03/Nov/2016 16:06:54] "GET /v2.0/floatingips.json?tenant_id=3262c9a75a494be288b4d77608334e0d HTTP/1.1" 200 232 0.052334
2016-11-03 16:06:54.756 28497 INFO neutron.wsgi [req-eefc078c-e0c2-4dcb-8222-27bc14bf379d fc0becc74871437581d1b3bb74cc6404 3262c9a75a494be288b4d77608334e0d - - -] 10.10.10.80 - - [03/Nov/2016 16:06:54] "GET /v2.0/ports.json?tenant_id=3262c9a75a494be288b4d77608334e0d HTTP/1.1" 200 2818 0.094760
