# 1 Check log của Neutron

Lần đầu sau khi cài đặt xong OpenStack, có thể kiểm tra các dòng log xuất hiện lần đầu trong file log của các thành phần

Câu lệnh cài đặt Neutron theo mô hình selfservice tại node Controller
```sh
apt-get -y install neutron-server neutron-plugin-ml2 \
    neutron-plugin-openvswitch-agent neutron-l3-agent \
    neutron-dhcp-agent neutron-metadata-agent  \
    python-neutronclient ipset
```

Sau khi cài đặt xong thì log sẽ được lưu tại 02 nơi là
```sh
root@controller1:# cd /var/log/neutron
root@controller1:# cd /var/log/openvswitch
```

Tại thư mục */var/log/neutron* sẽ có các file log sau:
```sh
-rw-r--r--  1 neutron neutron  15336 Nov  3 12:12 dhcp-agent.log
-rw-r--r--  1 neutron neutron   8943 Nov  3 12:13 l3-agent.log
-rw-r--r--  1 neutron neutron  12201 Nov  3 12:44 neutron-metadata-agent.log
-rw-r--r--  1 neutron neutron 536758 Nov  3 14:18 neutron-server.log
-rw-r--r--  1 neutron neutron  30046 Nov  3 12:44 openvswitch-agent.log
-rw-r--r--  1 neutron neutron    728 Nov  3 12:42 ovs-cleanup.log
```

Tại thư mục */var/log/openvswitch* sẽ có các file log sau:
```sh
-rw-r--r--  1 root root      689 Nov  3 12:40 ovs-ctl.log
-rw-r--r--  1 root root      787 Nov  3 12:40 ovsdb-server.log
-rw-r--r--  1 root root   101698 Nov  3 12:42 ovs-vswitchd.log
```

Bây giờ ta sẽ lần lượt kiểm tra log của các file trong thư mục */var/log/neutron*

----

- Đối với file **/var/log/neutron/dhcp-agent.log**, ta sẽ kiểm tra trường hợp restart dhcp agent để xem log nào sẽ được xuất ra
```sh
root@controller1:/var/log/neutron# service neutron-dhcp-agent restart
stop: Unknown instance: 
neutron-dhcp-agent start/running, process 23122
```

Log được xuất ra sau lệnh restart trên như sau:
```sh
2016-11-03 12:12:40.168 27203 ERROR neutron.agent.dhcp.agent     message = self.waiters.get(msg_id, timeout=timeout)
2016-11-03 12:12:40.168 27203 ERROR neutron.agent.dhcp.agent   File "/usr/lib/python2.7/dist-packages/oslo_messaging/_drivers/amqpdriver.py", line 244, in get
2016-11-03 12:12:40.168 27203 ERROR neutron.agent.dhcp.agent     'to message ID %s' % msg_id)
2016-11-03 12:12:40.168 27203 ERROR neutron.agent.dhcp.agent MessagingTimeout: Timed out waiting for a reply to message ID 55f9fa7e4c3149749d58b6274612428a
2016-11-03 12:12:40.168 27203 ERROR neutron.agent.dhcp.agent 
2016-11-03 12:12:41.008 27203 WARNING oslo.service.loopingcall [req-47f290ce-5cec-44ee-90ad-bbec45c7db0c - - - - -] Function 'neutron.agent.dhcp.agent.DhcpAgentWithStateReport._report_state' run outlasted interval by 82.53 sec
2016-11-03 12:12:41.701 27203 INFO neutron.agent.dhcp.agent [req-fe8ce7ce-aa1e-4147-a3a8-727b36e9cf51 - - - - -] Agent has just been revived. Scheduling full sync
2016-11-03 12:12:42.734 27203 INFO neutron.agent.dhcp.agent [-] Synchronizing state
2016-11-03 12:12:49.471 27203 INFO neutron.agent.dhcp.agent [-] All active networks have been fetched through RPC.
2016-11-03 12:12:49.472 27203 INFO neutron.agent.dhcp.agent [-] Synchronizing state complete
2016-11-03 14:22:44.462 23122 INFO neutron.common.config [-] Logging enabled!
2016-11-03 14:22:44.463 23122 INFO neutron.common.config [-] /usr/bin/neutron-dhcp-agent version 8.2.0
2016-11-03 14:22:44.547 23122 INFO neutron.agent.dhcp.agent [-] Synchronizing state
2016-11-03 14:22:44.626 23122 INFO neutron.agent.dhcp.agent [req-009dc640-0f90-4cda-aba8-f8116ec0c3e3 - - - - -] Agent has just been revived. Scheduling full sync
2016-11-03 14:22:45.870 23122 INFO neutron.agent.dhcp.agent [-] All active networks have been fetched through RPC.
2016-11-03 14:22:45.871 23122 INFO neutron.agent.dhcp.agent [-] Synchronizing state complete
2016-11-03 14:22:45.897 23122 INFO neutron.agent.dhcp.agent [req-009dc640-0f90-4cda-aba8-f8116ec0c3e3 - - - - -] Synchronizing state
2016-11-03 14:22:45.937 23122 INFO neutron.agent.dhcp.agent [-] DHCP agent started
2016-11-03 14:22:46.136 23122 INFO neutron.agent.dhcp.agent [req-009dc640-0f90-4cda-aba8-f8116ec0c3e3 - - - - -] All active networks have been fetched through RPC.
2016-11-03 14:22:46.137 23122 INFO neutron.agent.dhcp.agent [req-009dc640-0f90-4cda-aba8-f8116ec0c3e3 - - - - -] Synchronizing state complete
2016-11-03 14:22:51.141 23122 INFO neutron.agent.dhcp.agent [-] Synchronizing state
2016-11-03 14:22:51.513 23122 INFO neutron.agent.dhcp.agent [-] All active networks have been fetched through RPC.
2016-11-03 14:22:51.515 23122 INFO neutron.agent.dhcp.agent [-] Synchronizing state complete
```

Ta kiểm tra lệnh trên thấy hệ thống xuất ra là chưa thấy dhcp agent chạy, hệ thống sẽ chạy dhcp lần đầu, bây giờ ta thực hiện restart lần 2 để xem log:
```sh
root@controller1:/var/log/neutron# service neutron-dhcp-agent restart
neutron-dhcp-agent stop/waiting
neutron-dhcp-agent start/running, process 24274

Log:
2016-11-03 14:28:25.865 24274 INFO neutron.common.config [-] Logging enabled!
2016-11-03 14:28:25.997 24274 INFO neutron.common.config [-] /usr/bin/neutron-dhcp-agent version 8.2.0
2016-11-03 14:28:26.061 24274 INFO neutron.agent.dhcp.agent [-] Synchronizing state
2016-11-03 14:28:26.372 24274 INFO neutron.agent.dhcp.agent [-] All active networks have been fetched through RPC.
2016-11-03 14:28:26.374 24274 INFO neutron.agent.dhcp.agent [-] Synchronizing state complete
2016-11-03 14:28:26.408 24274 INFO neutron.agent.dhcp.agent [req-939d3edf-4e78-46d3-becd-0a1ec0a9f51f - - - - -] Synchronizing state
2016-11-03 14:28:26.463 24274 INFO neutron.agent.dhcp.agent [-] DHCP agent started
2016-11-03 14:28:26.661 24274 INFO neutron.agent.dhcp.agent [req-939d3edf-4e78-46d3-becd-0a1ec0a9f51f - - - - -] All active networks have been fetched through RPC.
2016-11-03 14:28:26.662 24274 INFO neutron.agent.dhcp.agent [req-939d3edf-4e78-46d3-becd-0a1ec0a9f51f - - - - -] Synchronizing state complete
```

----

- Ta kiểm tra log của file **/var/log/neutron/l3-agent.log** trong trường hợp restart l3 sẽ xuất ra như sao:
```sh
root@controller1:/var/log/neutron# service neutron-l3-agent restart
stop: Unknown instance: 
neutron-l3-agent start/running, process 23943
```

Log được xuất ra sau lệnh restart trên như sau:
```sh
2016-11-03 12:13:07.391 27256 ERROR neutron.agent.l3.agent   File "/usr/lib/python2.7/dist-packages/oslo_messaging/_drivers/amqpdriver.py", line 459, in _send
2016-11-03 12:13:07.391 27256 ERROR neutron.agent.l3.agent     result = self._waiter.wait(msg_id, timeout)
2016-11-03 12:13:07.391 27256 ERROR neutron.agent.l3.agent   File "/usr/lib/python2.7/dist-packages/oslo_messaging/_drivers/amqpdriver.py", line 342, in wait
2016-11-03 12:13:07.391 27256 ERROR neutron.agent.l3.agent     message = self.waiters.get(msg_id, timeout=timeout)
2016-11-03 12:13:07.391 27256 ERROR neutron.agent.l3.agent   File "/usr/lib/python2.7/dist-packages/oslo_messaging/_drivers/amqpdriver.py", line 244, in get
2016-11-03 12:13:07.391 27256 ERROR neutron.agent.l3.agent     'to message ID %s' % msg_id)
2016-11-03 12:13:07.391 27256 ERROR neutron.agent.l3.agent MessagingTimeout: Timed out waiting for a reply to message ID 899c792a3b56449fa1e9d276d42a1324
2016-11-03 12:13:07.391 27256 ERROR neutron.agent.l3.agent 
2016-11-03 12:13:07.481 27256 WARNING oslo.service.loopingcall [-] Function 'neutron.agent.l3.agent.L3NATAgentWithStateReport._report_state' run outlasted interval by 106.48 sec
2016-11-03 12:13:07.544 27256 INFO neutron.agent.l3.agent [-] Agent has just been revived. Doing a full sync.
2016-11-03 14:26:51.857 23943 INFO neutron.common.config [-] Logging enabled!
2016-11-03 14:26:51.858 23943 INFO neutron.common.config [-] /usr/bin/neutron-l3-agent version 8.2.0
2016-11-03 14:26:52.085 23943 INFO eventlet.wsgi.server [-] (23943) wsgi starting up on http:/var/lib/neutron/keepalived-state-change
2016-11-03 14:26:52.106 23943 INFO neutron.agent.l3.agent [-] Agent has just been revived. Doing a full sync.
2016-11-03 14:26:52.124 23943 INFO neutron.agent.l3.agent [-] L3 agent started
```

Cũng tương tự như lệnh restart dhcp, lệnh này cũng báo là l3 chưa được chạy, và chạy lần đầu, giờ ta thực hiện restart lại l3 agent.
```sh
root@controller1:/var/log/neutron# service neutron-l3-agent restart
neutron-l3-agent stop/waiting
neutron-l3-agent start/running, process 25054

Log:
2016-11-03 14:32:18.742 25054 INFO neutron.common.config [-] Logging enabled!
2016-11-03 14:32:18.744 25054 INFO neutron.common.config [-] /usr/bin/neutron-l3-agent version 8.2.0
2016-11-03 14:32:19.024 25054 INFO eventlet.wsgi.server [-] (25054) wsgi starting up on http:/var/lib/neutron/keepalived-state-change
2016-11-03 14:32:19.057 25054 INFO neutron.agent.l3.agent [-] L3 agent started
```

----

- Ta kiểm tra log của file **/var/log/neutron/neutron-metadata-agent.log** khi thực hiện lệnh restart metadata agent.
```sh
root@controller1:/var/log/neutron# service neutron-metadata-agent restart
neutron-metadata-agent stop/waiting
neutron-metadata-agent start/running, process 25374
```

Log được xuất ra như sau:
```sh
2016-11-03 12:44:19.559 1318 ERROR neutron.agent.metadata.agent     retry=retry)
2016-11-03 12:44:19.559 1318 ERROR neutron.agent.metadata.agent   File "/usr/lib/python2.7/dist-packages/oslo_messaging/_drivers/amqpdriver.py", line 459, in _send
2016-11-03 12:44:19.559 1318 ERROR neutron.agent.metadata.agent     result = self._waiter.wait(msg_id, timeout)
2016-11-03 12:44:19.559 1318 ERROR neutron.agent.metadata.agent   File "/usr/lib/python2.7/dist-packages/oslo_messaging/_drivers/amqpdriver.py", line 342, in wait
2016-11-03 12:44:19.559 1318 ERROR neutron.agent.metadata.agent     message = self.waiters.get(msg_id, timeout=timeout)
2016-11-03 12:44:19.559 1318 ERROR neutron.agent.metadata.agent   File "/usr/lib/python2.7/dist-packages/oslo_messaging/_drivers/amqpdriver.py", line 244, in get
2016-11-03 12:44:19.559 1318 ERROR neutron.agent.metadata.agent     'to message ID %s' % msg_id)
2016-11-03 12:44:19.559 1318 ERROR neutron.agent.metadata.agent MessagingTimeout: Timed out waiting for a reply to message ID d3a5ad8e560843ebbd91a03032e1c0ff
2016-11-03 12:44:19.559 1318 ERROR neutron.agent.metadata.agent 
2016-11-03 12:44:19.653 1318 WARNING oslo.service.loopingcall [-] Function 'neutron.agent.metadata.agent.UnixDomainMetadataProxy._report_state' run outlasted interval by 100.05 sec
2016-11-03 14:33:47.243 2233 INFO eventlet.wsgi.server [-] (2233) wsgi exited, is_accepting=True
2016-11-03 14:33:47.823 1318 INFO oslo_service.service [req-c4c07163-224b-4058-ad1a-b0b96af8256c - - - - -] Caught SIGTERM, stopping children
2016-11-03 14:33:47.826 1318 INFO oslo_service.service [req-c4c07163-224b-4058-ad1a-b0b96af8256c - - - - -] Waiting on 1 children to exit
2016-11-03 14:33:47.828 1318 INFO oslo_service.service [req-c4c07163-224b-4058-ad1a-b0b96af8256c - - - - -] Child 2233 exited with status 0
2016-11-03 14:33:50.340 25374 INFO neutron.common.config [-] Logging enabled!
2016-11-03 14:33:50.341 25374 INFO neutron.common.config [-] /usr/bin/neutron-metadata-agent version 8.2.0
2016-11-03 14:33:50.353 25374 INFO oslo_service.service [req-3f3f2d63-3e96-4f57-a911-10aead129d5b - - - - -] Starting 1 workers
2016-11-03 14:33:50.364 25390 INFO eventlet.wsgi.server [-] (25390) wsgi starting up on http:/var/lib/neutron/metadata_proxy
```

Ta cũng thực hiện restat lại metadata agent lần 2 để kiểm tra log:
```sh
root@controller1:/var/log/neutron# service neutron-metadata-agent restart
neutron-metadata-agent stop/waiting
neutron-metadata-agent start/running, process 25662

Log:
2016-11-03 14:35:09.017 25390 INFO eventlet.wsgi.server [-] (25390) wsgi exited, is_accepting=True
2016-11-03 14:35:09.447 25374 INFO oslo_service.service [req-3f3f2d63-3e96-4f57-a911-10aead129d5b - - - - -] Caught SIGTERM, stopping children
2016-11-03 14:35:09.452 25374 INFO oslo_service.service [req-3f3f2d63-3e96-4f57-a911-10aead129d5b - - - - -] Waiting on 1 children to exit
2016-11-03 14:35:09.455 25374 INFO oslo_service.service [req-3f3f2d63-3e96-4f57-a911-10aead129d5b - - - - -] Child 25390 exited with status 0
2016-11-03 14:35:11.949 25662 INFO neutron.common.config [-] Logging enabled!
2016-11-03 14:35:11.950 25662 INFO neutron.common.config [-] /usr/bin/neutron-metadata-agent version 8.2.0
2016-11-03 14:35:12.019 25662 INFO oslo_service.service [req-5004a601-d563-43cf-97b4-bab141f1d51e - - - - -] Starting 1 workers
2016-11-03 14:35:12.038 25680 INFO eventlet.wsgi.server [-] (25680) wsgi starting up on http:/var/lib/neutron/metadata_proxy
```

----

- Ta kiểm tra log của file **/var/log/neutron/openvswitch-agent.log** sau lệnh restart OVS agent:
```sh
root@controller1:/var/log/neutron# service neutron-openvswitch-agent restart
neutron-openvswitch-agent stop/waiting
neutron-openvswitch-agent start/running, process 26788
```

Log được xuất ra như sau:
```sh
2016-11-03 14:40:54.480 2248 ERROR neutron.agent.linux.async_process [-] Error received from [ovsdb-client monitor Interface name,ofport,external_ids --format=json]: 2016-11-03T07:40:54Z|00001|fatal_signal|WARN|terminating with signal 15 (Terminated)
2016-11-03 14:40:54.484 2248 ERROR neutron.agent.linux.async_process [-] Process [ovsdb-client monitor Interface name,ofport,external_ids --format=json] dies due to the error: 2016-11-03T07:40:54Z|00001|fatal_signal|WARN|terminating with signal 15 (Terminated)
2016-11-03 14:40:55.683 2248 INFO neutron.plugins.ml2.drivers.openvswitch.agent.ovs_neutron_agent [req-150711cb-545e-4669-bf60-5785f3be7562 - - - - -] Agent caught SIGTERM, quitting daemon loop.
2016-11-03 14:40:58.420 26788 INFO neutron.common.config [-] Logging enabled!
2016-11-03 14:40:58.422 26788 INFO neutron.common.config [-] /usr/bin/neutron-openvswitch-agent version 8.2.0
2016-11-03 14:40:59.632 26788 INFO neutron.plugins.ml2.drivers.openvswitch.agent.ovs_neutron_agent [req-d36607fb-b3d5-45d0-a886-0c732162e70b - - - - -] Mapping physical network external to bridge br-ex
2016-11-03 14:41:02.473 26788 INFO neutron.agent.l2.extensions.manager [req-d36607fb-b3d5-45d0-a886-0c732162e70b - - - - -] Loaded agent extensions: []
2016-11-03 14:41:03.876 26788 INFO neutron.plugins.ml2.drivers.openvswitch.agent.ovs_neutron_agent [req-d36607fb-b3d5-45d0-a886-0c732162e70b - - - - -] Agent initialized successfully, now running... 
2016-11-03 14:41:04.086 26788 INFO neutron.plugins.ml2.drivers.openvswitch.agent.ovs_neutron_agent [req-d36607fb-b3d5-45d0-a886-0c732162e70b - - - - -] Configuring tunnel endpoints to other OVS agents
```

Ta cũng thấy sau lệnh restart trên thì file log **/var/log/openvswitch/ovs-vswitchd.log** cũng xuất hiện log sau:
```sh
2016-11-03T07:40:59.280Z|00038|connmgr|INFO|br-int<->unix: 1 flow_mods in the last 0 s (1 adds)
2016-11-03T07:40:59.394Z|00039|connmgr|INFO|br-int<->unix: 1 flow_mods in the last 0 s (1 adds)
2016-11-03T07:40:59.501Z|00040|connmgr|INFO|br-int<->unix: 1 flow_mods in the last 0 s (1 adds)
2016-11-03T07:41:00.161Z|00041|connmgr|INFO|br-ex<->unix: 1 flow_mods in the last 0 s (1 adds)
2016-11-03T07:41:00.966Z|00042|connmgr|INFO|br-int<->unix: 1 flow_mods in the last 0 s (1 adds)
2016-11-03T07:41:01.070Z|00043|connmgr|INFO|br-ex<->unix: 1 flow_mods in the last 0 s (1 adds)
2016-11-03T07:41:02.780Z|00044|connmgr|INFO|br-tun<->unix: 9 flow_mods in the last 0 s (9 adds)
2016-11-03T07:41:02.907Z|00045|connmgr|INFO|br-tun<->unix: 1 flow_mods in the last 0 s (1 adds)
```

Ngoài ra file **/var/log/neutron/neutron-server.log** cũng có dòng log:
```sh
2016-11-03 14:45:25.004 3072 WARNING neutron.plugins.ml2.drivers.type_tunnel [req-9830cd37-247b-494e-a384-b499a2f8b329 - - - - -] Endpoint with ip 10.10.10.80 already exists
```

----

- Ta kiểm tra file log **/var/log/neutron/neutron-server.log** sau khi restart lại neutron server:
```sh
root@controller1:/var/log/neutron# service neutron-server restart
neutron-server stop/waiting
neutron-server start/running, process 28472
```

Có rất nhiều log xuất ra:
```sh
2016-11-03 14:47:28.020 3068 INFO neutron.wsgi [-] (3068) wsgi exited, is_accepting=True
2016-11-03 14:47:28.021 3067 INFO neutron.wsgi [-] (3067) wsgi exited, is_accepting=True
2016-11-03 14:47:28.875 1250 INFO oslo_service.service [-] Caught SIGTERM, stopping children
2016-11-03 14:47:28.879 1250 INFO oslo_service.service [-] Waiting on 2 children to exit
2016-11-03 14:47:28.881 1250 INFO oslo_service.service [-] Child 3067 exited with status 0
2016-11-03 14:47:28.884 1250 INFO oslo_service.service [-] Child 3068 exited with status 0
2016-11-03 14:47:28.887 1250 INFO oslo_service.service [-] Wait called after thread killed. Cleaning up.
2016-11-03 14:47:28.899 1250 INFO oslo_service.service [-] Waiting on 2 children to exit
2016-11-03 14:47:28.921 1250 INFO oslo_service.service [-] Child 3074 killed by signal 15
2016-11-03 14:47:28.924 1250 INFO oslo_service.service [-] Child 3072 killed by signal 15
2016-11-03 14:47:31.964 28472 INFO neutron.common.config [-] Logging enabled!
2016-11-03 14:47:31.966 28472 INFO neutron.common.config [-] /usr/bin/neutron-server version 8.2.0
2016-11-03 14:47:31.969 28472 INFO neutron.common.config [-] Logging enabled!
2016-11-03 14:47:31.969 28472 INFO neutron.common.config [-] /usr/bin/neutron-server version 8.2.0
2016-11-03 14:47:31.994 28472 INFO neutron.manager [-] Loading core plugin: ml2
2016-11-03 14:47:32.366 28472 INFO neutron.plugins.ml2.managers [-] Configured type driver names: ['flat', 'vlan', 'vxlan', 'gre']
2016-11-03 14:47:32.374 28472 INFO neutron.plugins.ml2.drivers.type_flat [-] Allowable flat physical_network names: ['external']
2016-11-03 14:47:32.477 28472 INFO neutron.plugins.ml2.drivers.type_vlan [-] Network VLAN ranges: {}
2016-11-03 14:47:32.508 28472 INFO neutron.plugins.ml2.managers [-] Loaded type driver names: ['flat', 'vlan', 'gre', 'vxlan']
2016-11-03 14:47:32.510 28472 INFO neutron.plugins.ml2.managers [-] Registered types: ['flat', 'vlan', 'gre', 'vxlan']
2016-11-03 14:47:32.512 28472 INFO neutron.plugins.ml2.managers [-] Tenant network_types: ['vlan', 'gre', 'vxlan']
2016-11-03 14:47:32.514 28472 INFO neutron.plugins.ml2.managers [-] Configured extension driver names: ['port_security']
2016-11-03 14:47:32.531 28472 INFO neutron.plugins.ml2.managers [-] Loaded extension driver names: ['port_security']
2016-11-03 14:47:32.532 28472 INFO neutron.plugins.ml2.managers [-] Registered extension drivers: ['port_security']
2016-11-03 14:47:32.534 28472 INFO neutron.plugins.ml2.managers [-] Configured mechanism driver names: ['openvswitch', 'l2population']
2016-11-03 14:47:32.545 28472 INFO neutron.plugins.ml2.managers [-] Loaded mechanism driver names: ['openvswitch', 'l2population']
2016-11-03 14:47:32.547 28472 INFO neutron.plugins.ml2.managers [-] Registered mechanism drivers: ['openvswitch', 'l2population']
2016-11-03 14:47:32.667 28472 INFO neutron.plugins.ml2.managers [-] Initializing driver for type 'flat'
2016-11-03 14:47:32.668 28472 INFO neutron.plugins.ml2.drivers.type_flat [-] ML2 FlatTypeDriver initialization complete
2016-11-03 14:47:32.669 28472 INFO neutron.plugins.ml2.managers [-] Initializing driver for type 'vlan'
2016-11-03 14:47:32.863 28472 INFO neutron.plugins.ml2.drivers.type_vlan [-] VlanTypeDriver initialization complete
2016-11-03 14:47:32.863 28472 INFO neutron.plugins.ml2.managers [-] Initializing driver for type 'gre'
2016-11-03 14:47:32.865 28472 INFO neutron.plugins.ml2.drivers.type_tunnel [-] gre ID ranges: [(300, 400)]
2016-11-03 14:47:32.876 28472 INFO neutron.plugins.ml2.managers [-] Initializing driver for type 'vxlan'
2016-11-03 14:47:32.877 28472 INFO neutron.plugins.ml2.drivers.type_tunnel [-] vxlan ID ranges: []
2016-11-03 14:47:32.884 28472 INFO neutron.plugins.ml2.managers [-] Initializing extension driver 'port_security'
2016-11-03 14:47:32.885 28472 INFO neutron.plugins.ml2.extensions.port_security [-] PortSecurityExtensionDriver initialization complete
2016-11-03 14:47:32.886 28472 INFO neutron.plugins.ml2.managers [-] Initializing mechanism driver 'openvswitch'
2016-11-03 14:47:32.888 28472 INFO neutron.plugins.ml2.managers [-] Initializing mechanism driver 'l2population'
2016-11-03 14:47:32.892 28472 INFO neutron.plugins.ml2.plugin [req-b1b3c599-4995-4cc7-a954-3a1bdcfde8d9 - - - - -] Modular L2 Plugin initialization complete
2016-11-03 14:47:32.893 28472 INFO neutron.plugins.ml2.managers [req-b1b3c599-4995-4cc7-a954-3a1bdcfde8d9 - - - - -] Got port-security extension from driver 'port_security'
2016-11-03 14:47:32.895 28472 INFO neutron.extensions.vlantransparent [req-b1b3c599-4995-4cc7-a954-3a1bdcfde8d9 - - - - -] Disabled vlantransparent extension.
2016-11-03 14:47:32.897 28472 INFO neutron.manager [req-b1b3c599-4995-4cc7-a954-3a1bdcfde8d9 - - - - -] Loading Plugin: router
2016-11-03 14:47:32.952 28472 INFO neutron.db.l3_agentschedulers_db [req-b1b3c599-4995-4cc7-a954-3a1bdcfde8d9 - - - - -] Skipping period L3 agent status check because automatic router rescheduling is disabled.
2016-11-03 14:47:33.014 28472 INFO neutron.manager [req-b1b3c599-4995-4cc7-a954-3a1bdcfde8d9 - - - - -] Loading Plugin: auto_allocate
2016-11-03 14:47:33.026 28472 INFO neutron.manager [req-b1b3c599-4995-4cc7-a954-3a1bdcfde8d9 - - - - -] Loading Plugin: tag
2016-11-03 14:47:33.035 28472 INFO neutron.manager [req-b1b3c599-4995-4cc7-a954-3a1bdcfde8d9 - - - - -] Loading Plugin: timestamp_core
2016-11-03 14:47:33.039 28472 INFO neutron.manager [req-b1b3c599-4995-4cc7-a954-3a1bdcfde8d9 - - - - -] Loading Plugin: network_ip_availability
2016-11-03 14:47:33.121 28472 INFO neutron.api.extensions [req-b1b3c599-4995-4cc7-a954-3a1bdcfde8d9 - - - - -] Initializing extension manager.
2016-11-03 14:47:33.125 28472 INFO neutron.api.extensions [req-b1b3c599-4995-4cc7-a954-3a1bdcfde8d9 - - - - -] Loaded extension: address-scope
2016-11-03 14:47:33.129 28472 INFO neutron.api.extensions [req-b1b3c599-4995-4cc7-a954-3a1bdcfde8d9 - - - - -] Loaded extension: agent
2016-11-03 14:47:33.133 28472 INFO neutron.api.extensions [req-b1b3c599-4995-4cc7-a954-3a1bdcfde8d9 - - - - -] Loaded extension: allowed-address-pairs
2016-11-03 14:47:33.137 28472 INFO neutron.api.extensions [req-b1b3c599-4995-4cc7-a954-3a1bdcfde8d9 - - - - -] Loaded extension: auto-allocated-topology
2016-11-03 14:47:33.140 28472 INFO neutron.api.extensions [req-b1b3c599-4995-4cc7-a954-3a1bdcfde8d9 - - - - -] Loaded extension: availability_zone
2016-11-03 14:47:33.144 28472 WARNING neutron.api.extensions [req-b1b3c599-4995-4cc7-a954-3a1bdcfde8d9 - - - - -] Extension bgp not supported by any of loaded plugins
2016-11-03 14:47:33.148 28472 WARNING neutron.api.extensions [req-b1b3c599-4995-4cc7-a954-3a1bdcfde8d9 - - - - -] Extension bgp_dragent_scheduler not supported by any of loaded plugins
2016-11-03 14:47:33.150 28472 INFO neutron.api.extensions [req-b1b3c599-4995-4cc7-a954-3a1bdcfde8d9 - - - - -] Loaded extension: default-subnetpools
2016-11-03 14:47:33.153 28472 INFO neutron.api.extensions [req-b1b3c599-4995-4cc7-a954-3a1bdcfde8d9 - - - - -] Loaded extension: dhcp_agent_scheduler
2016-11-03 14:47:33.155 28472 INFO neutron.api.extensions [req-b1b3c599-4995-4cc7-a954-3a1bdcfde8d9 - - - - -] Loaded extension: dns-integration
2016-11-03 14:47:33.158 28472 INFO neutron.api.extensions [req-b1b3c599-4995-4cc7-a954-3a1bdcfde8d9 - - - - -] Loaded extension: dvr
2016-11-03 14:47:33.160 28472 INFO neutron.api.extensions [req-b1b3c599-4995-4cc7-a954-3a1bdcfde8d9 - - - - -] Loaded extension: external-net
2016-11-03 14:47:33.162 28472 INFO neutron.api.extensions [req-b1b3c599-4995-4cc7-a954-3a1bdcfde8d9 - - - - -] Loaded extension: extra_dhcp_opt
2016-11-03 14:47:33.165 28472 INFO neutron.api.extensions [req-b1b3c599-4995-4cc7-a954-3a1bdcfde8d9 - - - - -] Loaded extension: extraroute
2016-11-03 14:47:33.168 28472 WARNING neutron.api.extensions [req-b1b3c599-4995-4cc7-a954-3a1bdcfde8d9 - - - - -] Extension flavors not supported by any of loaded plugins
2016-11-03 14:47:33.171 28472 INFO neutron.api.extensions [req-b1b3c599-4995-4cc7-a954-3a1bdcfde8d9 - - - - -] Loaded extension: router
2016-11-03 14:47:33.175 28472 INFO neutron.api.extensions [req-b1b3c599-4995-4cc7-a954-3a1bdcfde8d9 - - - - -] Loaded extension: ext-gw-mode
2016-11-03 14:47:33.178 28472 INFO neutron.api.extensions [req-b1b3c599-4995-4cc7-a954-3a1bdcfde8d9 - - - - -] Loaded extension: l3-ha
2016-11-03 14:47:33.182 28472 INFO neutron.api.extensions [req-b1b3c599-4995-4cc7-a954-3a1bdcfde8d9 - - - - -] Loaded extension: l3_agent_scheduler
2016-11-03 14:47:33.186 28472 WARNING neutron.api.extensions [req-b1b3c599-4995-4cc7-a954-3a1bdcfde8d9 - - - - -] Extension metering not supported by any of loaded plugins
2016-11-03 14:47:33.189 28472 INFO neutron.api.extensions [req-b1b3c599-4995-4cc7-a954-3a1bdcfde8d9 - - - - -] Loaded extension: multi-provider
2016-11-03 14:47:33.192 28472 INFO neutron.api.extensions [req-b1b3c599-4995-4cc7-a954-3a1bdcfde8d9 - - - - -] Loaded extension: net-mtu
2016-11-03 14:47:33.195 28472 INFO neutron.api.extensions [req-b1b3c599-4995-4cc7-a954-3a1bdcfde8d9 - - - - -] Loaded extension: network_availability_zone
2016-11-03 14:47:33.197 28472 INFO neutron.api.extensions [req-b1b3c599-4995-4cc7-a954-3a1bdcfde8d9 - - - - -] Loaded extension: network-ip-availability
2016-11-03 14:47:33.200 28472 INFO neutron.api.extensions [req-b1b3c599-4995-4cc7-a954-3a1bdcfde8d9 - - - - -] Loaded extension: binding
2016-11-03 14:47:33.204 28472 INFO neutron.api.extensions [req-b1b3c599-4995-4cc7-a954-3a1bdcfde8d9 - - - - -] Loaded extension: port-security
2016-11-03 14:47:33.207 28472 INFO neutron.api.extensions [req-b1b3c599-4995-4cc7-a954-3a1bdcfde8d9 - - - - -] Loaded extension: provider
2016-11-03 14:47:33.210 28472 WARNING neutron.api.extensions [req-b1b3c599-4995-4cc7-a954-3a1bdcfde8d9 - - - - -] Extension qos not supported by any of loaded plugins
2016-11-03 14:47:33.213 28472 INFO neutron.api.extensions [req-b1b3c599-4995-4cc7-a954-3a1bdcfde8d9 - - - - -] Loaded extension: quotas
2016-11-03 14:47:33.217 28472 INFO neutron.api.extensions [req-b1b3c599-4995-4cc7-a954-3a1bdcfde8d9 - - - - -] Loaded extension: rbac-policies
2016-11-03 14:47:33.220 28472 INFO neutron.api.extensions [req-b1b3c599-4995-4cc7-a954-3a1bdcfde8d9 - - - - -] Loaded extension: router_availability_zone
2016-11-03 14:47:33.222 28472 WARNING neutron.api.extensions [req-b1b3c599-4995-4cc7-a954-3a1bdcfde8d9 - - - - -] Extension router-service-type not supported by any of loaded plugins
2016-11-03 14:47:33.228 28472 INFO neutron.api.extensions [req-b1b3c599-4995-4cc7-a954-3a1bdcfde8d9 - - - - -] Loaded extension: security-group
2016-11-03 14:47:33.232 28472 WARNING neutron.api.extensions [req-b1b3c599-4995-4cc7-a954-3a1bdcfde8d9 - - - - -] Extension service-type not supported by any of loaded plugins
2016-11-03 14:47:33.239 28472 INFO neutron.api.extensions [req-b1b3c599-4995-4cc7-a954-3a1bdcfde8d9 - - - - -] Loaded extension: standard-attr-description
2016-11-03 14:47:33.242 28472 INFO neutron.api.extensions [req-b1b3c599-4995-4cc7-a954-3a1bdcfde8d9 - - - - -] Loaded extension: subnet_allocation
2016-11-03 14:47:33.245 28472 INFO neutron.api.extensions [req-b1b3c599-4995-4cc7-a954-3a1bdcfde8d9 - - - - -] Loaded extension: tag
2016-11-03 14:47:33.248 28472 INFO neutron.api.extensions [req-b1b3c599-4995-4cc7-a954-3a1bdcfde8d9 - - - - -] Loaded extension: timestamp_core
2016-11-03 14:47:33.250 28472 WARNING neutron.api.extensions [req-b1b3c599-4995-4cc7-a954-3a1bdcfde8d9 - - - - -] Extension vlan-transparent not supported by any of loaded plugins
2016-11-03 14:47:33.368 28472 INFO neutron.quota.resource_registry [req-b1b3c599-4995-4cc7-a954-3a1bdcfde8d9 - - - - -] Creating instance of TrackedResource for resource:subnet
2016-11-03 14:47:33.447 28472 INFO neutron.quota.resource_registry [req-b1b3c599-4995-4cc7-a954-3a1bdcfde8d9 - - - - -] Creating instance of TrackedResource for resource:subnetpool
2016-11-03 14:47:33.533 28472 INFO neutron.quota.resource_registry [req-b1b3c599-4995-4cc7-a954-3a1bdcfde8d9 - - - - -] Creating instance of TrackedResource for resource:network
2016-11-03 14:47:33.592 28472 INFO neutron.quota.resource_registry [req-b1b3c599-4995-4cc7-a954-3a1bdcfde8d9 - - - - -] Creating instance of TrackedResource for resource:port
2016-11-03 14:47:33.955 28472 INFO neutron.quota.resource_registry [req-b1b3c599-4995-4cc7-a954-3a1bdcfde8d9 - - - - -] Creating instance of TrackedResource for resource:router
2016-11-03 14:47:34.013 28472 INFO neutron.quota.resource_registry [req-b1b3c599-4995-4cc7-a954-3a1bdcfde8d9 - - - - -] Creating instance of TrackedResource for resource:floatingip
2016-11-03 14:47:34.073 28472 INFO neutron.quota.resource_registry [req-b1b3c599-4995-4cc7-a954-3a1bdcfde8d9 - - - - -] Creating instance of TrackedResource for resource:security_group
2016-11-03 14:47:34.155 28472 INFO neutron.quota.resource_registry [req-b1b3c599-4995-4cc7-a954-3a1bdcfde8d9 - - - - -] Creating instance of TrackedResource for resource:security_group_rule
2016-11-03 14:47:34.265 28472 INFO neutron.quota.resource_registry [req-b1b3c599-4995-4cc7-a954-3a1bdcfde8d9 - - - - -] Creating instance of CountableResource for resource:rbac_policy
2016-11-03 14:47:34.364 28472 INFO oslo_service.service [req-b1b3c599-4995-4cc7-a954-3a1bdcfde8d9 - - - - -] Starting 2 workers
2016-11-03 14:47:34.377 28496 INFO neutron.wsgi [-] (28496) wsgi starting up on http://0.0.0.0:9696
2016-11-03 14:47:34.381 28497 INFO neutron.wsgi [-] (28497) wsgi starting up on http://0.0.0.0:9696
2016-11-03 14:47:34.373 28472 INFO neutron.service [req-b1b3c599-4995-4cc7-a954-3a1bdcfde8d9 - - - - -] Neutron service started, listening on 0.0.0.0:9696
2016-11-03 14:47:34.388 28472 INFO oslo_service.service [req-b1b3c599-4995-4cc7-a954-3a1bdcfde8d9 - - - - -] Starting 1 workers
2016-11-03 14:47:34.400 28472 INFO oslo_service.service [req-b1b3c599-4995-4cc7-a954-3a1bdcfde8d9 - - - - -] Starting 1 workers
```

# LOG cấu hình neutron

Sau khi kiểm tra các log restart lại Neutron và các agent, ta chuyển sang các log của event tạo, sửa, xóa network; tạo, xóa instance

Event tạo network
----

- Khi login qua Dashboard, sẽ có log call tới API của Neutron server
```sh
2016-11-03 14:58:55.580 28497 INFO neutron.wsgi [req-dd02ca0a-55bd-421a-9ca3-970d07db42ff fc0becc74871437581d1b3bb74cc6404 3262c9a75a494be288b4d77608334e0d - - -] 10.10.10.80 - - [03/Nov/2016 14:58:55] "GET /v2.0/extensions.json HTTP/1.1" 200 6007 19.240536
```

- Log trong file **/var/log/neutron/neutron-server.log** khi có các thao tác qua Dashboard:
	- tạo security group; click *Access & Security*
```sh
2016-11-03 15:04:27.034 28497 INFO neutron.wsgi [req-c916eb4b-76bb-449f-a444-87a589c80465 fc0becc74871437581d1b3bb74cc6404 3262c9a75a494be288b4d77608334e0d - - -] 10.10.10.80 - - [03/Nov/2016 15:04:27] "GET /v2.0/extensions.json HTTP/1.1" 200 6007 2.396602
2016-11-03 15:04:28.395 28497 INFO neutron.wsgi [req-028f8b25-1abb-47bc-b793-f00759e8dc3b fc0becc74871437581d1b3bb74cc6404 3262c9a75a494be288b4d77608334e0d - - -] 10.10.10.80 - - [03/Nov/2016 15:04:28] "GET /v2.0/security-groups.json?tenant_id=3262c9a75a494be288b4d77608334e0d HTTP/1.1" 200 1841 1.327380
2016-11-03 15:04:38.981 28497 INFO neutron.wsgi [req-b2b713e6-9daa-43a8-ba45-ecfb78296e21 fc0becc74871437581d1b3bb74cc6404 3262c9a75a494be288b4d77608334e0d - - -] 10.10.10.80 - - [03/Nov/2016 15:04:38] "GET /v2.0/floatingips.json?tenant_id=3262c9a75a494be288b4d77608334e0d HTTP/1.1" 200 232 0.346900
2016-11-03 15:04:40.350 28496 INFO neutron.wsgi [req-024a91f9-6611-402d-a34b-4aaedc6bed4f fc0becc74871437581d1b3bb74cc6404 3262c9a75a494be288b4d77608334e0d - - -] 10.10.10.80 - - [03/Nov/2016 15:04:40] "GET /v2.0/ports.json?tenant_id=3262c9a75a494be288b4d77608334e0d HTTP/1.1" 200 226 1.222667
2016-11-03 15:04:41.478 28497 INFO neutron.wsgi [req-d6003968-8f2e-45f8-a696-5783b73a1531 fc0becc74871437581d1b3bb74cc6404 3262c9a75a494be288b4d77608334e0d - - -] 10.10.10.80 - - [03/Nov/2016 15:04:41] "GET /v2.0/networks.json?router%3Aexternal=True HTTP/1.1" 200 229 1.136155
2016-11-03 15:04:43.520 28496 INFO neutron.wsgi [req-831443f6-8ee7-49e6-844f-beb93a20bf32 fc0becc74871437581d1b3bb74cc6404 3262c9a75a494be288b4d77608334e0d - - -] 10.10.10.80 - - [03/Nov/2016 15:04:43] "GET /v2.0/quotas/3262c9a75a494be288b4d77608334e0d.json HTTP/1.1" 200 385 0.160731
2016-11-03 15:04:45.553 28497 INFO neutron.wsgi [req-6b25611e-b7d3-4e77-89b9-008ba455ca83 fc0becc74871437581d1b3bb74cc6404 3262c9a75a494be288b4d77608334e0d - - -] 10.10.10.80 - - [03/Nov/2016 15:04:45] "GET /v2.0/floatingips.json?tenant_id=3262c9a75a494be288b4d77608334e0d HTTP/1.1" 200 232 0.041284
2016-11-03 15:04:45.800 28496 INFO neutron.wsgi [req-00d028a0-7bfd-454a-b914-09602d8dfc29 fc0becc74871437581d1b3bb74cc6404 3262c9a75a494be288b4d77608334e0d - - -] 10.10.10.80 - - [03/Nov/2016 15:04:45] "GET /v2.0/ports.json?tenant_id=3262c9a75a494be288b4d77608334e0d HTTP/1.1" 200 226 0.249942
2016-11-03 15:04:45.987 28497 INFO neutron.wsgi [req-8d565ce9-ce70-4eb8-9ce4-d1310bcf069b fc0becc74871437581d1b3bb74cc6404 3262c9a75a494be288b4d77608334e0d - - -] 10.10.10.80 - - [03/Nov/2016 15:04:45] "GET /v2.0/security-groups.json?tenant_id=3262c9a75a494be288b4d77608334e0d HTTP/1.1" 200 1841 0.174525
2016-11-03 15:04:46.699 28496 INFO neutron.wsgi [req-13c2cfc5-f54b-44a2-bdbb-3d9d77027ca6 fc0becc74871437581d1b3bb74cc6404 3262c9a75a494be288b4d77608334e0d - - -] 10.10.10.80 - - [03/Nov/2016 15:04:46] "GET /v2.0/networks.json?shared=False HTTP/1.1" 200 229 0.687022
2016-11-03 15:04:52.397 28497 INFO neutron.wsgi [req-35041703-861c-4cb0-80f6-52fba9512f8e fc0becc74871437581d1b3bb74cc6404 3262c9a75a494be288b4d77608334e0d - - -] 10.10.10.80 - - [03/Nov/2016 15:04:52] "GET /v2.0/subnets.json HTTP/1.1" 200 228 5.671959
2016-11-03 15:04:52.548 28496 INFO neutron.wsgi [req-11e5bc7c-509f-49d3-9581-3eff84164919 fc0becc74871437581d1b3bb74cc6404 3262c9a75a494be288b4d77608334e0d - - -] 10.10.10.80 - - [03/Nov/2016 15:04:52] "GET /v2.0/networks.json?shared=True HTTP/1.1" 200 229 0.135758
2016-11-03 15:04:52.764 28497 INFO neutron.wsgi [req-e52fd315-0dd7-4255-947c-862428182b4a fc0becc74871437581d1b3bb74cc6404 3262c9a75a494be288b4d77608334e0d - - -] 10.10.10.80 - - [03/Nov/2016 15:04:52] "GET /v2.0/subnets.json HTTP/1.1" 200 228 0.224132
2016-11-03 15:04:53.705 28496 INFO neutron.wsgi [req-79efaa7d-a884-425c-b873-fa447a394b28 fc0becc74871437581d1b3bb74cc6404 3262c9a75a494be288b4d77608334e0d - - -] 10.10.10.80 - - [03/Nov/2016 15:04:53] "GET /v2.0/subnets.json HTTP/1.1" 200 228 0.920306
2016-11-03 15:04:53.942 28496 INFO neutron.wsgi [req-3a628268-c59f-4577-bd93-e407f9287501 fc0becc74871437581d1b3bb74cc6404 3262c9a75a494be288b4d77608334e0d - - -] 10.10.10.80 - - [03/Nov/2016 15:04:53] "GET /v2.0/routers.json HTTP/1.1" 200 228 0.217524
```

	- khi click vào *Manage Security Group Rules: default*
```sh
2016-11-03 15:06:28.902 28496 INFO neutron.wsgi [req-de78f91e-dfa3-490f-a496-ff2d26f7173d fc0becc74871437581d1b3bb74cc6404 3262c9a75a494be288b4d77608334e0d - - -] 10.10.10.80 - - [03/Nov/2016 15:06:28] "GET /v2.0/extensions.json HTTP/1.1" 200 6007 0.024917
2016-11-03 15:06:29.095 28496 INFO neutron.wsgi [req-7e0be8ca-25ee-4661-9b21-cdf5ef806355 fc0becc74871437581d1b3bb74cc6404 3262c9a75a494be288b4d77608334e0d - - -] 10.10.10.80 - - [03/Nov/2016 15:06:29] "GET /v2.0/security-groups/35a92ab4-ed7c-4917-82f6-67a4b70db22e.json HTTP/1.1" 200 1838 0.129792
2016-11-03 15:06:29.217 28497 INFO neutron.wsgi [req-0eaa5817-df8e-446a-81ad-799d9ee96046 fc0becc74871437581d1b3bb74cc6404 3262c9a75a494be288b4d77608334e0d - - -] 10.10.10.80 - - [03/Nov/2016 15:06:29] "GET /v2.0/security-groups.json?fields=id&fields=name&id=35a92ab4-ed7c-4917-82f6-67a4b70db22e HTTP/1.1" 200 301 0.115681
```

	- click *Add Rule*
```sh
2016-11-03 15:08:10.126 28497 INFO neutron.wsgi [req-7edc3b63-93be-48d3-b42c-ed71e3d7cca7 fc0becc74871437581d1b3bb74cc6404 3262c9a75a494be288b4d77608334e0d - - -] 10.10.10.80 - - [03/Nov/2016 15:08:10] "GET /v2.0/extensions.json HTTP/1.1" 200 6007 0.013524
2016-11-03 15:08:10.342 28496 INFO neutron.wsgi [req-4db48cbe-f3f6-49ef-80eb-21082e7bbb56 fc0becc74871437581d1b3bb74cc6404 3262c9a75a494be288b4d77608334e0d - - -] 10.10.10.80 - - [03/Nov/2016 15:08:10] "GET /v2.0/security-groups.json?tenant_id=3262c9a75a494be288b4d77608334e0d HTTP/1.1" 200 1841 0.190224
```

	- add ingress any 0/0
```sh
2016-11-03 15:12:23.359 28496 INFO neutron.wsgi [req-9dcd9bf7-983b-41c6-9264-5ef9921e675f fc0becc74871437581d1b3bb74cc6404 3262c9a75a494be288b4d77608334e0d - - -] 10.10.10.80 - - [03/Nov/2016 15:12:23] "GET /v2.0/extensions.json HTTP/1.1" 200 6007 3.836252
2016-11-03 15:12:23.560 28496 INFO neutron.wsgi [req-2b19fdee-b752-44a5-93ac-ff3f16270c56 fc0becc74871437581d1b3bb74cc6404 3262c9a75a494be288b4d77608334e0d - - -] 10.10.10.80 - - [03/Nov/2016 15:12:23] "GET /v2.0/security-groups.json?tenant_id=3262c9a75a494be288b4d77608334e0d HTTP/1.1" 200 1841 0.179114
2016-11-03 15:12:23.602 28496 INFO neutron.quota [req-69e8bd0d-7df4-461e-a4c7-3fb9985f7867 fc0becc74871437581d1b3bb74cc6404 3262c9a75a494be288b4d77608334e0d - - -] Loaded quota_driver: <neutron.db.quota.driver.DbQuotaDriver object at 0x7ff5c0073850>.
2016-11-03 15:12:24.475 28496 INFO neutron.wsgi [req-69e8bd0d-7df4-461e-a4c7-3fb9985f7867 fc0becc74871437581d1b3bb74cc6404 3262c9a75a494be288b4d77608334e0d - - -] 10.10.10.80 - - [03/Nov/2016 15:12:24] "POST /v2.0/security-group-rules.json HTTP/1.1" 201 588 0.883664
2016-11-03 15:12:24.781 28497 INFO neutron.wsgi [req-ab3846dc-accd-46ce-9e86-2d67fb585c85 fc0becc74871437581d1b3bb74cc6404 3262c9a75a494be288b4d77608334e0d - - -] 10.10.10.80 - - [03/Nov/2016 15:12:24] "GET /v2.0/security-groups.json?fields=id&fields=name&id=35a92ab4-ed7c-4917-82f6-67a4b70db22e HTTP/1.1" 200 301 0.263854
2016-11-03 15:12:24.961 28496 INFO neutron.wsgi [req-6ccb5d39-01f4-4c05-8a6d-73a6df2d188d fc0becc74871437581d1b3bb74cc6404 3262c9a75a494be288b4d77608334e0d - - -] 10.10.10.80 - - [03/Nov/2016 15:12:24] "GET /v2.0/extensions.json HTTP/1.1" 200 6007 0.015335
2016-11-03 15:12:25.111 28497 INFO neutron.wsgi [req-2445f354-ac6a-42bb-ba6f-aa6800abc47b fc0becc74871437581d1b3bb74cc6404 3262c9a75a494be288b4d77608334e0d - - -] 10.10.10.80 - - [03/Nov/2016 15:12:25] "GET /v2.0/security-groups/35a92ab4-ed7c-4917-82f6-67a4b70db22e.json HTTP/1.1" 200 2184 0.130130
2016-11-03 15:12:25.346 28497 INFO neutron.wsgi [req-2a76a542-5048-487d-b4ba-d7cc56d2f28f fc0becc74871437581d1b3bb74cc6404 3262c9a75a494be288b4d77608334e0d - - -] 10.10.10.80 - - [03/Nov/2016 15:12:25] "GET /v2.0/security-groups.json?fields=id&fields=name&id=35a92ab4-ed7c-4917-82f6-67a4b70db22e HTTP/1.1" 200 301 0.214205
```

	Ngoài ra xuất hiện log tại các file **/var/log/neutron/openvswitch-agent.log** trên Controller node
```sh
2016-11-03 15:12:24.314 27907 INFO neutron.agent.securitygroups_rpc [req-69e8bd0d-7df4-461e-a4c7-3fb9985f7867 fc0becc74871437581d1b3bb74cc6404 3262c9a75a494be288b4d77608334e0d - - -] Security group rule updated [u'35a92ab4-ed7c-4917-82f6-67a4b70db22e']
```

	Và log tại file **/var/log/neutron/openvswitch-agent.log** trên Compute node:
```sh
2016-10-27 15:18:18.812 65813 INFO neutron.agent.securitygroups_rpc [req-69e8bd0d-7df4-461e-a4c7-3fb9985f7867 fc0becc74871437581d1b3bb74cc6404 3262c9a75a494be288b4d77608334e0d - - -] Security group rule updated [u'35a92ab4-ed7c-4917-82f6-67a4b70db22e']
```

	- click *Networks* trong tab Admin:
```sh
2016-11-03 15:15:52.006 28496 INFO neutron.wsgi [req-8cc934a7-9a51-49ef-b0ae-7cfb4f2e279d fc0becc74871437581d1b3bb74cc6404 3262c9a75a494be288b4d77608334e0d - - -] 10.10.10.80 - - [03/Nov/2016 15:15:52] "GET /v2.0/extensions.json HTTP/1.1" 200 6007 0.044681
2016-11-03 15:15:52.228 28497 INFO neutron.wsgi [req-ae7c80e6-3936-4da3-8231-73c86247e3c9 fc0becc74871437581d1b3bb74cc6404 3262c9a75a494be288b4d77608334e0d - - -] 10.10.10.80 - - [03/Nov/2016 15:15:52] "GET /v2.0/networks.json HTTP/1.1" 200 229 0.197492
2016-11-03 15:15:52.429 28497 INFO neutron.wsgi [req-9059fd41-225d-4c57-b38a-203093755aed fc0becc74871437581d1b3bb74cc6404 3262c9a75a494be288b4d77608334e0d - - -] 10.10.10.80 - - [03/Nov/2016 15:15:52] "GET /v2.0/subnets.json HTTP/1.1" 200 228 0.182854
```

	- click *Create network*:
```sh
2016-11-03 15:17:30.606 28496 INFO neutron.wsgi [req-8ca0cf6d-f991-4cbe-807f-481a4da70730 fc0becc74871437581d1b3bb74cc6404 3262c9a75a494be288b4d77608334e0d - - -] 10.10.10.80 - - [03/Nov/2016 15:17:30] "GET /v2.0/extensions.json HTTP/1.1" 200 6007 1.210543
```

	- Create *Network* FAIL:
```sh
2016-11-03 15:19:24.491 28496 INFO neutron.wsgi [req-be89f6a2-1afd-4c51-8776-a78bc101a71c fc0becc74871437581d1b3bb74cc6404 3262c9a75a494be288b4d77608334e0d - - -] 10.10.10.80 - - [03/Nov/2016 15:19:24] "GET /v2.0/extensions.json HTTP/1.1" 200 6007 0.019059
2016-11-03 15:19:24.555 28497 INFO neutron.quota [req-0a5a435b-ab20-4966-ac94-7551c7c134ce fc0becc74871437581d1b3bb74cc6404 3262c9a75a494be288b4d77608334e0d - - -] Loaded quota_driver: <neutron.db.quota.driver.DbQuotaDriver object at 0x7ff5bff12ed0>.
2016-11-03 15:19:25.003 28497 INFO neutron.api.v2.resource [req-0a5a435b-ab20-4966-ac94-7551c7c134ce fc0becc74871437581d1b3bb74cc6404 3262c9a75a494be288b4d77608334e0d - - -] create failed (client error): Invalid input for operation: physical_network 'provider' unknown  for VLAN provider network.
2016-11-03 15:19:25.009 28497 INFO neutron.wsgi [req-0a5a435b-ab20-4966-ac94-7551c7c134ce fc0becc74871437581d1b3bb74cc6404 3262c9a75a494be288b4d77608334e0d - - -] 10.10.10.80 - - [03/Nov/2016 15:19:25] "POST /v2.0/networks.json HTTP/1.1" 400 386 0.470122
2016-11-03 15:19:25.147 28496 INFO neutron.wsgi [req-f55f73f3-9c20-41bc-a263-9e4e77addf46 fc0becc74871437581d1b3bb74cc6404 3262c9a75a494be288b4d77608334e0d - - -] 10.10.10.80 - - [03/Nov/2016 15:19:25] "GET /v2.0/extensions.json HTTP/1.1" 200 6007 0.016708
2016-11-03 15:19:25.342 28497 INFO neutron.wsgi [req-5102ff34-ec7a-4f44-9030-73771a2430f5 fc0becc74871437581d1b3bb74cc6404 3262c9a75a494be288b4d77608334e0d - - -] 10.10.10.80 - - [03/Nov/2016 15:19:25] "GET /v2.0/networks.json HTTP/1.1" 200 229 0.189727
2016-11-03 15:19:25.580 28496 INFO neutron.wsgi [req-5f4bd8a8-aed7-4514-868a-6432ef82e079 fc0becc74871437581d1b3bb74cc6404 3262c9a75a494be288b4d77608334e0d - - -] 10.10.10.80 - - [03/Nov/2016 15:19:25] "GET /v2.0/subnets.json HTTP/1.1" 200 228 0.228743
```

	- Create *Network* OK:
```sh
2016-11-03 15:21:45.659 28497 INFO neutron.wsgi [req-25725d04-293d-45f9-a7bb-1b6b0fb2f5f7 fc0becc74871437581d1b3bb74cc6404 3262c9a75a494be288b4d77608334e0d - - -] 10.10.10.80 - - [03/Nov/2016 15:21:45] "GET /v2.0/extensions.json HTTP/1.1" 200 6007 0.008045
2016-11-03 15:21:46.066 28496 INFO neutron.plugins.ml2.db [req-9baa56c3-6e45-48e1-b2e4-4798bf793028 fc0becc74871437581d1b3bb74cc6404 3262c9a75a494be288b4d77608334e0d - - -] Added segment 0629960f-6645-40ee-946c-166a8de42141 of type gre for network f3dfe7a0-bff6-4562-964f-5f3539b63961
2016-11-03 15:21:46.255 28496 INFO neutron.wsgi [req-9baa56c3-6e45-48e1-b2e4-4798bf793028 fc0becc74871437581d1b3bb74cc6404 3262c9a75a494be288b4d77608334e0d - - -] 10.10.10.80 - - [03/Nov/2016 15:21:46] "POST /v2.0/networks.json HTTP/1.1" 201 830 0.581035
2016-11-03 15:21:46.332 28497 INFO neutron.wsgi [req-a2114a82-2d53-4ede-93aa-863cb7b91d57 fc0becc74871437581d1b3bb74cc6404 3262c9a75a494be288b4d77608334e0d - - -] 10.10.10.80 - - [03/Nov/2016 15:21:46] "GET /v2.0/extensions.json HTTP/1.1" 200 6007 0.016626
2016-11-03 15:21:46.697 28496 INFO neutron.wsgi [req-2cc817d9-3a8f-485c-9533-7244df3a0041 fc0becc74871437581d1b3bb74cc6404 3262c9a75a494be288b4d77608334e0d - - -] 10.10.10.80 - - [03/Nov/2016 15:21:46] "GET /v2.0/networks.json HTTP/1.1" 200 828 0.358931
2016-11-03 15:21:46.897 28496 INFO neutron.wsgi [req-2d3431cd-52fc-4347-8beb-0f8ede725fd9 fc0becc74871437581d1b3bb74cc6404 3262c9a75a494be288b4d77608334e0d - - -] 10.10.10.80 - - [03/Nov/2016 15:21:46] "GET /v2.0/subnets.json HTTP/1.1" 200 228 0.189064
2016-11-03 15:21:47.749 28497 INFO neutron.wsgi [req-6cec2c7a-5ccc-4657-93cf-c5cdd60b1e9d fc0becc74871437581d1b3bb74cc6404 3262c9a75a494be288b4d77608334e0d - - -] 10.10.10.80 - - [03/Nov/2016 15:21:47] "GET /v2.0/networks/f3dfe7a0-bff6-4562-964f-5f3539b63961/dhcp-agents.json HTTP/1.1" 200 227 0.064445
```

**Note**: lý do tạo network FAIL là do khi cấu hình ML2 ta đã định nghĩa ID cho các GRE, VLAN, VXLAN nên lúc tạo, phải lấy ID đúng với dải đã cấu hình. Như trong trường hợp trên 
tôi tạo ID ngoài dải sẽ báo FAIL.

	- click vào *provider* vừa tạo để cấu hình subnet:
```sh
2016-11-03 15:26:29.672 28496 INFO neutron.wsgi [req-3ec3b2f5-2fc0-4a59-ae1e-98f77f895936 fc0becc74871437581d1b3bb74cc6404 3262c9a75a494be288b4d77608334e0d - - -] 10.10.10.80 - - [03/Nov/2016 15:26:29] "GET /v2.0/extensions.json HTTP/1.1" 200 6007 1.359677
2016-11-03 15:26:29.955 28497 INFO neutron.wsgi [req-99486ff1-4261-4afc-9baf-af166ad54de7 fc0becc74871437581d1b3bb74cc6404 3262c9a75a494be288b4d77608334e0d - - -] 10.10.10.80 - - [03/Nov/2016 15:26:29] "GET /v2.0/subnets.json?network_id=f3dfe7a0-bff6-4562-964f-5f3539b63961 HTTP/1.1" 200 228 0.273820
2016-11-03 15:26:30.161 28496 INFO neutron.wsgi [req-65d4bae7-4a0c-4fdf-b543-674660d05b78 fc0becc74871437581d1b3bb74cc6404 3262c9a75a494be288b4d77608334e0d - - -] 10.10.10.80 - - [03/Nov/2016 15:26:30] "GET /v2.0/ports.json?network_id=f3dfe7a0-bff6-4562-964f-5f3539b63961 HTTP/1.1" 200 226 0.194044
2016-11-03 15:26:30.257 28496 INFO neutron.wsgi [req-b0b4f81b-a528-4e05-b892-6739434c50e6 fc0becc74871437581d1b3bb74cc6404 3262c9a75a494be288b4d77608334e0d - - -] 10.10.10.80 - - [03/Nov/2016 15:26:30] "GET /v2.0/networks/f3dfe7a0-bff6-4562-964f-5f3539b63961/dhcp-agents.json HTTP/1.1" 200 227 0.079349
2016-11-03 15:26:30.512 28497 INFO neutron.wsgi [req-5a3f580b-8997-4d76-b347-7fdb57ad5f3d fc0becc74871437581d1b3bb74cc6404 3262c9a75a494be288b4d77608334e0d - - -] 10.10.10.80 - - [03/Nov/2016 15:26:30] "GET /v2.0/networks/f3dfe7a0-bff6-4562-964f-5f3539b63961.json HTTP/1.1" 200 825 0.241686
2016-11-03 15:26:31.955 28496 INFO neutron.wsgi [req-6e195094-1ea2-47f4-830e-5e8592a3fc3b fc0becc74871437581d1b3bb74cc6404 3262c9a75a494be288b4d77608334e0d - - -] 10.10.10.80 - - [03/Nov/2016 15:26:31] "GET /v2.0/networks/f3dfe7a0-bff6-4562-964f-5f3539b63961.json HTTP/1.1" 200 825 0.260206
```

	- click *create subnet*:
```sh
2016-11-03 15:28:00.558 28497 INFO neutron.wsgi [req-b8190184-bb05-41c7-98bf-48eac69f84d1 fc0becc74871437581d1b3bb74cc6404 3262c9a75a494be288b4d77608334e0d - - -] 10.10.10.80 - - [03/Nov/2016 15:28:00] "GET /v2.0/networks/f3dfe7a0-bff6-4562-964f-5f3539b63961.json HTTP/1.1" 200 825 0.258621
2016-11-03 15:28:00.853 28497 INFO neutron.wsgi [req-8e853c88-39f4-4bd7-918e-ee2ab70ea72c fc0becc74871437581d1b3bb74cc6404 3262c9a75a494be288b4d77608334e0d - - -] 10.10.10.80 - - [03/Nov/2016 15:28:00] "GET /v2.0/extensions.json HTTP/1.1" 200 6007 0.044403
2016-11-03 15:28:00.934 28497 INFO neutron.wsgi [req-a6b5c255-93dc-4885-b796-3042c763fef6 fc0becc74871437581d1b3bb74cc6404 3262c9a75a494be288b4d77608334e0d - - -] 10.10.10.80 - - [03/Nov/2016 15:28:00] "GET /v2.0/subnetpools.json HTTP/1.1" 200 232 0.061363
```

	- click *next* sau khi điền form:
```sh
2016-11-03 15:29:33.494 28497 INFO neutron.wsgi [req-3d9a0aab-8356-485f-92bb-61ecd0432cac fc0becc74871437581d1b3bb74cc6404 3262c9a75a494be288b4d77608334e0d - - -] 10.10.10.80 - - [03/Nov/2016 15:29:33] "GET /v2.0/networks/f3dfe7a0-bff6-4562-964f-5f3539b63961.json HTTP/1.1" 200 825 1.025453
2016-11-03 15:29:33.554 28496 INFO neutron.wsgi [req-84147bb0-9957-4caa-8a24-3aa5deda4460 fc0becc74871437581d1b3bb74cc6404 3262c9a75a494be288b4d77608334e0d - - -] 10.10.10.80 - - [03/Nov/2016 15:29:33] "GET /v2.0/extensions.json HTTP/1.1" 200 6007 0.017067
2016-11-03 15:29:33.621 28497 INFO neutron.wsgi [req-9474843d-460c-418a-85cb-b699729c0fd3 fc0becc74871437581d1b3bb74cc6404 3262c9a75a494be288b4d77608334e0d - - -] 10.10.10.80 - - [03/Nov/2016 15:29:33] "GET /v2.0/subnetpools.json HTTP/1.1" 200 232 0.043822
```

	- click complete subnet:
```sh
2016-11-03 15:31:03.211 28496 INFO neutron.wsgi [req-540ea07c-fc46-4f1d-9c96-399b10df6cef fc0becc74871437581d1b3bb74cc6404 3262c9a75a494be288b4d77608334e0d - - -] 10.10.10.80 - - [03/Nov/2016 15:31:03] "GET /v2.0/networks/f3dfe7a0-bff6-4562-964f-5f3539b63961.json HTTP/1.1" 200 825 0.138212
2016-11-03 15:31:03.253 28497 INFO neutron.wsgi [req-51be8164-bcfb-4da8-9f56-a5c453abcb2f fc0becc74871437581d1b3bb74cc6404 3262c9a75a494be288b4d77608334e0d - - -] 10.10.10.80 - - [03/Nov/2016 15:31:03] "GET /v2.0/extensions.json HTTP/1.1" 200 6007 0.006941
2016-11-03 15:31:03.295 28497 INFO neutron.wsgi [req-88d48d2f-5ede-43ed-b4e0-b2591162fb3f fc0becc74871437581d1b3bb74cc6404 3262c9a75a494be288b4d77608334e0d - - -] 10.10.10.80 - - [03/Nov/2016 15:31:03] "GET /v2.0/subnetpools.json HTTP/1.1" 200 232 0.029594
2016-11-03 15:31:03.443 28496 INFO neutron.wsgi [req-c8233353-3e93-41e6-87bd-a087b1fbcd29 fc0becc74871437581d1b3bb74cc6404 3262c9a75a494be288b4d77608334e0d - - -] 10.10.10.80 - - [03/Nov/2016 15:31:03] "GET /v2.0/networks/f3dfe7a0-bff6-4562-964f-5f3539b63961.json HTTP/1.1" 200 825 0.122349
2016-11-03 15:31:06.352 28497 INFO neutron.wsgi [req-a29ab490-f08a-43a6-bbc8-436e8676e224 fc0becc74871437581d1b3bb74cc6404 3262c9a75a494be288b4d77608334e0d - - -] 10.10.10.80 - - [03/Nov/2016 15:31:06] "POST /v2.0/subnets.json HTTP/1.1" 201 788 2.902000
2016-11-03 15:31:08.073 28496 INFO neutron.wsgi [req-45cf9eb9-9100-41fc-9c01-9144d1744ab7 fc0becc74871437581d1b3bb74cc6404 3262c9a75a494be288b4d77608334e0d - - -] 10.10.10.80 - - [03/Nov/2016 15:31:08] "GET /v2.0/extensions.json HTTP/1.1" 200 6007 0.023935
2016-11-03 15:31:10.087 28497 INFO neutron.wsgi [req-8ea7be45-76b1-4a8c-b659-8efed9ec5959 fc0becc74871437581d1b3bb74cc6404 3262c9a75a494be288b4d77608334e0d - - -] 10.10.10.80 - - [03/Nov/2016 15:31:10] "GET /v2.0/subnets.json?network_id=f3dfe7a0-bff6-4562-964f-5f3539b63961 HTTP/1.1" 200 786 1.952603
2016-11-03 15:31:14.904 28496 INFO neutron.wsgi [req-59fe4a63-3d18-4c42-8546-040574514d3a fc0becc74871437581d1b3bb74cc6404 3262c9a75a494be288b4d77608334e0d - - -] 10.10.10.80 - - [03/Nov/2016 15:31:14] "GET /v2.0/ports.json?network_id=f3dfe7a0-bff6-4562-964f-5f3539b63961 HTTP/1.1" 200 226 4.804635
