2016-11-04 09:24:26.923 17167 INFO neutron.wsgi [req-903e0283-66bc-42e9-8083-c1568e7cd2a1 013aa135935b4cfd874a59a1921fc094 bd586f74227a48fab42852c8923c4d83 - - -] 10.10.10.80 - - [04/Nov/2016 09:24:26] "GET /v2.0/ports.json?device_id=c8f2ef2a-666d-4d00-b30d-7aed8d9d65c2 HTTP/1.1" 200 1089 0.070116
2016-11-04 09:24:27.030 17167 INFO neutron.wsgi [req-54704523-0c06-4eed-8b4a-0af488b0a3c8 013aa135935b4cfd874a59a1921fc094 bd586f74227a48fab42852c8923c4d83 - - -] 10.10.10.80 - - [04/Nov/2016 09:24:27] "GET /v2.0/security-groups.json?id=4c770efd-2459-48c9-aaf9-b429d375a996 HTTP/1.1" 200 2187 0.103026
2016-11-04 09:24:27.148 17166 INFO neutron.wsgi [req-c3c25f84-c9af-4f24-bcca-c894c6d3706d 013aa135935b4cfd874a59a1921fc094 bd586f74227a48fab42852c8923c4d83 - - -] 10.10.10.80 - - [04/Nov/2016 09:24:27] "GET /v2.0/ports.json?device_id=c8f2ef2a-666d-4d00-b30d-7aed8d9d65c2 HTTP/1.1" 200 1089 0.058228
2016-11-04 09:24:27.188 17167 INFO neutron.wsgi [req-787f0fbb-57d5-4687-82f2-e278c4731e00 013aa135935b4cfd874a59a1921fc094 bd586f74227a48fab42852c8923c4d83 - - -] 10.10.10.80 - - [04/Nov/2016 09:24:27] "GET /v2.0/floatingips.json?tenant_id=bd586f74227a48fab42852c8923c4d83&port_id=77a12669-d998-4196-b487-655249e9e546 HTTP/1.1" 200 232 0.032047
2016-11-04 09:24:27.258 17166 INFO neutron.wsgi [req-464b0189-38d9-48cb-9db4-099a91bc62d1 013aa135935b4cfd874a59a1921fc094 bd586f74227a48fab42852c8923c4d83 - - -] 10.10.10.80 - - [04/Nov/2016 09:24:27] "GET /v2.0/ports.json?tenant_id=bd586f74227a48fab42852c8923c4d83 HTTP/1.1" 200 7129 0.061868
2016-11-04 09:24:27.393 17166 INFO neutron.wsgi [req-10d95f2e-4b1a-420a-b137-f014f65290ef 013aa135935b4cfd874a59a1921fc094 bd586f74227a48fab42852c8923c4d83 - - -] 10.10.10.80 - - [04/Nov/2016 09:24:27] "GET /v2.0/networks.json?id=b3a81f00-7b15-48da-b071-2589f840deff HTTP/1.1" 200 860 0.128692
2016-11-04 09:24:27.577 17167 INFO neutron.wsgi [req-308f45b2-5234-4aa3-bb1f-d3535ac86ae8 013aa135935b4cfd874a59a1921fc094 bd586f74227a48fab42852c8923c4d83 - - -] 10.10.10.80 - - [04/Nov/2016 09:24:27] "GET /v2.0/subnets.json HTTP/1.1" 200 1903 0.181717
2016-11-04 09:24:27.792 17166 INFO neutron.wsgi [req-bd940b4f-44b8-4db1-886c-2488591eba0e 013aa135935b4cfd874a59a1921fc094 bd586f74227a48fab42852c8923c4d83 - - -] 10.10.10.80 - - [04/Nov/2016 09:24:27] "GET /v2.0/extensions.json HTTP/1.1" 200 6007 0.021740
2016-11-04 09:24:33.730 17167 INFO neutron.wsgi [req-4b08eb43-4a2c-4c11-a847-439b117b6a2d 013aa135935b4cfd874a59a1921fc094 bd586f74227a48fab42852c8923c4d83 - - -] 10.10.10.80 - - [04/Nov/2016 09:24:33] "GET /v2.0/ports.json?device_id=c8f2ef2a-666d-4d00-b30d-7aed8d9d65c2 HTTP/1.1" 200 1090 0.103633
2016-11-04 09:24:33.950 17167 INFO neutron.wsgi [req-d49080d6-6e35-4f4a-a3cf-5a79917947cc 013aa135935b4cfd874a59a1921fc094 bd586f74227a48fab42852c8923c4d83 - - -] 10.10.10.80 - - [04/Nov/2016 09:24:33] "GET /v2.0/security-groups.json?id=4c770efd-2459-48c9-aaf9-b429d375a996 HTTP/1.1" 200 2187 0.215596
2016-11-04 09:24:34.311 17166 INFO neutron.wsgi [req-fd7c0ed2-f29e-4097-8384-f96e7f80aea8 013aa135935b4cfd874a59a1921fc094 bd586f74227a48fab42852c8923c4d83 - - -] 10.10.10.80 - - [04/Nov/2016 09:24:34] "GET /v2.0/ports.json?device_id=c8f2ef2a-666d-4d00-b30d-7aed8d9d65c2 HTTP/1.1" 200 1090 0.165016
2016-11-04 09:24:34.370 17167 INFO neutron.wsgi [req-6a240561-aa86-46d5-89a5-8f137bdd62bf 013aa135935b4cfd874a59a1921fc094 bd586f74227a48fab42852c8923c4d83 - - -] 10.10.10.80 - - [04/Nov/2016 09:24:34] "GET /v2.0/floatingips.json?tenant_id=bd586f74227a48fab42852c8923c4d83&port_id=77a12669-d998-4196-b487-655249e9e546 HTTP/1.1" 200 232 0.050197
2016-11-04 09:24:34.472 17167 INFO neutron.wsgi [req-73941f17-c2b5-4463-abfd-ebb228377f3a 013aa135935b4cfd874a59a1921fc094 bd586f74227a48fab42852c8923c4d83 - - -] 10.10.10.80 - - [04/Nov/2016 09:24:34] "GET /v2.0/ports.json?tenant_id=bd586f74227a48fab42852c8923c4d83 HTTP/1.1" 200 7131 0.095439
2016-11-04 09:24:34.606 17166 INFO neutron.wsgi [req-cf6ac2ff-899c-4d0c-9a16-4033628312a9 013aa135935b4cfd874a59a1921fc094 bd586f74227a48fab42852c8923c4d83 - - -] 10.10.10.80 - - [04/Nov/2016 09:24:34] "GET /v2.0/networks.json?id=b3a81f00-7b15-48da-b071-2589f840deff HTTP/1.1" 200 860 0.132023
2016-11-04 09:24:34.861 17167 INFO neutron.wsgi [req-97cec3f4-5438-4a30-ab68-e84233065b8f 013aa135935b4cfd874a59a1921fc094 bd586f74227a48fab42852c8923c4d83 - - -] 10.10.10.80 - - [04/Nov/2016 09:24:34] "GET /v2.0/subnets.json HTTP/1.1" 200 1903 0.253784
2016-11-04 09:24:34.950 17166 INFO neutron.wsgi [req-75e45122-7cae-433c-a7e3-3fa3aa45bd92 013aa135935b4cfd874a59a1921fc094 bd586f74227a48fab42852c8923c4d83 - - -] 10.10.10.80 - - [04/Nov/2016 09:24:34] "GET /v2.0/extensions.json HTTP/1.1" 200 6007 0.015050
2016-11-04 09:24:38.218 17168 INFO neutron.notifiers.nova [-] Nova event response: {u'status': u'completed', u'tag': u'77a12669-d998-4196-b487-655249e9e546', u'name': u'network-vif-plugged', u'server_uuid': u'c8f2ef2a-666d-4d00-b30d-7aed8d9d65c2', u'code': 200}
2016-11-04 09:24:43.199 17166 INFO neutron.wsgi [req-f337d8c7-6dee-4201-a476-757bb707a9fd 013aa135935b4cfd874a59a1921fc094 bd586f74227a48fab42852c8923c4d83 - - -] 10.10.10.80 - - [04/Nov/2016 09:24:43] "GET /v2.0/ports.json?device_id=c8f2ef2a-666d-4d00-b30d-7aed8d9d65c2 HTTP/1.1" 200 1091 0.069900
2016-11-04 09:24:43.288 17166 INFO neutron.wsgi [req-3708e114-cd1a-45ef-a699-13bc70fa206c 013aa135935b4cfd874a59a1921fc094 bd586f74227a48fab42852c8923c4d83 - - -] 10.10.10.80 - - [04/Nov/2016 09:24:43] "GET /v2.0/security-groups.json?id=4c770efd-2459-48c9-aaf9-b429d375a996 HTTP/1.1" 200 2187 0.081632
2016-11-04 09:24:43.405 17167 INFO neutron.wsgi [req-34bcb194-7332-4a66-ab41-b589325b0e4b 013aa135935b4cfd874a59a1921fc094 bd586f74227a48fab42852c8923c4d83 - - -] 10.10.10.80 - - [04/Nov/2016 09:24:43] "GET /v2.0/ports.json?device_id=c8f2ef2a-666d-4d00-b30d-7aed8d9d65c2 HTTP/1.1" 200 1091 0.056784
2016-11-04 09:24:43.442 17166 INFO neutron.wsgi [req-9f8056b8-49d9-4d8e-a496-e8856253724e 013aa135935b4cfd874a59a1921fc094 bd586f74227a48fab42852c8923c4d83 - - -] 10.10.10.80 - - [04/Nov/2016 09:24:43] "GET /v2.0/floatingips.json?tenant_id=bd586f74227a48fab42852c8923c4d83&port_id=77a12669-d998-4196-b487-655249e9e546 HTTP/1.1" 200 232 0.034877
2016-11-04 09:24:43.509 17167 INFO neutron.wsgi [req-98b12d28-d829-4bb8-aca7-e81c5f1f4fef 013aa135935b4cfd874a59a1921fc094 bd586f74227a48fab42852c8923c4d83 - - -] 10.10.10.80 - - [04/Nov/2016 09:24:43] "GET /v2.0/ports.json?tenant_id=bd586f74227a48fab42852c8923c4d83 HTTP/1.1" 200 7131 0.060281
2016-11-04 09:24:43.722 17166 INFO neutron.wsgi [req-a99d97c9-2077-464d-8f33-7e584124f58f 013aa135935b4cfd874a59a1921fc094 bd586f74227a48fab42852c8923c4d83 - - -] 10.10.10.80 - - [04/Nov/2016 09:24:43] "GET /v2.0/networks.json?id=b3a81f00-7b15-48da-b071-2589f840deff HTTP/1.1" 200 860 0.203553
2016-11-04 09:24:43.846 17166 INFO neutron.wsgi [req-308237fc-c4dc-41f4-a470-ae75e590591e 013aa135935b4cfd874a59a1921fc094 bd586f74227a48fab42852c8923c4d83 - - -] 10.10.10.80 - - [04/Nov/2016 09:24:43] "GET /v2.0/subnets.json HTTP/1.1" 200 1903 0.118731
2016-11-04 09:24:44.073 17167 INFO neutron.wsgi [req-a3ae317f-65df-44da-8125-93b7711d5ed0 013aa135935b4cfd874a59a1921fc094 bd586f74227a48fab42852c8923c4d83 - - -] 10.10.10.80 - - [04/Nov/2016 09:24:44] "GET /v2.0/extensions.json HTTP/1.1" 200 6007 0.005054
2016-11-04 09:24:50.339 17166 INFO neutron.wsgi [req-a4fa3f2e-26f1-494b-b0f1-441955c00bce 3dc74eecdd0b42f0a6c3e37f95d1075b 4a62dba1952f4d18a8b635aeaed655b3 - - -] 10.10.10.80 - - [04/Nov/2016 09:24:50] "GET /v2.0/ports.json?device_id=c8f2ef2a-666d-4d00-b30d-7aed8d9d65c2 HTTP/1.1" 200 1091 1.535841
2016-11-04 09:24:50.423 17166 INFO neutron.wsgi [req-1a36b61c-d2d4-4988-b8dc-ded4b17f3fea 3dc74eecdd0b42f0a6c3e37f95d1075b 4a62dba1952f4d18a8b635aeaed655b3 - - -] 10.10.10.80 - - [04/Nov/2016 09:24:50] "GET /v2.0/security-groups.json?id=4c770efd-2459-48c9-aaf9-b429d375a996 HTTP/1.1" 200 2187 0.077727
2016-11-04 09:24:52.372 17167 INFO neutron.wsgi [req-1b6a7ba2-52bc-4cfe-bb2a-93ab49375460 3dc74eecdd0b42f0a6c3e37f95d1075b 4a62dba1952f4d18a8b635aeaed655b3 - - -] 10.10.10.80 - - [04/Nov/2016 09:24:52] "GET /v2.0/ports.json?device_id=c8f2ef2a-666d-4d00-b30d-7aed8d9d65c2 HTTP/1.1" 200 1091 0.941788
2016-11-04 09:24:52.470 17167 INFO neutron.wsgi [req-6f1abe2e-ae7c-42ed-b61d-e1eda783bf3e 3dc74eecdd0b42f0a6c3e37f95d1075b 4a62dba1952f4d18a8b635aeaed655b3 - - -] 10.10.10.80 - - [04/Nov/2016 09:24:52] "GET /v2.0/security-groups.json?id=4c770efd-2459-48c9-aaf9-b429d375a996 HTTP/1.1" 200 2187 0.085134
```

Các log ở trên là trong file neutron-server tại Controller node, sau khi create xong instance ta thấy xuất hiện thêm log ở một số file sau:
	- /var/log/neutron/dhcp-agent.log trên controller node
	```sh
	2016-11-04 09:24:20.588 2218 INFO neutron.agent.dhcp.agent [req-c1c838ec-f436-4794-a590-858377aeed4e 3dc74eecdd0b42f0a6c3e37f95d1075b 4a62dba1952f4d18a8b635aeaed655b3 - - -] Trigger reload_allocations for port admin_state_up=True, allowed_address_pairs=[], binding:host_id=compute1, binding:profile=, binding:vif_details=ovs_hybrid_plug=True, port_filter=True, binding:vif_type=ovs, binding:vnic_type=normal, created_at=2016-11-04T02:24:19, description=, device_id=c8f2ef2a-666d-4d00-b30d-7aed8d9d65c2, device_owner=compute:nova, dns_name=None, extra_dhcp_opts=[], fixed_ips=[{u'subnet_id': u'b0569f79-0201-47bd-910f-238a4fd130ce', u'ip_address': u'192.168.2.51'}], id=77a12669-d998-4196-b487-655249e9e546, mac_address=fa:16:3e:73:a2:e8, name=, network_id=b3a81f00-7b15-48da-b071-2589f840deff, port_security_enabled=True, security_groups=[u'4c770efd-2459-48c9-aaf9-b429d375a996'], status=DOWN, tenant_id=bd586f74227a48fab42852c8923c4d83, updated_at=2016-11-04T02:24:20
	```
	- /var/log/neutron/neutron-metadata-agent.log trên Controller node:
	```sh
	2016-11-04 09:24:50.582 2124 INFO eventlet.wsgi.server [-] 192.168.2.51,<local> - - [04/Nov/2016 09:24:50] "GET /2009-04-04/meta-data/instance-id HTTP/1.1" 200 127 3.045639
	2016-11-04 09:24:52.516 2124 INFO eventlet.wsgi.server [-] 192.168.2.51,<local> - - [04/Nov/2016 09:24:52] "GET /2009-04-04/meta-data/public-keys HTTP/1.1" 404 176 1.889635
	2016-11-04 09:24:52.648 2124 INFO eventlet.wsgi.server [-] 192.168.2.51,<local> - - [04/Nov/2016 09:24:52] "GET /2009-04-04/meta-data/instance-id HTTP/1.1" 200 127 0.085370
	2016-11-04 09:24:52.677 2124 INFO eventlet.wsgi.server [-] 192.168.2.51,<local> - - [04/Nov/2016 09:24:52] "GET /2009-04-04/meta-data/ami-launch-index HTTP/1.1" 200 117 0.006897
	2016-11-04 09:24:52.711 2124 INFO eventlet.wsgi.server [-] 192.168.2.51,<local> - - [04/Nov/2016 09:24:52] "GET /2009-04-04/meta-data/instance-type HTTP/1.1" 200 123 0.009987
	2016-11-04 09:24:52.743 2124 INFO eventlet.wsgi.server [-] 192.168.2.51,<local> - - [04/Nov/2016 09:24:52] "GET /2009-04-04/meta-data/local-ipv4 HTTP/1.1" 200 129 0.009448
	2016-11-04 09:24:52.777 2124 INFO eventlet.wsgi.server [-] 192.168.2.51,<local> - - [04/Nov/2016 09:24:52] "GET /2009-04-04/meta-data/public-ipv4 HTTP/1.1" 200 116 0.008264
	2016-11-04 09:24:52.809 2124 INFO eventlet.wsgi.server [-] 192.168.2.51,<local> - - [04/Nov/2016 09:24:52] "GET /2009-04-04/meta-data/hostname HTTP/1.1" 200 138 0.007013
	2016-11-04 09:24:52.843 2124 INFO eventlet.wsgi.server [-] 192.168.2.51,<local> - - [04/Nov/2016 09:24:52] "GET /2009-04-04/meta-data/local-hostname HTTP/1.1" 200 138 0.010594
	2016-11-04 09:24:52.881 2124 INFO eventlet.wsgi.server [-] 192.168.2.51,<local> - - [04/Nov/2016 09:24:52] "GET /2009-04-04/user-data HTTP/1.1" 404 176 0.010995
	2016-11-04 09:24:52.930 2124 INFO eventlet.wsgi.server [-] 192.168.2.51,<local> - - [04/Nov/2016 09:24:52] "GET /2009-04-04/meta-data/block-device-mapping HTTP/1.1" 200 124 0.007718
	2016-11-04 09:24:52.967 2124 INFO eventlet.wsgi.server [-] 192.168.2.51,<local> - - [04/Nov/2016 09:24:52] "GET /2009-04-04/meta-data/block-device-mapping/ami HTTP/1.1" 200 119 0.010003
	2016-11-04 09:24:53.002 2124 INFO eventlet.wsgi.server [-] 192.168.2.51,<local> - - [04/Nov/2016 09:24:53] "GET /2009-04-04/meta-data/block-device-mapping/root HTTP/1.1" 200 124 0.009185
	2016-11-04 09:24:53.124 2124 INFO eventlet.wsgi.server [-] 192.168.2.51,<local> - - [04/Nov/2016 09:24:53] "GET /2009-04-04/meta-data/public-hostname HTTP/1.1" 200 138 0.095101
	2016-11-04 09:24:53.161 2124 INFO eventlet.wsgi.server [-] 192.168.2.51,<local> - - [04/Nov/2016 09:24:53] "GET /2009-04-04/meta-data/placement/availability-zone HTTP/1.1" 200 120 0.009116
	```
	- /var/log/neutron/openvswitch-agent.log trên controller node
	```sh
	2016-11-04 09:11:50.675 2214 INFO neutron.plugins.ml2.drivers.openvswitch.agent.ovs_neutron_agent [req-8d7a733f-a6b1-494d-9597-929855ef51a7 - - - - -] Port 8aece323-4060-479d-9a3e-458d68e13be1 updated. Details: {u'profile': {}, u'network_qos_policy_id': None, u'qos_policy_id': None, u'allowed_address_pairs': [], u'admin_state_up': True, u'network_id': u'b3a81f00-7b15-48da-b071-2589f840deff', u'segmentation_id': 396, u'device_owner': u'network:router_interface', u'physical_network': None, u'mac_address': u'fa:16:3e:5f:f2:b7', u'device': u'8aece323-4060-479d-9a3e-458d68e13be1', u'port_security_enabled': False, u'port_id': u'8aece323-4060-479d-9a3e-458d68e13be1', u'fixed_ips': [{u'subnet_id': u'b0569f79-0201-47bd-910f-238a4fd130ce', u'ip_address': u'192.168.2.1'}], u'network_type': u'gre', u'security_groups': []}
	2016-11-04 09:11:51.440 2214 INFO neutron.agent.securitygroups_rpc [req-8d7a733f-a6b1-494d-9597-929855ef51a7 - - - - -] Refresh firewall rules
	2016-11-04 09:11:52.257 2214 INFO neutron.plugins.ml2.drivers.openvswitch.agent.ovs_neutron_agent [req-8d7a733f-a6b1-494d-9597-929855ef51a7 - - - - -] Skipping ARP spoofing rules for port 'qr-8aece323-40' because it has port security disabled
	2016-11-04 09:11:53.830 2214 INFO neutron.plugins.ml2.drivers.openvswitch.agent.ovs_neutron_agent [req-8d7a733f-a6b1-494d-9597-929855ef51a7 - - - - -] Configuration for devices up [u'8aece323-4060-479d-9a3e-458d68e13be1'] and devices down [] completed.
	2016-11-04 09:24:20.250 2214 INFO neutron.agent.securitygroups_rpc [req-c1c838ec-f436-4794-a590-858377aeed4e 3dc74eecdd0b42f0a6c3e37f95d1075b 4a62dba1952f4d18a8b635aeaed655b3 - - -] Security group member updated [u'4c770efd-2459-48c9-aaf9-b429d375a996']
	```
	- /var/log/openvswitch/ovs-vswitchd.log trên controller node
	```sh
	2016-11-04T02:11:49.244Z|00149|bridge|INFO|bridge br-int: added interface qr-8aece323-40 on port 13
	2016-11-04T02:11:49.942Z|00150|netdev_linux|WARN|qr-8aece323-40: removing policing failed: No such device
	2016-11-04T02:11:49.986Z|00151|netdev_linux|INFO|ioctl(SIOCGIFHWADDR) on qr-8aece323-40 device failed: No such device
	2016-11-04T02:11:50.064Z|00152|netdev_linux|WARN|ioctl(SIOCGIFINDEX) on qr-8aece323-40 device failed: No such device
	2016-11-04T02:11:51.108Z|00153|netdev_linux|WARN|qr-8aece323-40: removing policing failed: No such device
	2016-11-04T02:11:52.453Z|00154|connmgr|INFO|br-int<->unix: 1 flow_mods in the last 0 s (1 deletes)
	2016-11-04T02:11:52.646Z|00155|ofp_util|INFO|normalization changed ofp_match, details:
	2016-11-04T02:11:52.646Z|00156|ofp_util|INFO| pre: in_port=13,nw_proto=58,tp_src=136
	2016-11-04T02:11:52.646Z|00157|ofp_util|INFO|post: in_port=13
	2016-11-04T02:11:52.647Z|00158|connmgr|INFO|br-int<->unix: 1 flow_mods in the last 0 s (1 deletes)
	2016-11-04T02:11:52.850Z|00159|connmgr|INFO|br-int<->unix: 1 flow_mods in the last 0 s (1 deletes)
	2016-11-04T02:11:52.995Z|00160|connmgr|INFO|br-int<->unix: 1 flow_mods in the last 0 s (1 deletes)
	2016-11-04T02:11:53.311Z|00161|connmgr|INFO|br-int<->unix: 1 flow_mods in the last 0 s (1 deletes)
	2016-11-04T02:24:34.775Z|00162|connmgr|INFO|br-tun<->unix: 1 flow_mods in the last 0 s (1 adds)
	2016-11-04T02:24:34.970Z|00163|connmgr|INFO|br-tun<->unix: 1 flow_mods in the last 0 s (1 modifications)
	```
	- /var/log/neutron/openvswitch-agent.log trên Compute node
	```sh 
	2016-11-04 09:24:20.249 1900 INFO neutron.agent.securitygroups_rpc [req-c1c838ec-f436-4794-a590-858377aeed4e 3dc74eecdd0b42f0a6c3e37f95d1075b 4a62dba1952f4d18a8b635aeaed655b3 - - -] Security group member updated [u'4c770efd-2459-48c9-aaf9-b429d375a996']
	2016-11-04 09:24:22.829 1900 INFO neutron.agent.securitygroups_rpc [req-f244f227-08d8-4c86-b75d-495e3e8486ed - - - - -] Refresh firewall rules
	2016-11-04 09:24:24.082 1900 INFO neutron.plugins.ml2.drivers.openvswitch.agent.ovs_neutron_agent [req-f244f227-08d8-4c86-b75d-495e3e8486ed - - - - -] Configuration for devices up [] and devices down [] completed.
	2016-11-04 09:24:28.178 1900 INFO neutron.plugins.ml2.drivers.openvswitch.agent.ovs_neutron_agent [req-f244f227-08d8-4c86-b75d-495e3e8486ed - - - - -] Port 77a12669-d998-4196-b487-655249e9e546 updated. Details: {u'profile': {}, u'network_qos_policy_id': None, u'qos_policy_id': None, u'allowed_address_pairs': [], u'admin_state_up': True, u'network_id': u'b3a81f00-7b15-48da-b071-2589f840deff', u'segmentation_id': 396, u'device_owner': u'compute:nova', u'physical_network': None, u'mac_address': u'fa:16:3e:73:a2:e8', u'device': u'77a12669-d998-4196-b487-655249e9e546', u'port_security_enabled': True, u'port_id': u'77a12669-d998-4196-b487-655249e9e546', u'fixed_ips': [{u'subnet_id': u'b0569f79-0201-47bd-910f-238a4fd130ce', u'ip_address': u'192.168.2.51'}], u'network_type': u'gre', u'security_groups': [u'4c770efd-2459-48c9-aaf9-b429d375a996']}
	2016-11-04 09:24:28.181 1900 INFO neutron.plugins.ml2.drivers.openvswitch.agent.ovs_neutron_agent [req-f244f227-08d8-4c86-b75d-495e3e8486ed - - - - -] Assigning 3 as local vlan for net-id=b3a81f00-7b15-48da-b071-2589f840deff
	2016-11-04 09:24:29.563 1900 INFO neutron.agent.securitygroups_rpc [req-f244f227-08d8-4c86-b75d-495e3e8486ed - - - - -] Preparing filters for devices set([u'77a12669-d998-4196-b487-655249e9e546'])
	2016-11-04 09:24:34.854 1900 INFO neutron.plugins.ml2.drivers.openvswitch.agent.ovs_neutron_agent [req-f244f227-08d8-4c86-b75d-495e3e8486ed - - - - -] Configuration for devices up [u'77a12669-d998-4196-b487-655249e9e546'] and devices down [] completed.
	```
	- /var/log/openvswitch/ovs-vswitchd.log trên Compute node
	```sh
	2016-11-04T02:24:24.899Z|00082|bridge|INFO|bridge br-int: added interface qvo77a12669-d9 on port 5
	2016-11-04T02:24:28.441Z|00083|connmgr|INFO|br-tun<->unix: 1 flow_mods in the last 0 s (1 modifications)
	2016-11-04T02:24:28.649Z|00084|connmgr|INFO|br-tun<->unix: 1 flow_mods in the last 0 s (1 adds)
	2016-11-04T02:24:31.543Z|00085|connmgr|INFO|br-int<->unix: 1 flow_mods in the last 0 s (1 deletes)
	2016-11-04T02:24:31.916Z|00086|connmgr|INFO|br-int<->unix: 1 flow_mods in the last 0 s (1 adds)
	2016-11-04T02:24:32.431Z|00087|connmgr|INFO|br-int<->unix: 1 flow_mods in the last 0 s (1 adds)
	2016-11-04T02:24:32.674Z|00088|connmgr|INFO|br-int<->unix: 1 flow_mods in the last 0 s (1 adds)
	2016-11-04T02:24:32.895Z|00089|connmgr|INFO|br-int<->unix: 1 flow_mods in the last 0 s (1 adds)
	2016-11-04T02:24:33.139Z|00090|connmgr|INFO|br-int<->unix: 1 flow_mods in the last 0 s (1 adds)
	2016-11-04T02:24:33.420Z|00091|connmgr|INFO|br-int<->unix: 1 flow_mods in the last 0 s (1 adds)
	2016-11-04T02:24:34.708Z|00092|connmgr|INFO|br-tun<->unix: 2 flow_mods in the last 0 s (2 adds)
	2016-11-04T02:24:34.855Z|00093|connmgr|INFO|br-tun<->unix: 1 flow_mods in the last 0 s (1 modifications)
	```
	
- Add thêm IP floating cho instance vừa tạo:
	- Log tại neutron-server khi click associ floating ip
	```sh	
2016-11-04 09:33:17.841 17167 INFO neutron.wsgi [req-33c1279d-4d4c-4da9-af93-f3f9e6065380 013aa135935b4cfd874a59a1921fc094 bd586f74227a48fab42852c8923c4d83 - - -] 10.10.10.80 - - [04/Nov/2016 09:33:17] "GET /v2.0/extensions.json HTTP/1.1" 200 6007 1.717329
2016-11-04 09:33:17.939 17166 INFO neutron.wsgi [req-ef273127-2c27-4710-bc4e-269515678296 013aa135935b4cfd874a59a1921fc094 bd586f74227a48fab42852c8923c4d83 - - -] 10.10.10.80 - - [04/Nov/2016 09:33:17] "GET /v2.0/floatingips.json?tenant_id=bd586f74227a48fab42852c8923c4d83 HTTP/1.1" 200 644 0.073353
2016-11-04 09:33:18.170 17167 INFO neutron.wsgi [req-4ae0c176-3abe-44b9-9100-b085ced6b252 013aa135935b4cfd874a59a1921fc094 bd586f74227a48fab42852c8923c4d83 - - -] 10.10.10.80 - - [04/Nov/2016 09:33:18] "GET /v2.0/ports.json?tenant_id=bd586f74227a48fab42852c8923c4d83 HTTP/1.1" 200 7131 0.211055
2016-11-04 09:33:18.367 17166 INFO neutron.wsgi [req-8bba87ad-839f-4a3e-ab75-113fec4b4133 013aa135935b4cfd874a59a1921fc094 bd586f74227a48fab42852c8923c4d83 - - -] 10.10.10.80 - - [04/Nov/2016 09:33:18] "GET /v2.0/ports.json?tenant_id=bd586f74227a48fab42852c8923c4d83 HTTP/1.1" 200 7131 0.172060
2016-11-04 09:33:18.900 17167 INFO neutron.wsgi [req-a8130c34-d175-41f9-9894-fcc1f7f3d97f 013aa135935b4cfd874a59a1921fc094 bd586f74227a48fab42852c8923c4d83 - - -] 10.10.10.80 - - [04/Nov/2016 09:33:18] "GET /v2.0/ports.json?device_id=c8f2ef2a-666d-4d00-b30d-7aed8d9d65c2&device_id=4beeb754-07b9-40fb-92f0-4cdc761399fe&device_id=35a6b2b6-e87c-40a3-87d0-94e1d669340b&device_id=b445a2c9-b152-43e8-82d2-c3d4982989c6 HTTP/1.1" 200 2825 0.166540
2016-11-04 09:33:19.188 17167 INFO neutron.wsgi [req-78990584-c74f-4248-9152-74b1be42b294 013aa135935b4cfd874a59a1921fc094 bd586f74227a48fab42852c8923c4d83 - - -] 10.10.10.80 - - [04/Nov/2016 09:33:19] "GET /v2.0/security-groups.json?id=4c770efd-2459-48c9-aaf9-b429d375a996 HTTP/1.1" 200 2187 0.272321
2016-11-04 09:33:19.414 17166 INFO neutron.wsgi [req-1935c67e-094b-4271-ab66-9eb56e1091bf 013aa135935b4cfd874a59a1921fc094 bd586f74227a48fab42852c8923c4d83 - - -] 10.10.10.80 - - [04/Nov/2016 09:33:19] "GET /v2.0/networks.json?router%3Aexternal=True HTTP/1.1" 200 880 0.182947
2016-11-04 09:33:19.539 17167 INFO neutron.wsgi [req-0d2cbf4d-049b-4ec8-9568-7270181763e0 013aa135935b4cfd874a59a1921fc094 bd586f74227a48fab42852c8923c4d83 - - -] 10.10.10.80 - - [04/Nov/2016 09:33:19] "GET /v2.0/routers.json HTTP/1.1" 200 1240 0.112422
2016-11-04 09:33:19.728 17166 INFO neutron.wsgi [req-c75fb64b-8181-4cbf-8208-a281a41fe87e 013aa135935b4cfd874a59a1921fc094 bd586f74227a48fab42852c8923c4d83 - - -] 10.10.10.80 - - [04/Nov/2016 09:33:19] "GET /v2.0/networks.json?shared=True HTTP/1.1" 200 880 0.172552
2016-11-04 09:33:19.891 17167 INFO neutron.wsgi [req-8d13f480-72d2-4fe4-9b90-839d03c02438 013aa135935b4cfd874a59a1921fc094 bd586f74227a48fab42852c8923c4d83 - - -] 10.10.10.80 - - [04/Nov/2016 09:33:19] "GET /v2.0/subnets.json HTTP/1.1" 200 1903 0.160328
	```
	- Click buttom +
	```sh
	2016-11-04 09:34:17.523 17167 INFO neutron.wsgi [req-d129ea9c-4b48-495c-8c49-4dc6a8426511 013aa135935b4cfd874a59a1921fc094 bd586f74227a48fab42852c8923c4d83 - - -] 10.10.10.80 - - [04/Nov/2016 09:34:17] "GET /v2.0/extensions.json HTTP/1.1" 200 6007 0.014647
2016-11-04 09:34:17.703 17166 INFO neutron.wsgi [req-347a8066-25f4-4957-a3e6-40808dc38950 013aa135935b4cfd874a59a1921fc094 bd586f74227a48fab42852c8923c4d83 - - -] 10.10.10.80 - - [04/Nov/2016 09:34:17] "GET /v2.0/networks.json?router%3Aexternal=True HTTP/1.1" 200 880 0.161437
2016-11-04 09:34:17.933 17167 INFO neutron.wsgi [req-7f1f17bb-4c58-4464-9b64-604a08b11b32 013aa135935b4cfd874a59a1921fc094 bd586f74227a48fab42852c8923c4d83 - - -] 10.10.10.80 - - [04/Nov/2016 09:34:17] "GET /v2.0/quotas/bd586f74227a48fab42852c8923c4d83.json HTTP/1.1" 200 385 0.055566
2016-11-04 09:34:18.593 17166 INFO neutron.wsgi [req-7a765cba-e322-4974-a20e-1cecc7e5fcc2 013aa135935b4cfd874a59a1921fc094 bd586f74227a48fab42852c8923c4d83 - - -] 10.10.10.80 - - [04/Nov/2016 09:34:18] "GET /v2.0/ports.json?device_id=c8f2ef2a-666d-4d00-b30d-7aed8d9d65c2&device_id=4beeb754-07b9-40fb-92f0-4cdc761399fe&device_id=35a6b2b6-e87c-40a3-87d0-94e1d669340b&device_id=b445a2c9-b152-43e8-82d2-c3d4982989c6 HTTP/1.1" 200 2825 0.189129
2016-11-04 09:34:18.775 17166 INFO neutron.wsgi [req-47b72c07-f416-4542-af31-0c9bca78d76f 013aa135935b4cfd874a59a1921fc094 bd586f74227a48fab42852c8923c4d83 - - -] 10.10.10.80 - - [04/Nov/2016 09:34:18] "GET /v2.0/security-groups.json?id=4c770efd-2459-48c9-aaf9-b429d375a996 HTTP/1.1" 200 2187 0.169544
2016-11-04 09:34:18.961 17166 INFO neutron.wsgi [req-1f2865d7-c295-4514-bf1b-c20ab0a630e4 013aa135935b4cfd874a59a1921fc094 bd586f74227a48fab42852c8923c4d83 - - -] 10.10.10.80 - - [04/Nov/2016 09:34:18] "GET /v2.0/floatingips.json?tenant_id=bd586f74227a48fab42852c8923c4d83 HTTP/1.1" 200 644 0.047286
2016-11-04 09:34:19.107 17167 INFO neutron.wsgi [req-d40d0287-5de9-4e42-8f8f-71ca72412b12 013aa135935b4cfd874a59a1921fc094 bd586f74227a48fab42852c8923c4d83 - - -] 10.10.10.80 - - [04/Nov/2016 09:34:19] "GET /v2.0/ports.json?tenant_id=bd586f74227a48fab42852c8923c4d83 HTTP/1.1" 200 7131 0.121981
2016-11-04 09:34:19.300 17166 INFO neutron.wsgi [req-70047cc8-5349-4c42-b394-d933aa331000 013aa135935b4cfd874a59a1921fc094 bd586f74227a48fab42852c8923c4d83 - - -] 10.10.10.80 - - [04/Nov/2016 09:34:19] "GET /v2.0/security-groups.json?tenant_id=bd586f74227a48fab42852c8923c4d83 HTTP/1.1" 200 2187 0.174884
2016-11-04 09:34:19.545 17167 INFO neutron.wsgi [req-4d7562ac-7762-451e-8d81-6eebca71679b 013aa135935b4cfd874a59a1921fc094 bd586f74227a48fab42852c8923c4d83 - - -] 10.10.10.80 - - [04/Nov/2016 09:34:19] "GET /v2.0/networks.json?shared=False HTTP/1.1" 200 1489 0.216803
2016-11-04 09:34:19.697 17166 INFO neutron.wsgi [req-12fa36cd-14b1-493b-a549-6d9b5205df80 013aa135935b4cfd874a59a1921fc094 bd586f74227a48fab42852c8923c4d83 - - -] 10.10.10.80 - - [04/Nov/2016 09:34:19] "GET /v2.0/subnets.json HTTP/1.1" 200 1903 0.140479
2016-11-04 09:34:19.921 17167 INFO neutron.wsgi [req-d4ad717c-77dc-4a1c-ae70-6fda7f3018dc 013aa135935b4cfd874a59a1921fc094 bd586f74227a48fab42852c8923c4d83 - - -] 10.10.10.80 - - [04/Nov/2016 09:34:19] "GET /v2.0/networks.json?shared=True HTTP/1.1" 200 880 0.218823
2016-11-04 09:34:20.161 17166 INFO neutron.wsgi [req-2443b99a-020d-47fe-b407-85c44fdcca54 013aa135935b4cfd874a59a1921fc094 bd586f74227a48fab42852c8923c4d83 - - -] 10.10.10.80 - - [04/Nov/2016 09:34:20] "GET /v2.0/subnets.json HTTP/1.1" 200 1903 0.224566
2016-11-04 09:34:20.614 17167 INFO neutron.wsgi [req-d94b9348-9bae-436b-9e48-04fa62fdcdbe 013aa135935b4cfd874a59a1921fc094 bd586f74227a48fab42852c8923c4d83 - - -] 10.10.10.80 - - [04/Nov/2016 09:34:20] "GET /v2.0/subnets.json HTTP/1.1" 200 1903 0.439203
2016-11-04 09:34:20.702 17166 INFO neutron.wsgi [req-2f505294-6774-4ae3-8c33-945f0fa99199 013aa135935b4cfd874a59a1921fc094 bd586f74227a48fab42852c8923c4d83 - - -] 10.10.10.80 - - [04/Nov/2016 09:34:20] "GET /v2.0/routers.json HTTP/1.1" 200 1240 0.086733
	```
	- Click allocate IP:
	```sh
	2016-11-04 09:35:10.482 17167 INFO neutron.wsgi [req-6b040cab-4e07-402a-9274-1c42b5d9d066 013aa135935b4cfd874a59a1921fc094 bd586f74227a48fab42852c8923c4d83 - - -] 10.10.10.80 - - [04/Nov/2016 09:35:10] "GET /v2.0/extensions.json HTTP/1.1" 200 6007 0.023444
2016-11-04 09:35:10.673 17166 INFO neutron.wsgi [req-5e121591-c0e5-4a1d-92ec-6fa182221a99 013aa135935b4cfd874a59a1921fc094 bd586f74227a48fab42852c8923c4d83 - - -] 10.10.10.80 - - [04/Nov/2016 09:35:10] "GET /v2.0/networks.json?router%3Aexternal=True HTTP/1.1" 200 880 0.165741
2016-11-04 09:35:10.736 17167 INFO neutron.wsgi [req-4ddc2888-befc-417a-93e5-fe8606db8aa9 013aa135935b4cfd874a59a1921fc094 bd586f74227a48fab42852c8923c4d83 - - -] 10.10.10.80 - - [04/Nov/2016 09:35:10] "GET /v2.0/quotas/bd586f74227a48fab42852c8923c4d83.json HTTP/1.1" 200 385 0.010349
2016-11-04 09:35:11.087 17166 INFO neutron.wsgi [req-4c74ccba-2471-4d8b-a663-e6b3872dd4a0 013aa135935b4cfd874a59a1921fc094 bd586f74227a48fab42852c8923c4d83 - - -] 10.10.10.80 - - [04/Nov/2016 09:35:11] "GET /v2.0/ports.json?device_id=c8f2ef2a-666d-4d00-b30d-7aed8d9d65c2&device_id=4beeb754-07b9-40fb-92f0-4cdc761399fe&device_id=35a6b2b6-e87c-40a3-87d0-94e1d669340b&device_id=b445a2c9-b152-43e8-82d2-c3d4982989c6 HTTP/1.1" 200 2825 0.146936
2016-11-04 09:35:11.383 17166 INFO neutron.wsgi [req-fdcade67-634b-4f50-8181-17cc59c9b5b2 013aa135935b4cfd874a59a1921fc094 bd586f74227a48fab42852c8923c4d83 - - -] 10.10.10.80 - - [04/Nov/2016 09:35:11] "GET /v2.0/security-groups.json?id=4c770efd-2459-48c9-aaf9-b429d375a996 HTTP/1.1" 200 2187 0.281166
2016-11-04 09:35:11.540 17167 INFO neutron.wsgi [req-d61ea854-8639-45b9-873d-3dc97c93cd3f 013aa135935b4cfd874a59a1921fc094 bd586f74227a48fab42852c8923c4d83 - - -] 10.10.10.80 - - [04/Nov/2016 09:35:11] "GET /v2.0/floatingips.json?tenant_id=bd586f74227a48fab42852c8923c4d83 HTTP/1.1" 200 644 0.032124
2016-11-04 09:35:11.619 17166 INFO neutron.wsgi [req-701f2ce0-8a0b-4a1e-a7c1-2b939a2f868a 013aa135935b4cfd874a59a1921fc094 bd586f74227a48fab42852c8923c4d83 - - -] 10.10.10.80 - - [04/Nov/2016 09:35:11] "GET /v2.0/ports.json?tenant_id=bd586f74227a48fab42852c8923c4d83 HTTP/1.1" 200 7131 0.068638
2016-11-04 09:35:11.750 17167 INFO neutron.wsgi [req-3749492b-ec95-4feb-aeab-5cc3553e00af 013aa135935b4cfd874a59a1921fc094 bd586f74227a48fab42852c8923c4d83 - - -] 10.10.10.80 - - [04/Nov/2016 09:35:11] "GET /v2.0/security-groups.json?tenant_id=bd586f74227a48fab42852c8923c4d83 HTTP/1.1" 200 2187 0.124783
2016-11-04 09:35:12.017 17166 INFO neutron.wsgi [req-59631953-7960-4d26-9f87-c74f6ddfe316 013aa135935b4cfd874a59a1921fc094 bd586f74227a48fab42852c8923c4d83 - - -] 10.10.10.80 - - [04/Nov/2016 09:35:12] "GET /v2.0/networks.json?shared=False HTTP/1.1" 200 1489 0.237778
2016-11-04 09:35:12.314 17166 INFO neutron.wsgi [req-e13af277-0c74-4e8d-9a43-1f07d7e40f5c 013aa135935b4cfd874a59a1921fc094 bd586f74227a48fab42852c8923c4d83 - - -] 10.10.10.80 - - [04/Nov/2016 09:35:12] "GET /v2.0/subnets.json HTTP/1.1" 200 1903 0.267672
2016-11-04 09:35:12.646 17167 INFO neutron.wsgi [req-a12ca950-12ad-4c94-88d8-1ae45b72de54 013aa135935b4cfd874a59a1921fc094 bd586f74227a48fab42852c8923c4d83 - - -] 10.10.10.80 - - [04/Nov/2016 09:35:12] "GET /v2.0/networks.json?shared=True HTTP/1.1" 200 880 0.325015
2016-11-04 09:35:13.391 17166 INFO neutron.wsgi [req-88da676a-9e14-4e4d-97c4-dc31cd7085f9 013aa135935b4cfd874a59a1921fc094 bd586f74227a48fab42852c8923c4d83 - - -] 10.10.10.80 - - [04/Nov/2016 09:35:13] "GET /v2.0/subnets.json HTTP/1.1" 200 1903 0.732351
2016-11-04 09:35:13.573 17167 INFO neutron.wsgi [req-e6c7b618-799b-487e-a64d-07f4c18096ba 013aa135935b4cfd874a59a1921fc094 bd586f74227a48fab42852c8923c4d83 - - -] 10.10.10.80 - - [04/Nov/2016 09:35:13] "GET /v2.0/subnets.json HTTP/1.1" 200 1903 0.137117
2016-11-04 09:35:13.678 17166 INFO neutron.wsgi [req-2e8df05f-a489-4d4f-823d-a07c29d3342d 013aa135935b4cfd874a59a1921fc094 bd586f74227a48fab42852c8923c4d83 - - -] 10.10.10.80 - - [04/Nov/2016 09:35:13] "GET /v2.0/routers.json HTTP/1.1" 200 1240 0.101247
2016-11-04 09:35:15.086 17167 INFO neutron.wsgi [req-c10b3c50-e7a5-4460-b020-cc7a826625c3 013aa135935b4cfd874a59a1921fc094 bd586f74227a48fab42852c8923c4d83 - - -] 10.10.10.80 - - [04/Nov/2016 09:35:15] "POST /v2.0/floatingips.json HTTP/1.1" 201 566 1.394173
	```
	- Sau khi có IP, click Associate:
	```sh
	2016-11-04 09:36:11.807 17167 INFO neutron.wsgi [req-6bbbb58c-effc-41bf-8b2e-c49d9f001ce6 013aa135935b4cfd874a59a1921fc094 bd586f74227a48fab42852c8923c4d83 - - -] 10.10.10.80 - - [04/Nov/2016 09:36:11] "GET /v2.0/extensions.json HTTP/1.1" 200 6007 0.009572
2016-11-04 09:36:11.866 17166 INFO neutron.wsgi [req-3c18c45b-e4fb-4406-a626-b5d2baf97f36 013aa135935b4cfd874a59a1921fc094 bd586f74227a48fab42852c8923c4d83 - - -] 10.10.10.80 - - [04/Nov/2016 09:36:11] "GET /v2.0/floatingips.json?tenant_id=bd586f74227a48fab42852c8923c4d83 HTTP/1.1" 200 977 0.044497
2016-11-04 09:36:12.026 17167 INFO neutron.wsgi [req-ac16b7b0-7aaf-4fed-9430-5bdd19f08680 013aa135935b4cfd874a59a1921fc094 bd586f74227a48fab42852c8923c4d83 - - -] 10.10.10.80 - - [04/Nov/2016 09:36:12] "GET /v2.0/ports.json?tenant_id=bd586f74227a48fab42852c8923c4d83 HTTP/1.1" 200 7131 0.138084
2016-11-04 09:36:12.173 17166 INFO neutron.wsgi [req-ad02059c-56fd-423e-9073-b4219ef3cf05 013aa135935b4cfd874a59a1921fc094 bd586f74227a48fab42852c8923c4d83 - - -] 10.10.10.80 - - [04/Nov/2016 09:36:12] "GET /v2.0/ports.json?tenant_id=bd586f74227a48fab42852c8923c4d83 HTTP/1.1" 200 7131 0.119576
2016-11-04 09:36:12.595 17166 INFO neutron.wsgi [req-06661361-5705-4a0c-a979-8b9bb17f89a6 013aa135935b4cfd874a59a1921fc094 bd586f74227a48fab42852c8923c4d83 - - -] 10.10.10.80 - - [04/Nov/2016 09:36:12] "GET /v2.0/ports.json?device_id=c8f2ef2a-666d-4d00-b30d-7aed8d9d65c2&device_id=4beeb754-07b9-40fb-92f0-4cdc761399fe&device_id=35a6b2b6-e87c-40a3-87d0-94e1d669340b&device_id=b445a2c9-b152-43e8-82d2-c3d4982989c6 HTTP/1.1" 200 2825 0.087678
2016-11-04 09:36:12.724 17166 INFO neutron.wsgi [req-be748709-873b-4fca-a924-2449ceec577d 013aa135935b4cfd874a59a1921fc094 bd586f74227a48fab42852c8923c4d83 - - -] 10.10.10.80 - - [04/Nov/2016 09:36:12] "GET /v2.0/security-groups.json?id=4c770efd-2459-48c9-aaf9-b429d375a996 HTTP/1.1" 200 2187 0.116858
2016-11-04 09:36:12.904 17167 INFO neutron.wsgi [req-b746919f-e7cd-416c-8b2c-99ba9f54a273 013aa135935b4cfd874a59a1921fc094 bd586f74227a48fab42852c8923c4d83 - - -] 10.10.10.80 - - [04/Nov/2016 09:36:12] "GET /v2.0/networks.json?router%3Aexternal=True HTTP/1.1" 200 880 0.147750
2016-11-04 09:36:13.137 17166 INFO neutron.wsgi [req-5fb0e1e0-49cd-4728-ab62-bdfa4bbdd4e3 013aa135935b4cfd874a59a1921fc094 bd586f74227a48fab42852c8923c4d83 - - -] 10.10.10.80 - - [04/Nov/2016 09:36:13] "GET /v2.0/routers.json HTTP/1.1" 200 1240 0.208346
2016-11-04 09:36:13.456 17167 INFO neutron.wsgi [req-19792ec6-f790-4241-849b-41e728cc41b5 013aa135935b4cfd874a59a1921fc094 bd586f74227a48fab42852c8923c4d83 - - -] 10.10.10.80 - - [04/Nov/2016 09:36:13] "GET /v2.0/networks.json?shared=True HTTP/1.1" 200 880 0.275079
2016-11-04 09:36:13.661 17166 INFO neutron.wsgi [req-f0dbcd67-8374-4144-85d5-cbbef37351bd 013aa135935b4cfd874a59a1921fc094 bd586f74227a48fab42852c8923c4d83 - - -] 10.10.10.80 - - [04/Nov/2016 09:36:13] "GET /v2.0/subnets.json HTTP/1.1" 200 1903 0.170642
2016-11-04 09:36:15.245 17167 INFO neutron.wsgi [req-9558e697-556a-4b53-846a-8e77d573ccef 013aa135935b4cfd874a59a1921fc094 bd586f74227a48fab42852c8923c4d83 - - -] 10.10.10.80 - - [04/Nov/2016 09:36:15] "PUT /v2.0/floatingips/ffc5dbec-2b0e-4f7d-9a98-9dfbf569ac82.json HTTP/1.1" 200 639 1.562804
2016-11-04 09:36:15.578 17167 INFO neutron.wsgi [req-78d04f2d-8e32-4e49-8cbb-785bb4ccd5a9 013aa135935b4cfd874a59a1921fc094 bd586f74227a48fab42852c8923c4d83 - - -] 10.10.10.80 - - [04/Nov/2016 09:36:15] "GET /v2.0/ports.json?device_id=c8f2ef2a-666d-4d00-b30d-7aed8d9d65c2 HTTP/1.1" 200 1091 0.057369
2016-11-04 09:36:15.661 17167 INFO neutron.wsgi [req-91f1336f-306c-4864-baef-00a7a5683050 013aa135935b4cfd874a59a1921fc094 bd586f74227a48fab42852c8923c4d83 - - -] 10.10.10.80 - - [04/Nov/2016 09:36:15] "GET /v2.0/security-groups.json?id=4c770efd-2459-48c9-aaf9-b429d375a996 HTTP/1.1" 200 2187 0.080848
2016-11-04 09:36:15.789 17166 INFO neutron.wsgi [req-48741f8e-002e-4c20-b077-286768ca2982 013aa135935b4cfd874a59a1921fc094 bd586f74227a48fab42852c8923c4d83 - - -] 10.10.10.80 - - [04/Nov/2016 09:36:15] "GET /v2.0/ports.json?device_id=c8f2ef2a-666d-4d00-b30d-7aed8d9d65c2 HTTP/1.1" 200 1091 0.065840
2016-11-04 09:36:15.868 17167 INFO neutron.wsgi [req-231228ed-0b54-45ff-96c2-bbfc14935c8f 013aa135935b4cfd874a59a1921fc094 bd586f74227a48fab42852c8923c4d83 - - -] 10.10.10.80 - - [04/Nov/2016 09:36:15] "GET /v2.0/floatingips.json?tenant_id=bd586f74227a48fab42852c8923c4d83&port_id=77a12669-d998-4196-b487-655249e9e546 HTTP/1.1" 200 642 0.084778
2016-11-04 09:36:15.985 17166 INFO neutron.wsgi [req-46a46205-09cd-4bc7-89c9-7b0654491f0b 013aa135935b4cfd874a59a1921fc094 bd586f74227a48fab42852c8923c4d83 - - -] 10.10.10.80 - - [04/Nov/2016 09:36:15] "GET /v2.0/ports.json?tenant_id=bd586f74227a48fab42852c8923c4d83 HTTP/1.1" 200 7131 0.124834
2016-11-04 09:36:16.280 17167 INFO neutron.wsgi [req-57615c22-a95a-403f-bf97-fb7d437ba8db 013aa135935b4cfd874a59a1921fc094 bd586f74227a48fab42852c8923c4d83 - - -] 10.10.10.80 - - [04/Nov/2016 09:36:16] "GET /v2.0/networks.json?id=b3a81f00-7b15-48da-b071-2589f840deff HTTP/1.1" 200 860 0.290270
2016-11-04 09:36:16.793 17166 INFO neutron.wsgi [req-0e00b4e0-514b-463c-b719-8a410b03a4e8 013aa135935b4cfd874a59a1921fc094 bd586f74227a48fab42852c8923c4d83 - - -] 10.10.10.80 - - [04/Nov/2016 09:36:16] "GET /v2.0/subnets.json HTTP/1.1" 200 1903 0.492932
2016-11-04 09:36:17.312 17166 INFO neutron.wsgi [req-50717900-4b3e-456f-b34e-5162c1d28108 013aa135935b4cfd874a59a1921fc094 bd586f74227a48fab42852c8923c4d83 - - -] 10.10.10.80 - - [04/Nov/2016 09:36:17] "GET /v2.0/extensions.json HTTP/1.1" 200 6007 0.035138
2016-11-04 09:36:19.536 17167 INFO neutron.wsgi [req-966ab203-b302-44a3-81b9-0584cbce33f6 013aa135935b4cfd874a59a1921fc094 bd586f74227a48fab42852c8923c4d83 - - -] 10.10.10.80 - - [04/Nov/2016 09:36:19] "GET /v2.0/ports.json?device_id=c8f2ef2a-666d-4d00-b30d-7aed8d9d65c2&device_id=4beeb754-07b9-40fb-92f0-4cdc761399fe&device_id=35a6b2b6-e87c-40a3-87d0-94e1d669340b&device_id=b445a2c9-b152-43e8-82d2-c3d4982989c6 HTTP/1.1" 200 2825 0.193210
2016-11-04 09:36:19.774 17167 INFO neutron.wsgi [req-d570b15e-ff92-4f6a-8ef3-60d358043e85 013aa135935b4cfd874a59a1921fc094 bd586f74227a48fab42852c8923c4d83 - - -] 10.10.10.80 - - [04/Nov/2016 09:36:19] "GET /v2.0/security-groups.json?id=4c770efd-2459-48c9-aaf9-b429d375a996 HTTP/1.1" 200 2187 0.233608
2016-11-04 09:36:20.192 17166 INFO neutron.wsgi [req-ab56ff06-d31c-4314-8925-3f450f9c2703 013aa135935b4cfd874a59a1921fc094 bd586f74227a48fab42852c8923c4d83 - - -] 10.10.10.80 - - [04/Nov/2016 09:36:20] "GET /v2.0/ports.json?device_id=c8f2ef2a-666d-4d00-b30d-7aed8d9d65c2&device_id=4beeb754-07b9-40fb-92f0-4cdc761399fe&device_id=35a6b2b6-e87c-40a3-87d0-94e1d669340b&device_id=b445a2c9-b152-43e8-82d2-c3d4982989c6 HTTP/1.1" 200 2825 0.329312
2016-11-04 09:36:20.416 17167 INFO neutron.wsgi [req-b6965093-9c1a-46f6-99b1-063a7030c625 013aa135935b4cfd874a59a1921fc094 bd586f74227a48fab42852c8923c4d83 - - -] 10.10.10.80 - - [04/Nov/2016 09:36:20] "GET /v2.0/floatingips.json?tenant_id=bd586f74227a48fab42852c8923c4d83&port_id=015c3cb1-6b2c-49dd-98fc-813487ae1aa0&port_id=77a12669-d998-4196-b487-655249e9e546&port_id=ce521cc5-e5ad-4d76-846a-a41eb3076301 HTTP/1.1" 200 1057 0.153924
2016-11-04 09:36:20.699 17166 INFO neutron.wsgi [req-5e90013f-68fc-444c-aeae-262191d91c91 013aa135935b4cfd874a59a1921fc094 bd586f74227a48fab42852c8923c4d83 - - -] 10.10.10.80 - - [04/Nov/2016 09:36:20] "GET /v2.0/ports.json?tenant_id=bd586f74227a48fab42852c8923c4d83 HTTP/1.1" 200 7131 0.236817
2016-11-04 09:36:20.928 17167 INFO neutron.wsgi [req-7a0202b1-de5a-40c6-8661-ad94c5cec154 013aa135935b4cfd874a59a1921fc094 bd586f74227a48fab42852c8923c4d83 - - -] 10.10.10.80 - - [04/Nov/2016 09:36:20] "GET /v2.0/networks.json?id=304a7243-e2e8-49e4-8b01-bff41b80aecf&id=b3a81f00-7b15-48da-b071-2589f840deff&id=d3107881-083f-4bf7-a8b5-d8f0b3a46388 HTTP/1.1" 200 2141 0.226862
2016-11-04 09:36:20.941 17167 INFO neutron.notifiers.nova [-] Nova event response: {u'status': u'completed', u'code': 200, u'name': u'network-changed', u'server_uuid': u'c8f2ef2a-666d-4d00-b30d-7aed8d9d65c2'}
2016-11-04 09:36:21.104 17167 INFO neutron.wsgi [req-4fba4728-9447-4463-8b85-3fb48a30492a 3dc74eecdd0b42f0a6c3e37f95d1075b 4a62dba1952f4d18a8b635aeaed655b3 - - -] 10.10.10.81 - - [04/Nov/2016 09:36:21] "GET /v2.0/ports.json?tenant_id=bd586f74227a48fab42852c8923c4d83&device_id=c8f2ef2a-666d-4d00-b30d-7aed8d9d65c2 HTTP/1.1" 200 1091 0.155517
2016-11-04 09:36:21.300 17166 INFO neutron.wsgi [req-eac34ef7-d176-4ad1-96a5-e1876cbcf332 013aa135935b4cfd874a59a1921fc094 bd586f74227a48fab42852c8923c4d83 - - -] 10.10.10.80 - - [04/Nov/2016 09:36:21] "GET /v2.0/subnets.json HTTP/1.1" 200 1903 0.351170
2016-11-04 09:36:21.325 17167 INFO neutron.wsgi [req-2d48348d-6cc0-4088-a733-ddcbb0db498e 51358268cc894066a5876114769ac86e 4a62dba1952f4d18a8b635aeaed655b3 - - -] 10.10.10.81 - - [04/Nov/2016 09:36:21] "GET /v2.0/networks.json?id=b3a81f00-7b15-48da-b071-2589f840deff HTTP/1.1" 200 860 0.211898
2016-11-04 09:36:21.377 17167 INFO neutron.wsgi [req-139578e4-9eaf-42f3-a92c-7e1e95d203d9 3dc74eecdd0b42f0a6c3e37f95d1075b 4a62dba1952f4d18a8b635aeaed655b3 - - -] 10.10.10.81 - - [04/Nov/2016 09:36:21] "GET /v2.0/floatingips.json?fixed_ip_address=192.168.2.51&port_id=77a12669-d998-4196-b487-655249e9e546 HTTP/1.1" 200 644 0.039433
2016-11-04 09:36:21.510 17167 INFO neutron.wsgi [req-4dc5bb4b-584d-42cb-b235-6141ac685739 51358268cc894066a5876114769ac86e 4a62dba1952f4d18a8b635aeaed655b3 - - -] 10.10.10.81 - - [04/Nov/2016 09:36:21] "GET /v2.0/subnets.json?id=b0569f79-0201-47bd-910f-238a4fd130ce HTTP/1.1" 200 783 0.121601
2016-11-04 09:36:21.671 17167 INFO neutron.wsgi [req-4bbb94b7-faa3-4bf5-961d-42a11bae00e5 51358268cc894066a5876114769ac86e 4a62dba1952f4d18a8b635aeaed655b3 - - -] 10.10.10.81 - - [04/Nov/2016 09:36:21] "GET /v2.0/ports.json?network_id=b3a81f00-7b15-48da-b071-2589f840deff&device_owner=network%3Adhcp HTTP/1.1" 200 1098 0.146659
	```

==> Toàn bộ Log của các sự kiện tạo network, subnet, instance.

## LOG "soft reboot" instance:
Neutron-server:
```sh
2016-11-04 09:41:00.043 17166 INFO neutron.wsgi [req-6ed4d819-dfa2-4ff5-99fc-33e393467cb7 013aa135935b4cfd874a59a1921fc094 bd586f74227a48fab42852c8923c4d83 - - -] 10.10.10.80 - - [04/Nov/2016 09:41:00] "GET /v2.0/ports.json?device_id=c8f2ef2a-666d-4d00-b30d-7aed8d9d65c2&device_id=4beeb754-07b9-40fb-92f0-4cdc761399fe&device_id=35a6b2b6-e87c-40a3-87d0-94e1d669340b&device_id=b445a2c9-b152-43e8-82d2-c3d4982989c6 HTTP/1.1" 200 2825 0.137455
2016-11-04 09:41:00.209 17166 INFO neutron.wsgi [req-66971c92-7aed-46f2-a680-102d5d061e22 013aa135935b4cfd874a59a1921fc094 bd586f74227a48fab42852c8923c4d83 - - -] 10.10.10.80 - - [04/Nov/2016 09:41:00] "GET /v2.0/security-groups.json?id=4c770efd-2459-48c9-aaf9-b429d375a996 HTTP/1.1" 200 2187 0.148433
2016-11-04 09:41:00.385 17167 INFO neutron.wsgi [req-aae97895-b5de-4082-b9fa-066146255a3c 013aa135935b4cfd874a59a1921fc094 bd586f74227a48fab42852c8923c4d83 - - -] 10.10.10.80 - - [04/Nov/2016 09:41:00] "GET /v2.0/ports.json?device_id=c8f2ef2a-666d-4d00-b30d-7aed8d9d65c2&device_id=4beeb754-07b9-40fb-92f0-4cdc761399fe&device_id=35a6b2b6-e87c-40a3-87d0-94e1d669340b&device_id=b445a2c9-b152-43e8-82d2-c3d4982989c6 HTTP/1.1" 200 2825 0.137695
2016-11-04 09:41:00.472 17166 INFO neutron.wsgi [req-d07474d6-dcd4-4513-8f38-d53ea67a413a 013aa135935b4cfd874a59a1921fc094 bd586f74227a48fab42852c8923c4d83 - - -] 10.10.10.80 - - [04/Nov/2016 09:41:00] "GET /v2.0/floatingips.json?tenant_id=bd586f74227a48fab42852c8923c4d83&port_id=015c3cb1-6b2c-49dd-98fc-813487ae1aa0&port_id=77a12669-d998-4196-b487-655249e9e546&port_id=ce521cc5-e5ad-4d76-846a-a41eb3076301 HTTP/1.1" 200 1057 0.084658
2016-11-04 09:41:00.650 17166 INFO neutron.wsgi [req-9be3a03c-b54f-4a04-bbb3-dc661feb1fbe 013aa135935b4cfd874a59a1921fc094 bd586f74227a48fab42852c8923c4d83 - - -] 10.10.10.80 - - [04/Nov/2016 09:41:00] "GET /v2.0/ports.json?tenant_id=bd586f74227a48fab42852c8923c4d83 HTTP/1.1" 200 7131 0.159578
2016-11-04 09:41:00.917 17167 INFO neutron.wsgi [req-eca22461-257a-4529-968e-28f5206de233 013aa135935b4cfd874a59a1921fc094 bd586f74227a48fab42852c8923c4d83 - - -] 10.10.10.80 - - [04/Nov/2016 09:41:00] "GET /v2.0/networks.json?id=304a7243-e2e8-49e4-8b01-bff41b80aecf&id=b3a81f00-7b15-48da-b071-2589f840deff&id=d3107881-083f-4bf7-a8b5-d8f0b3a46388 HTTP/1.1" 200 2141 0.283509
2016-11-04 09:41:01.093 17166 INFO neutron.wsgi [req-c3f0538c-5518-48a4-8a17-2e184d52b3bf 013aa135935b4cfd874a59a1921fc094 bd586f74227a48fab42852c8923c4d83 - - -] 10.10.10.80 - - [04/Nov/2016 09:41:01] "GET /v2.0/subnets.json HTTP/1.1" 200 1903 0.168629
2016-11-04 09:41:02.555 17167 INFO neutron.wsgi [req-af509719-0586-4c9a-b14a-2fe16dde7d77 3dc74eecdd0b42f0a6c3e37f95d1075b 4a62dba1952f4d18a8b635aeaed655b3 - - -] 10.10.10.81 - - [04/Nov/2016 09:41:02] "GET /v2.0/ports.json?tenant_id=bd586f74227a48fab42852c8923c4d83&device_id=c8f2ef2a-666d-4d00-b30d-7aed8d9d65c2 HTTP/1.1" 200 1091 0.155104
2016-11-04 09:41:02.986 17167 INFO neutron.wsgi [req-106cd264-8976-4171-857f-3ea6684fbb1b 013aa135935b4cfd874a59a1921fc094 bd586f74227a48fab42852c8923c4d83 - - -] 10.10.10.81 - - [04/Nov/2016 09:41:02] "GET /v2.0/networks.json?id=b3a81f00-7b15-48da-b071-2589f840deff HTTP/1.1" 200 860 0.407343
2016-11-04 09:41:03.047 17167 INFO neutron.wsgi [req-01536b42-692b-4b8c-9694-73c276a7fa63 3dc74eecdd0b42f0a6c3e37f95d1075b 4a62dba1952f4d18a8b635aeaed655b3 - - -] 10.10.10.81 - - [04/Nov/2016 09:41:03] "GET /v2.0/floatingips.json?fixed_ip_address=192.168.2.51&port_id=77a12669-d998-4196-b487-655249e9e546 HTTP/1.1" 200 644 0.047506
2016-11-04 09:41:03.207 17167 INFO neutron.wsgi [req-520c7651-3808-4af7-b513-d74c302c04c3 013aa135935b4cfd874a59a1921fc094 bd586f74227a48fab42852c8923c4d83 - - -] 10.10.10.81 - - [04/Nov/2016 09:41:03] "GET /v2.0/subnets.json?id=b0569f79-0201-47bd-910f-238a4fd130ce HTTP/1.1" 200 783 0.150025
2016-11-04 09:41:03.322 17167 INFO neutron.wsgi [req-4acdc437-3a1f-4831-b1e7-08b8012ff707 013aa135935b4cfd874a59a1921fc094 bd586f74227a48fab42852c8923c4d83 - - -] 10.10.10.80 - - [04/Nov/2016 09:41:03] "GET /v2.0/ports.json?device_id=c8f2ef2a-666d-4d00-b30d-7aed8d9d65c2 HTTP/1.1" 200 1091 0.121996
2016-11-04 09:41:03.443 17167 INFO neutron.wsgi [req-d939ac54-629e-4f91-9206-c70bb42c4bac 013aa135935b4cfd874a59a1921fc094 bd586f74227a48fab42852c8923c4d83 - - -] 10.10.10.81 - - [04/Nov/2016 09:41:03] "GET /v2.0/ports.json?network_id=b3a81f00-7b15-48da-b071-2589f840deff&device_owner=network%3Adhcp HTTP/1.1" 200 1098 0.177789
2016-11-04 09:41:03.506 17167 INFO neutron.wsgi [req-b965dbed-1440-42a7-8035-425fc3d238c2 013aa135935b4cfd874a59a1921fc094 bd586f74227a48fab42852c8923c4d83 - - -] 10.10.10.80 - - [04/Nov/2016 09:41:03] "GET /v2.0/security-groups.json?id=4c770efd-2459-48c9-aaf9-b429d375a996 HTTP/1.1" 200 2187 0.167731
2016-11-04 09:41:03.650 17167 INFO neutron.wsgi [req-68ad158f-e039-41ad-b937-db28cb0386e4 013aa135935b4cfd874a59a1921fc094 bd586f74227a48fab42852c8923c4d83 - - -] 10.10.10.80 - - [04/Nov/2016 09:41:03] "GET /v2.0/ports.json?device_id=c8f2ef2a-666d-4d00-b30d-7aed8d9d65c2 HTTP/1.1" 200 1091 0.056357
2016-11-04 09:41:03.705 17166 INFO neutron.wsgi [req-d1311d2a-0795-49f0-9634-425082dddd3d 013aa135935b4cfd874a59a1921fc094 bd586f74227a48fab42852c8923c4d83 - - -] 10.10.10.80 - - [04/Nov/2016 09:41:03] "GET /v2.0/floatingips.json?tenant_id=bd586f74227a48fab42852c8923c4d83&port_id=77a12669-d998-4196-b487-655249e9e546 HTTP/1.1" 200 644 0.049907
2016-11-04 09:41:03.802 17167 INFO neutron.wsgi [req-dcde2dca-45eb-48bc-8307-fe7f20fd08ef 013aa135935b4cfd874a59a1921fc094 bd586f74227a48fab42852c8923c4d83 - - -] 10.10.10.80 - - [04/Nov/2016 09:41:03] "GET /v2.0/ports.json?tenant_id=bd586f74227a48fab42852c8923c4d83 HTTP/1.1" 200 7131 0.107351
2016-11-04 09:41:03.919 17166 INFO neutron.wsgi [req-d3c3cd4e-713a-47e1-8001-98d91a9e49b7 013aa135935b4cfd874a59a1921fc094 bd586f74227a48fab42852c8923c4d83 - - -] 10.10.10.80 - - [04/Nov/2016 09:41:03] "GET /v2.0/networks.json?id=b3a81f00-7b15-48da-b071-2589f840deff HTTP/1.1" 200 860 0.126750
2016-11-04 09:41:04.297 17166 INFO neutron.wsgi [req-1c68d954-8e22-4cfa-ac14-a878e736c94a 013aa135935b4cfd874a59a1921fc094 bd586f74227a48fab42852c8923c4d83 - - -] 10.10.10.80 - - [04/Nov/2016 09:41:04] "GET /v2.0/subnets.json HTTP/1.1" 200 1903 0.372479
2016-11-04 09:41:04.456 17167 INFO neutron.wsgi [req-2b095e22-5c56-4bbd-b11c-d421b956d3e9 013aa135935b4cfd874a59a1921fc094 bd586f74227a48fab42852c8923c4d83 - - -] 10.10.10.80 - - [04/Nov/2016 09:41:04] "GET /v2.0/extensions.json HTTP/1.1" 200 6007 0.020783
2016-11-04 09:41:05.152 17166 INFO neutron.wsgi [req-fde97142-b15f-4044-b935-825d8afa5647 013aa135935b4cfd874a59a1921fc094 bd586f74227a48fab42852c8923c4d83 - - -] 10.10.10.80 - - [04/Nov/2016 09:41:05] "GET /v2.0/ports.json?device_id=c8f2ef2a-666d-4d00-b30d-7aed8d9d65c2&device_id=4beeb754-07b9-40fb-92f0-4cdc761399fe&device_id=35a6b2b6-e87c-40a3-87d0-94e1d669340b&device_id=b445a2c9-b152-43e8-82d2-c3d4982989c6 HTTP/1.1" 200 2825 0.083173
2016-11-04 09:41:05.281 17166 INFO neutron.wsgi [req-8a2e8cab-186f-4727-b0da-9760e49fbb08 013aa135935b4cfd874a59a1921fc094 bd586f74227a48fab42852c8923c4d83 - - -] 10.10.10.80 - - [04/Nov/2016 09:41:05] "GET /v2.0/security-groups.json?id=4c770efd-2459-48c9-aaf9-b429d375a996 HTTP/1.1" 200 2187 0.120252
2016-11-04 09:41:05.424 17167 INFO neutron.wsgi [req-b1e86b9c-3b87-4dc7-a959-90108a8245f8 013aa135935b4cfd874a59a1921fc094 bd586f74227a48fab42852c8923c4d83 - - -] 10.10.10.80 - - [04/Nov/2016 09:41:05] "GET /v2.0/ports.json?device_id=c8f2ef2a-666d-4d00-b30d-7aed8d9d65c2&device_id=4beeb754-07b9-40fb-92f0-4cdc761399fe&device_id=35a6b2b6-e87c-40a3-87d0-94e1d669340b&device_id=b445a2c9-b152-43e8-82d2-c3d4982989c6 HTTP/1.1" 200 2825 0.112010
2016-11-04 09:41:05.494 17166 INFO neutron.wsgi [req-906638d0-87ad-4756-8f51-e53035310dcf 013aa135935b4cfd874a59a1921fc094 bd586f74227a48fab42852c8923c4d83 - - -] 10.10.10.80 - - [04/Nov/2016 09:41:05] "GET /v2.0/floatingips.json?tenant_id=bd586f74227a48fab42852c8923c4d83&port_id=015c3cb1-6b2c-49dd-98fc-813487ae1aa0&port_id=77a12669-d998-4196-b487-655249e9e546&port_id=ce521cc5-e5ad-4d76-846a-a41eb3076301 HTTP/1.1" 200 1057 0.057151
2016-11-04 09:41:05.601 17167 INFO neutron.wsgi [req-902163c1-1da2-41ba-a051-3f7150d3ce9c 013aa135935b4cfd874a59a1921fc094 bd586f74227a48fab42852c8923c4d83 - - -] 10.10.10.80 - - [04/Nov/2016 09:41:05] "GET /v2.0/ports.json?tenant_id=bd586f74227a48fab42852c8923c4d83 HTTP/1.1" 200 7131 0.094208
2016-11-04 09:41:05.741 17166 INFO neutron.wsgi [req-aa0c4aa0-2242-4688-a20d-d7dddc36d3ac 013aa135935b4cfd874a59a1921fc094 bd586f74227a48fab42852c8923c4d83 - - -] 10.10.10.80 - - [04/Nov/2016 09:41:05] "GET /v2.0/networks.json?id=304a7243-e2e8-49e4-8b01-bff41b80aecf&id=b3a81f00-7b15-48da-b071-2589f840deff&id=d3107881-083f-4bf7-a8b5-d8f0b3a46388 HTTP/1.1" 200 2141 0.136027
2016-11-04 09:41:05.894 17167 INFO neutron.wsgi [req-ea0de665-1eea-467a-ae6b-564eaac89d72 013aa135935b4cfd874a59a1921fc094 bd586f74227a48fab42852c8923c4d83 - - -] 10.10.10.80 - - [04/Nov/2016 09:41:05] "GET /v2.0/subnets.json HTTP/1.1" 200 1903 0.140043
