2016-11-04 09:41:08.664 17167 INFO neutron.wsgi [req-370881f0-26a7-47f2-80f3-f1866441ce39 013aa135935b4cfd874a59a1921fc094 bd586f74227a48fab42852c8923c4d83 - - -] 10.10.10.80 - - [04/Nov/2016 09:41:08] "GET /v2.0/ports.json?device_id=c8f2ef2a-666d-4d00-b30d-7aed8d9d65c2 HTTP/1.1" 200 1091 0.056912
2016-11-04 09:41:08.757 17167 INFO neutron.wsgi [req-aed295e7-95a1-48cb-98fb-d091cdbba0bd 013aa135935b4cfd874a59a1921fc094 bd586f74227a48fab42852c8923c4d83 - - -] 10.10.10.80 - - [04/Nov/2016 09:41:08] "GET /v2.0/security-groups.json?id=4c770efd-2459-48c9-aaf9-b429d375a996 HTTP/1.1" 200 2187 0.089719
2016-11-04 09:41:08.874 17166 INFO neutron.wsgi [req-7d7c7f78-18b6-477e-aa10-3c663e1b80fe 013aa135935b4cfd874a59a1921fc094 bd586f74227a48fab42852c8923c4d83 - - -] 10.10.10.80 - - [04/Nov/2016 09:41:08] "GET /v2.0/ports.json?device_id=c8f2ef2a-666d-4d00-b30d-7aed8d9d65c2 HTTP/1.1" 200 1091 0.058277
2016-11-04 09:41:08.931 17167 INFO neutron.wsgi [req-7df1c0a4-b371-421f-b80c-77c6862df4b0 013aa135935b4cfd874a59a1921fc094 bd586f74227a48fab42852c8923c4d83 - - -] 10.10.10.80 - - [04/Nov/2016 09:41:08] "GET /v2.0/floatingips.json?tenant_id=bd586f74227a48fab42852c8923c4d83&port_id=77a12669-d998-4196-b487-655249e9e546 HTTP/1.1" 200 644 0.046886
2016-11-04 09:41:08.996 17167 INFO neutron.wsgi [req-ac612ae0-8bf2-43cb-a823-575cfa968ad8 013aa135935b4cfd874a59a1921fc094 bd586f74227a48fab42852c8923c4d83 - - -] 10.10.10.80 - - [04/Nov/2016 09:41:08] "GET /v2.0/ports.json?tenant_id=bd586f74227a48fab42852c8923c4d83 HTTP/1.1" 200 7131 0.041715
2016-11-04 09:41:09.076 17166 INFO neutron.wsgi [req-412f3d85-4972-44c6-b92e-504a26916dc5 013aa135935b4cfd874a59a1921fc094 bd586f74227a48fab42852c8923c4d83 - - -] 10.10.10.80 - - [04/Nov/2016 09:41:09] "GET /v2.0/networks.json?id=b3a81f00-7b15-48da-b071-2589f840deff HTTP/1.1" 200 860 0.063721
2016-11-04 09:41:09.139 17167 INFO neutron.wsgi [req-6ec3be9e-5b7b-437c-9690-0304c4cc1c7c 013aa135935b4cfd874a59a1921fc094 bd586f74227a48fab42852c8923c4d83 - - -] 10.10.10.80 - - [04/Nov/2016 09:41:09] "GET /v2.0/subnets.json HTTP/1.1" 200 1903 0.055894
2016-11-04 09:41:09.209 17167 INFO neutron.wsgi [req-0e328723-e549-4688-88f2-721b8381afd8 013aa135935b4cfd874a59a1921fc094 bd586f74227a48fab42852c8923c4d83 - - -] 10.10.10.80 - - [04/Nov/2016 09:41:09] "GET /v2.0/extensions.json HTTP/1.1" 200 6007 0.011623
2016-11-04 09:41:09.675 17167 INFO neutron.wsgi [req-82993b8f-f5e1-4d07-b460-a94f768c4860 3dc74eecdd0b42f0a6c3e37f95d1075b 4a62dba1952f4d18a8b635aeaed655b3 - - -] 10.10.10.81 - - [04/Nov/2016 09:41:09] "GET /v2.0/ports.json?tenant_id=bd586f74227a48fab42852c8923c4d83&device_id=35a6b2b6-e87c-40a3-87d0-94e1d669340b HTTP/1.1" 200 1092 0.150435
2016-11-04 09:41:10.004 17167 INFO neutron.wsgi [req-77805eb9-350f-4681-958f-a4122e6908e9 3dc74eecdd0b42f0a6c3e37f95d1075b 4a62dba1952f4d18a8b635aeaed655b3 - - -] 10.10.10.81 - - [04/Nov/2016 09:41:10] "GET /v2.0/networks.json?id=d3107881-083f-4bf7-a8b5-d8f0b3a46388 HTTP/1.1" 200 880 0.307839
2016-11-04 09:41:10.118 17167 INFO neutron.wsgi [req-fed5dac3-dd4d-4acb-8a86-922072dcbad8 3dc74eecdd0b42f0a6c3e37f95d1075b 4a62dba1952f4d18a8b635aeaed655b3 - - -] 10.10.10.81 - - [04/Nov/2016 09:41:10] "GET /v2.0/floatingips.json?fixed_ip_address=172.16.69.202&port_id=015c3cb1-6b2c-49dd-98fc-813487ae1aa0 HTTP/1.1" 200 232 0.098166
2016-11-04 09:41:10.249 17167 INFO neutron.wsgi [req-4085cb83-7a99-4c79-bdeb-aeef0eebd74f 3dc74eecdd0b42f0a6c3e37f95d1075b 4a62dba1952f4d18a8b635aeaed655b3 - - -] 10.10.10.81 - - [04/Nov/2016 09:41:10] "GET /v2.0/subnets.json?id=cf7096d2-5a2f-40d6-b462-3ed605a677ff HTTP/1.1" 200 786 0.121017
2016-11-04 09:41:10.381 17167 INFO neutron.wsgi [req-b606e0c9-1298-4dd3-8c33-4d87d4c60008 3dc74eecdd0b42f0a6c3e37f95d1075b 4a62dba1952f4d18a8b635aeaed655b3 - - -] 10.10.10.81 - - [04/Nov/2016 09:41:10] "GET /v2.0/ports.json?network_id=d3107881-083f-4bf7-a8b5-d8f0b3a46388&device_owner=network%3Adhcp HTTP/1.1" 200 1099 0.109561
2016-11-04 09:41:12.729 17167 INFO neutron.wsgi [req-948e341c-8b59-4309-94b6-fb22d08dc6ce 013aa135935b4cfd874a59a1921fc094 bd586f74227a48fab42852c8923c4d83 - - -] 10.10.10.80 - - [04/Nov/2016 09:41:12] "GET /v2.0/ports.json?device_id=c8f2ef2a-666d-4d00-b30d-7aed8d9d65c2 HTTP/1.1" 200 1091 0.074592
2016-11-04 09:41:12.810 17167 INFO neutron.wsgi [req-0e2fae82-4d7b-483e-a9ae-4e63051e2c56 013aa135935b4cfd874a59a1921fc094 bd586f74227a48fab42852c8923c4d83 - - -] 10.10.10.80 - - [04/Nov/2016 09:41:12] "GET /v2.0/security-groups.json?id=4c770efd-2459-48c9-aaf9-b429d375a996 HTTP/1.1" 200 2187 0.070463
2016-11-04 09:41:12.936 17166 INFO neutron.wsgi [req-96befd9e-b943-4555-a014-48487c8cf91b 013aa135935b4cfd874a59a1921fc094 bd586f74227a48fab42852c8923c4d83 - - -] 10.10.10.80 - - [04/Nov/2016 09:41:12] "GET /v2.0/ports.json?device_id=c8f2ef2a-666d-4d00-b30d-7aed8d9d65c2 HTTP/1.1" 200 1091 0.067563
2016-11-04 09:41:13.001 17167 INFO neutron.wsgi [req-bb64c24c-c2d8-45cc-8358-e484bd80d8f6 013aa135935b4cfd874a59a1921fc094 bd586f74227a48fab42852c8923c4d83 - - -] 10.10.10.80 - - [04/Nov/2016 09:41:13] "GET /v2.0/floatingips.json?tenant_id=bd586f74227a48fab42852c8923c4d83&port_id=77a12669-d998-4196-b487-655249e9e546 HTTP/1.1" 200 644 0.054357
2016-11-04 09:41:13.102 17167 INFO neutron.wsgi [req-141a9800-2f4a-46c4-a1dc-c2370fe590e6 013aa135935b4cfd874a59a1921fc094 bd586f74227a48fab42852c8923c4d83 - - -] 10.10.10.80 - - [04/Nov/2016 09:41:13] "GET /v2.0/ports.json?tenant_id=bd586f74227a48fab42852c8923c4d83 HTTP/1.1" 200 7131 0.090315
2016-11-04 09:41:13.238 17166 INFO neutron.wsgi [req-b5bef13d-8fd8-4039-bf95-72d21eeefe1b 013aa135935b4cfd874a59a1921fc094 bd586f74227a48fab42852c8923c4d83 - - -] 10.10.10.80 - - [04/Nov/2016 09:41:13] "GET /v2.0/networks.json?id=b3a81f00-7b15-48da-b071-2589f840deff HTTP/1.1" 200 860 0.114367
2016-11-04 09:41:13.441 17167 INFO neutron.wsgi [req-3f5879b7-7af8-441a-ba1a-c57e05f34a9e 013aa135935b4cfd874a59a1921fc094 bd586f74227a48fab42852c8923c4d83 - - -] 10.10.10.80 - - [04/Nov/2016 09:41:13] "GET /v2.0/subnets.json HTTP/1.1" 200 1903 0.187504
2016-11-04 09:41:13.704 17167 INFO neutron.wsgi [req-e3b5cc1d-632b-4ba2-90aa-6cb57f42d974 013aa135935b4cfd874a59a1921fc094 bd586f74227a48fab42852c8923c4d83 - - -] 10.10.10.80 - - [04/Nov/2016 09:41:13] "GET /v2.0/extensions.json HTTP/1.1" 200 6007 0.009544
2016-11-04 09:41:20.978 17167 INFO neutron.wsgi [req-fdc54be3-cc09-4f3a-83be-2eaa02385a44 3dc74eecdd0b42f0a6c3e37f95d1075b 4a62dba1952f4d18a8b635aeaed655b3 - - -] 10.10.10.80 - - [04/Nov/2016 09:41:20] "GET /v2.0/ports.json?device_id=c8f2ef2a-666d-4d00-b30d-7aed8d9d65c2 HTTP/1.1" 200 1091 1.045866
2016-11-04 09:41:21.098 17167 INFO neutron.wsgi [req-c348f108-2664-49df-93d1-016ac8bb6649 3dc74eecdd0b42f0a6c3e37f95d1075b 4a62dba1952f4d18a8b635aeaed655b3 - - -] 10.10.10.80 - - [04/Nov/2016 09:41:21] "GET /v2.0/security-groups.json?id=4c770efd-2459-48c9-aaf9-b429d375a996 HTTP/1.1" 200 2187 0.113868
2016-11-04 09:41:22.247 17166 INFO neutron.wsgi [req-aa222882-ed85-4dc2-bfd9-a33da76f5826 3dc74eecdd0b42f0a6c3e37f95d1075b 4a62dba1952f4d18a8b635aeaed655b3 - - -] 10.10.10.80 - - [04/Nov/2016 09:41:22] "GET /v2.0/ports.json?device_id=c8f2ef2a-666d-4d00-b30d-7aed8d9d65c2 HTTP/1.1" 200 1091 0.925744
2016-11-04 09:41:22.365 17166 INFO neutron.wsgi [req-80897a33-3b48-4255-900d-666b66a71245 3dc74eecdd0b42f0a6c3e37f95d1075b 4a62dba1952f4d18a8b635aeaed655b3 - - -] 10.10.10.80 - - [04/Nov/2016 09:41:22] "GET /v2.0/security-groups.json?id=4c770efd-2459-48c9-aaf9-b429d375a996 HTTP/1.1" 200 2187 0.112183
```
LOG trên /var/log/neutron/neutron-metadata-agent.log của controller
```sh
2016-11-04 09:41:21.129 2124 INFO eventlet.wsgi.server [-] 192.168.2.51,<local> - - [04/Nov/2016 09:41:21] "GET /2009-04-04/meta-data/instance-id HTTP/1.1" 200 127 1.491930
2016-11-04 09:41:22.401 2124 INFO eventlet.wsgi.server [-] 192.168.2.51,<local> - - [04/Nov/2016 09:41:22] "GET /2009-04-04/meta-data/public-keys HTTP/1.1" 404 176 1.229277
2016-11-04 09:41:22.451 2124 INFO eventlet.wsgi.server [-] 192.168.2.51,<local> - - [04/Nov/2016 09:41:22] "GET /2009-04-04/meta-data/instance-id HTTP/1.1" 200 127 0.014381
2016-11-04 09:41:22.483 2124 INFO eventlet.wsgi.server [-] 192.168.2.51,<local> - - [04/Nov/2016 09:41:22] "GET /2009-04-04/meta-data/ami-launch-index HTTP/1.1" 200 117 0.015333
2016-11-04 09:41:22.515 2124 INFO eventlet.wsgi.server [-] 192.168.2.51,<local> - - [04/Nov/2016 09:41:22] "GET /2009-04-04/meta-data/instance-type HTTP/1.1" 200 123 0.015282
2016-11-04 09:41:22.552 2124 INFO eventlet.wsgi.server [-] 192.168.2.51,<local> - - [04/Nov/2016 09:41:22] "GET /2009-04-04/meta-data/local-ipv4 HTTP/1.1" 200 129 0.015890
2016-11-04 09:41:22.587 2124 INFO eventlet.wsgi.server [-] 192.168.2.51,<local> - - [04/Nov/2016 09:41:22] "GET /2009-04-04/meta-data/public-ipv4 HTTP/1.1" 200 130 0.016743
2016-11-04 09:41:22.644 2124 INFO eventlet.wsgi.server [-] 192.168.2.51,<local> - - [04/Nov/2016 09:41:22] "GET /2009-04-04/meta-data/hostname HTTP/1.1" 200 138 0.016057
2016-11-04 09:41:22.677 2124 INFO eventlet.wsgi.server [-] 192.168.2.51,<local> - - [04/Nov/2016 09:41:22] "GET /2009-04-04/meta-data/local-hostname HTTP/1.1" 200 138 0.009935
2016-11-04 09:41:22.711 2124 INFO eventlet.wsgi.server [-] 192.168.2.51,<local> - - [04/Nov/2016 09:41:22] "GET /2009-04-04/user-data HTTP/1.1" 404 176 0.009579
2016-11-04 09:41:22.751 2124 INFO eventlet.wsgi.server [-] 192.168.2.51,<local> - - [04/Nov/2016 09:41:22] "GET /2009-04-04/meta-data/block-device-mapping HTTP/1.1" 200 124 0.010042
2016-11-04 09:41:22.793 2124 INFO eventlet.wsgi.server [-] 192.168.2.51,<local> - - [04/Nov/2016 09:41:22] "GET /2009-04-04/meta-data/block-device-mapping/ami HTTP/1.1" 200 119 0.017575
2016-11-04 09:41:22.818 2124 INFO eventlet.wsgi.server [-] 192.168.2.51,<local> - - [04/Nov/2016 09:41:22] "GET /2009-04-04/meta-data/block-device-mapping/root HTTP/1.1" 200 124 0.007945
2016-11-04 09:41:22.850 2124 INFO eventlet.wsgi.server [-] 192.168.2.51,<local> - - [04/Nov/2016 09:41:22] "GET /2009-04-04/meta-data/public-hostname HTTP/1.1" 200 138 0.009129
2016-11-04 09:41:22.891 2124 INFO eventlet.wsgi.server [-] 192.168.2.51,<local> - - [04/Nov/2016 09:41:22] "GET /2009-04-04/meta-data/placement/availability-zone HTTP/1.1" 200 120 0.010325
```
LOG trên /var/log/openvswitch/ovs-vswitchd.log của compute
```sh
2016-11-04T02:41:06.197Z|00094|netlink_notifier|WARN|received bad netlink message
2016-11-04T02:41:06.197Z|00095|netlink_notifier|WARN|received bad netlink message
```

## LOG khi xóa instance
### Đối với instance không nằm trong bất ký tennant network nào, do khi tạo instance không chọn zone nova:
LOG tại neutron-server
```sh
2016-11-04 09:57:56.032 17166 INFO neutron.wsgi [req-39cd00e6-36c8-44b5-a924-a5f0fda14a29 013aa135935b4cfd874a59a1921fc094 bd586f74227a48fab42852c8923c4d83 - - -] 10.10.10.80 - - [04/Nov/2016 09:57:56] "GET /v2.0/ports.json?device_id=c8f2ef2a-666d-4d00-b30d-7aed8d9d65c2&device_id=4beeb754-07b9-40fb-92f0-4cdc761399fe&device_id=35a6b2b6-e87c-40a3-87d0-94e1d669340b&device_id=b445a2c9-b152-43e8-82d2-c3d4982989c6 HTTP/1.1" 200 2825 0.153437
2016-11-04 09:57:56.208 17166 INFO neutron.wsgi [req-d2e4e07a-4e52-4ba4-9c7f-290dffd1f3a5 013aa135935b4cfd874a59a1921fc094 bd586f74227a48fab42852c8923c4d83 - - -] 10.10.10.80 - - [04/Nov/2016 09:57:56] "GET /v2.0/security-groups.json?id=4c770efd-2459-48c9-aaf9-b429d375a996 HTTP/1.1" 200 2187 0.159509
2016-11-04 09:57:56.576 17167 INFO neutron.wsgi [req-5c7ce817-5e11-4071-8756-24a60d5cc547 013aa135935b4cfd874a59a1921fc094 bd586f74227a48fab42852c8923c4d83 - - -] 10.10.10.80 - - [04/Nov/2016 09:57:56] "GET /v2.0/ports.json?device_id=c8f2ef2a-666d-4d00-b30d-7aed8d9d65c2&device_id=4beeb754-07b9-40fb-92f0-4cdc761399fe&device_id=35a6b2b6-e87c-40a3-87d0-94e1d669340b&device_id=b445a2c9-b152-43e8-82d2-c3d4982989c6 HTTP/1.1" 200 2825 0.333079
2016-11-04 09:57:56.650 17166 INFO neutron.wsgi [req-81275535-4d68-4768-966d-777197064ad9 013aa135935b4cfd874a59a1921fc094 bd586f74227a48fab42852c8923c4d83 - - -] 10.10.10.80 - - [04/Nov/2016 09:57:56] "GET /v2.0/floatingips.json?tenant_id=bd586f74227a48fab42852c8923c4d83&port_id=015c3cb1-6b2c-49dd-98fc-813487ae1aa0&port_id=77a12669-d998-4196-b487-655249e9e546&port_id=ce521cc5-e5ad-4d76-846a-a41eb3076301 HTTP/1.1" 200 1057 0.053128
2016-11-04 09:57:56.769 17167 INFO neutron.wsgi [req-c98bb14a-6422-4ff4-8ccf-8f61bd19cecf 013aa135935b4cfd874a59a1921fc094 bd586f74227a48fab42852c8923c4d83 - - -] 10.10.10.80 - - [04/Nov/2016 09:57:56] "GET /v2.0/ports.json?tenant_id=bd586f74227a48fab42852c8923c4d83 HTTP/1.1" 200 7131 0.101935
2016-11-04 09:57:56.953 17166 INFO neutron.wsgi [req-5663d9f6-deba-43d2-80a4-f4ff542a6b20 013aa135935b4cfd874a59a1921fc094 bd586f74227a48fab42852c8923c4d83 - - -] 10.10.10.80 - - [04/Nov/2016 09:57:56] "GET /v2.0/networks.json?id=304a7243-e2e8-49e4-8b01-bff41b80aecf&id=b3a81f00-7b15-48da-b071-2589f840deff&id=d3107881-083f-4bf7-a8b5-d8f0b3a46388 HTTP/1.1" 200 2141 0.165046
2016-11-04 09:57:57.133 17167 INFO neutron.wsgi [req-cffacc78-a93a-4dfb-9629-32cc8df9db02 013aa135935b4cfd874a59a1921fc094 bd586f74227a48fab42852c8923c4d83 - - -] 10.10.10.80 - - [04/Nov/2016 09:57:57] "GET /v2.0/subnets.json HTTP/1.1" 200 1903 0.165224
2016-11-04 09:57:58.547 17167 INFO neutron.wsgi [req-bed29b8b-6506-4404-82b8-fd5b926ada82 013aa135935b4cfd874a59a1921fc094 bd586f74227a48fab42852c8923c4d83 - - -] 10.10.10.80 - - [04/Nov/2016 09:57:58] "GET /v2.0/ports.json?device_id=c8f2ef2a-666d-4d00-b30d-7aed8d9d65c2 HTTP/1.1" 200 1091 0.086644
2016-11-04 09:57:58.660 17167 INFO neutron.wsgi [req-ef3a6ab9-6ba3-457d-bc63-8b2e62f82708 013aa135935b4cfd874a59a1921fc094 bd586f74227a48fab42852c8923c4d83 - - -] 10.10.10.80 - - [04/Nov/2016 09:57:58] "GET /v2.0/security-groups.json?id=4c770efd-2459-48c9-aaf9-b429d375a996 HTTP/1.1" 200 2187 0.105834
2016-11-04 09:57:58.823 17166 INFO neutron.wsgi [req-2348ffd3-f422-4cd2-8eb8-55fc95674505 013aa135935b4cfd874a59a1921fc094 bd586f74227a48fab42852c8923c4d83 - - -] 10.10.10.80 - - [04/Nov/2016 09:57:58] "GET /v2.0/ports.json?device_id=c8f2ef2a-666d-4d00-b30d-7aed8d9d65c2 HTTP/1.1" 200 1091 0.074307
2016-11-04 09:57:58.890 17166 INFO neutron.wsgi [req-955f1c6c-4215-4d9a-93ef-ba34496117b7 013aa135935b4cfd874a59a1921fc094 bd586f74227a48fab42852c8923c4d83 - - -] 10.10.10.80 - - [04/Nov/2016 09:57:58] "GET /v2.0/floatingips.json?tenant_id=bd586f74227a48fab42852c8923c4d83&port_id=77a12669-d998-4196-b487-655249e9e546 HTTP/1.1" 200 644 0.055052
2016-11-04 09:57:59.017 17167 INFO neutron.wsgi [req-4af01a53-9911-446f-9cd1-ccdba551d2ab 013aa135935b4cfd874a59a1921fc094 bd586f74227a48fab42852c8923c4d83 - - -] 10.10.10.80 - - [04/Nov/2016 09:57:59] "GET /v2.0/ports.json?tenant_id=bd586f74227a48fab42852c8923c4d83 HTTP/1.1" 200 7131 0.118745
2016-11-04 09:57:59.238 17166 INFO neutron.wsgi [req-928d86a2-e1e6-41f2-a081-2763e49dd18e 013aa135935b4cfd874a59a1921fc094 bd586f74227a48fab42852c8923c4d83 - - -] 10.10.10.80 - - [04/Nov/2016 09:57:59] "GET /v2.0/networks.json?id=b3a81f00-7b15-48da-b071-2589f840deff HTTP/1.1" 200 860 0.197152
2016-11-04 09:57:59.485 17167 INFO neutron.wsgi [req-76f2318a-5127-4d35-9753-7932e69b448b 013aa135935b4cfd874a59a1921fc094 bd586f74227a48fab42852c8923c4d83 - - -] 10.10.10.80 - - [04/Nov/2016 09:57:59] "GET /v2.0/subnets.json HTTP/1.1" 200 1903 0.241798
2016-11-04 09:57:59.803 17166 INFO neutron.wsgi [req-72edc55c-488a-4f59-b175-c629ee7c4ed2 013aa135935b4cfd874a59a1921fc094 bd586f74227a48fab42852c8923c4d83 - - -] 10.10.10.80 - - [04/Nov/2016 09:57:59] "GET /v2.0/extensions.json HTTP/1.1" 200 6007 0.010146
2016-11-04 09:58:00.923 17167 INFO neutron.wsgi [req-5348994a-0153-4256-8188-737a00d4e7d0 013aa135935b4cfd874a59a1921fc094 bd586f74227a48fab42852c8923c4d83 - - -] 10.10.10.80 - - [04/Nov/2016 09:58:00] "GET /v2.0/ports.json?device_id=c8f2ef2a-666d-4d00-b30d-7aed8d9d65c2&device_id=4beeb754-07b9-40fb-92f0-4cdc761399fe&device_id=35a6b2b6-e87c-40a3-87d0-94e1d669340b HTTP/1.1" 200 2825 0.112232
2016-11-04 09:58:01.086 17167 INFO neutron.wsgi [req-65418567-37e6-4551-ad34-21d25fdd8898 013aa135935b4cfd874a59a1921fc094 bd586f74227a48fab42852c8923c4d83 - - -] 10.10.10.80 - - [04/Nov/2016 09:58:01] "GET /v2.0/security-groups.json?id=4c770efd-2459-48c9-aaf9-b429d375a996 HTTP/1.1" 200 2187 0.149541
2016-11-04 09:58:01.308 17167 INFO neutron.wsgi [req-f92db049-8a0d-4166-ba91-8e39bdbb7d0d 013aa135935b4cfd874a59a1921fc094 bd586f74227a48fab42852c8923c4d83 - - -] 10.10.10.80 - - [04/Nov/2016 09:58:01] "GET /v2.0/ports.json?device_id=c8f2ef2a-666d-4d00-b30d-7aed8d9d65c2&device_id=4beeb754-07b9-40fb-92f0-4cdc761399fe&device_id=35a6b2b6-e87c-40a3-87d0-94e1d669340b HTTP/1.1" 200 2825 0.173732
2016-11-04 09:58:01.468 17166 INFO neutron.wsgi [req-82069a3a-f46a-4591-9516-9d4f494f61f1 013aa135935b4cfd874a59a1921fc094 bd586f74227a48fab42852c8923c4d83 - - -] 10.10.10.80 - - [04/Nov/2016 09:58:01] "GET /v2.0/floatingips.json?tenant_id=bd586f74227a48fab42852c8923c4d83&port_id=015c3cb1-6b2c-49dd-98fc-813487ae1aa0&port_id=77a12669-d998-4196-b487-655249e9e546&port_id=ce521cc5-e5ad-4d76-846a-a41eb3076301 HTTP/1.1" 200 1057 0.152477
2016-11-04 09:58:01.688 17167 INFO neutron.wsgi [req-691e492d-75f5-4919-a0a0-d29001e6b719 013aa135935b4cfd874a59a1921fc094 bd586f74227a48fab42852c8923c4d83 - - -] 10.10.10.80 - - [04/Nov/2016 09:58:01] "GET /v2.0/ports.json?tenant_id=bd586f74227a48fab42852c8923c4d83 HTTP/1.1" 200 7131 0.209158
2016-11-04 09:58:02.139 17166 INFO neutron.wsgi [req-0c7661fe-c699-4814-9b3e-eb03c2574ca0 013aa135935b4cfd874a59a1921fc094 bd586f74227a48fab42852c8923c4d83 - - -] 10.10.10.80 - - [04/Nov/2016 09:58:02] "GET /v2.0/networks.json?id=304a7243-e2e8-49e4-8b01-bff41b80aecf&id=b3a81f00-7b15-48da-b071-2589f840deff&id=d3107881-083f-4bf7-a8b5-d8f0b3a46388 HTTP/1.1" 200 2141 0.443865
2016-11-04 09:58:02.279 17167 INFO neutron.wsgi [req-acd89884-c2a3-40b6-ba9f-86bbc5d3b757 013aa135935b4cfd874a59a1921fc094 bd586f74227a48fab42852c8923c4d83 - - -] 10.10.10.80 - - [04/Nov/2016 09:58:02] "GET /v2.0/subnets.json HTTP/1.1" 200 1903 0.136865
```


## Test trường hợp tạo 1 user tannt trên Horizon và gán vào group demo
- Tạo một tenant network
Log tại neutron khi click create
```sh
2016-11-04 10:31:30.952 17167 INFO neutron.wsgi [req-e5a5cfa4-0971-4aad-a610-f245e63ad045 b56c4988c2e9491b8c9364e3b0d00b5a bfb67b8eaead4f1684710db4608d1c48 - - -] 10.10.10.80 - - [04/Nov/2016 10:31:30] "GET /v2.0/extensions.json HTTP/1.1" 200 6007 1.465379
2016-11-04 10:31:31.048 17166 INFO neutron.wsgi [req-34707c0c-ff95-4d57-b089-98e9997af7e0 b56c4988c2e9491b8c9364e3b0d00b5a bfb67b8eaead4f1684710db4608d1c48 - - -] 10.10.10.80 - - [04/Nov/2016 10:31:31] "GET /v2.0/subnetpools.json HTTP/1.1" 200 232 0.078819
```

click tab subnet:
```sh
2016-11-04 10:32:21.335 17167 INFO neutron.wsgi [req-360b7bbc-cb83-4638-a536-b2e8396cace5 b56c4988c2e9491b8c9364e3b0d00b5a bfb67b8eaead4f1684710db4608d1c48 - - -] 10.10.10.80 - - [04/Nov/2016 10:32:21] "GET /v2.0/extensions.json HTTP/1.1" 200 6007 0.020349
2016-11-04 10:32:21.429 17167 INFO neutron.wsgi [req-e0602519-2e87-4c79-a4a4-30c6ac15280f b56c4988c2e9491b8c9364e3b0d00b5a bfb67b8eaead4f1684710db4608d1c48 - - -] 10.10.10.80 - - [04/Nov/2016 10:32:21] "GET /v2.0/subnetpools.json HTTP/1.1" 200 232 0.071527
```
click subnet detail:
```sh
2016-11-04 10:33:31.094 17166 INFO neutron.wsgi [req-d1bdb0e5-20ce-492f-9102-2ec3ed273b30 b56c4988c2e9491b8c9364e3b0d00b5a bfb67b8eaead4f1684710db4608d1c48 - - -] 10.10.10.80 - - [04/Nov/2016 10:33:31] "GET /v2.0/extensions.json HTTP/1.1" 200 6007 0.025352
2016-11-04 10:33:31.164 17167 INFO neutron.wsgi [req-8034ac73-4422-4a22-9220-a0f586783e01 b56c4988c2e9491b8c9364e3b0d00b5a bfb67b8eaead4f1684710db4608d1c48 - - -] 10.10.10.80 - - [04/Nov/2016 10:33:31] "GET /v2.0/subnetpools.json HTTP/1.1" 200 232 0.060056
```
click create:
```sh
2016-11-04 10:34:24.744 17167 INFO neutron.wsgi [req-d0d7dc0d-67ef-4001-a37f-09cbf4852128 b56c4988c2e9491b8c9364e3b0d00b5a bfb67b8eaead4f1684710db4608d1c48 - - -] 10.10.10.80 - - [04/Nov/2016 10:34:24] "GET /v2.0/extensions.json HTTP/1.1" 200 6007 0.020762
2016-11-04 10:34:24.825 17166 INFO neutron.wsgi [req-4dfa0f98-7480-43c8-baad-292cceebc0ab b56c4988c2e9491b8c9364e3b0d00b5a bfb67b8eaead4f1684710db4608d1c48 - - -] 10.10.10.80 - - [04/Nov/2016 10:34:24] "GET /v2.0/subnetpools.json HTTP/1.1" 200 232 0.060677
2016-11-04 10:34:25.102 17167 INFO neutron.plugins.ml2.db [req-626de132-423c-48a0-aefc-2ae2529d25d8 b56c4988c2e9491b8c9364e3b0d00b5a bfb67b8eaead4f1684710db4608d1c48 - - -] Added segment 0d40a42b-f9e6-411c-b72e-9a0276823af7 of type gre for network e9a14ace-1fa6-427c-98d2-1174ec03507c
2016-11-04 10:34:25.315 17167 INFO neutron.wsgi [req-626de132-423c-48a0-aefc-2ae2529d25d8 b56c4988c2e9491b8c9364e3b0d00b5a bfb67b8eaead4f1684710db4608d1c48 - - -] 10.10.10.80 - - [04/Nov/2016 10:34:25] "POST /v2.0/networks.json HTTP/1.1" 201 716 0.471076
2016-11-04 10:34:27.292 17167 INFO neutron.wsgi [req-59765e57-d70e-449a-8abf-39761c7827aa b56c4988c2e9491b8c9364e3b0d00b5a bfb67b8eaead4f1684710db4608d1c48 - - -] 10.10.10.80 - - [04/Nov/2016 10:34:27] "POST /v2.0/subnets.json HTTP/1.1" 201 786 1.939122
2016-11-04 10:34:27.706 17167 INFO neutron.wsgi [req-c766e02b-e9cb-4b75-81ca-6f025e2c79c1 b56c4988c2e9491b8c9364e3b0d00b5a bfb67b8eaead4f1684710db4608d1c48 - - -] 10.10.10.80 - - [04/Nov/2016 10:34:27] "GET /v2.0/networks.json?shared=False&tenant_id=bfb67b8eaead4f1684710db4608d1c48 HTTP/1.1" 200 758 0.323761
2016-11-04 10:34:27.957 17166 INFO neutron.wsgi [req-7ee65788-11d8-4705-a502-b7c0bc5a0039 b56c4988c2e9491b8c9364e3b0d00b5a bfb67b8eaead4f1684710db4608d1c48 - - -] 10.10.10.80 - - [04/Nov/2016 10:34:27] "GET /v2.0/subnets.json HTTP/1.1" 200 1344 0.248050
2016-11-04 10:34:28.159 17166 INFO neutron.wsgi [req-9faaf85d-f983-4e6f-99aa-b691d46d3c10 b56c4988c2e9491b8c9364e3b0d00b5a bfb67b8eaead4f1684710db4608d1c48 - - -] 10.10.10.80 - - [04/Nov/2016 10:34:28] "GET /v2.0/networks.json?shared=True HTTP/1.1" 200 772 0.191808
2016-11-04 10:34:28.290 17167 INFO neutron.wsgi [req-2e73adf0-c88a-45e4-85b4-de019f79a9ee b56c4988c2e9491b8c9364e3b0d00b5a bfb67b8eaead4f1684710db4608d1c48 - - -] 10.10.10.80 - - [04/Nov/2016 10:34:28] "GET /v2.0/subnets.json HTTP/1.1" 200 1344 0.129306
2016-11-04 10:34:28.648 17166 INFO neutron.wsgi [req-d3c9a296-e94c-4377-9e28-2dcc30a1c12e b56c4988c2e9491b8c9364e3b0d00b5a bfb67b8eaead4f1684710db4608d1c48 - - -] 10.10.10.80 - - [04/Nov/2016 10:34:28] "GET /v2.0/networks.json?router%3Aexternal=True HTTP/1.1" 200 772 0.343105
2016-11-04 10:34:29.031 17167 INFO neutron.wsgi [req-15185461-0a0f-47ab-94e0-6f4b533678bd b56c4988c2e9491b8c9364e3b0d00b5a bfb67b8eaead4f1684710db4608d1c48 - - -] 10.10.10.80 - - [04/Nov/2016 10:34:29] "GET /v2.0/subnets.json HTTP/1.1" 200 1344 0.376186
2016-11-04 10:34:29.670 17167 INFO neutron.wsgi [req-46bccbf8-3424-4bab-b7cf-7915adbd0792 b56c4988c2e9491b8c9364e3b0d00b5a bfb67b8eaead4f1684710db4608d1c48 - - -] 10.10.10.80 - - [04/Nov/2016 10:34:29] "GET /v2.0/extensions.json HTTP/1.1" 200 6007 0.046947
2016-11-04 10:34:30.259 17167 INFO neutron.wsgi [req-d5ab39c0-5e4a-495d-b64c-766429fae94b b56c4988c2e9491b8c9364e3b0d00b5a bfb67b8eaead4f1684710db4608d1c48 - - -] 10.10.10.80 - - [04/Nov/2016 10:34:30] "GET /v2.0/quotas/bfb67b8eaead4f1684710db4608d1c48.json HTTP/1.1" 200 385 0.057295
2016-11-04 10:34:30.663 17166 INFO neutron.wsgi [req-a4cd5336-0051-4198-8789-95edf6d1d90f b56c4988c2e9491b8c9364e3b0d00b5a bfb67b8eaead4f1684710db4608d1c48 - - -] 10.10.10.80 - - [04/Nov/2016 10:34:30] "GET /v2.0/floatingips.json?tenant_id=bfb67b8eaead4f1684710db4608d1c48 HTTP/1.1" 200 232 0.046404
2016-11-04 10:34:31.266 17167 INFO neutron.wsgi [req-11cdd103-fc4e-429b-821e-6a11ba1650f6 b56c4988c2e9491b8c9364e3b0d00b5a bfb67b8eaead4f1684710db4608d1c48 - - -] 10.10.10.80 - - [04/Nov/2016 10:34:31] "GET /v2.0/ports.json?tenant_id=bfb67b8eaead4f1684710db4608d1c48 HTTP/1.1" 200 941 0.602557
2016-11-04 10:34:31.665 17166 INFO neutron.wsgi [req-3ac7fa1a-c1ee-4234-871f-881febbce4c0 b56c4988c2e9491b8c9364e3b0d00b5a bfb67b8eaead4f1684710db4608d1c48 - - -] 10.10.10.80 - - [04/Nov/2016 10:34:31] "GET /v2.0/security-groups.json?tenant_id=bfb67b8eaead4f1684710db4608d1c48 HTTP/1.1" 200 1841 0.373487
2016-11-04 10:34:32.077 17167 INFO neutron.wsgi [req-38c17d1e-cc27-47e0-9939-2f684c113cd9 b56c4988c2e9491b8c9364e3b0d00b5a bfb67b8eaead4f1684710db4608d1c48 - - -] 10.10.10.80 - - [04/Nov/2016 10:34:32] "GET /v2.0/networks.json?shared=False HTTP/1.1" 200 758 0.396495
2016-11-04 10:34:32.266 17166 INFO neutron.wsgi [req-62c019f1-04a7-430b-bcb0-7e70debff91d b56c4988c2e9491b8c9364e3b0d00b5a bfb67b8eaead4f1684710db4608d1c48 - - -] 10.10.10.80 - - [04/Nov/2016 10:34:32] "GET /v2.0/subnets.json HTTP/1.1" 200 1344 0.195847
2016-11-04 10:34:32.402 17167 INFO neutron.wsgi [req-4d8dd5fe-66f3-466c-b376-6d1fc181619c b56c4988c2e9491b8c9364e3b0d00b5a bfb67b8eaead4f1684710db4608d1c48 - - -] 10.10.10.80 - - [04/Nov/2016 10:34:32] "GET /v2.0/networks.json?shared=True HTTP/1.1" 200 772 0.143687
2016-11-04 10:34:32.541 17166 INFO neutron.wsgi [req-ba924d28-1d70-452c-84b4-a2c4438bde59 b56c4988c2e9491b8c9364e3b0d00b5a bfb67b8eaead4f1684710db4608d1c48 - - -] 10.10.10.80 - - [04/Nov/2016 10:34:32] "GET /v2.0/subnets.json HTTP/1.1" 200 1344 0.134139
2016-11-04 10:34:32.665 17167 INFO neutron.wsgi [req-e583c0a0-2f45-43d7-8c90-d8cd30a6dccc b56c4988c2e9491b8c9364e3b0d00b5a bfb67b8eaead4f1684710db4608d1c48 - - -] 10.10.10.80 - - [04/Nov/2016 10:34:32] "GET /v2.0/subnets.json HTTP/1.1" 200 1344 0.130581
2016-11-04 10:34:32.784 17166 INFO neutron.wsgi [req-b6c791f7-28c6-4a34-9f53-e6d699363e4d b56c4988c2e9491b8c9364e3b0d00b5a bfb67b8eaead4f1684710db4608d1c48 - - -] 10.10.10.80 - - [04/Nov/2016 10:34:32] "GET /v2.0/routers.json HTTP/1.1" 200 228 0.126241
```
Phát sinh Log tại /var/log/neutron/openvswitch-agent.log trên controller
```sh
2016-11-04 10:34:29.999 2214 INFO neutron.agent.securitygroups_rpc [req-2e042440-cfdd-4959-98a0-c21fb11d0a7c - - - - -] Provider rule updated
2016-11-04 10:34:32.602 2214 INFO neutron.agent.securitygroups_rpc [req-8d7a733f-a6b1-494d-9597-929855ef51a7 - - - - -] Refresh firewall rules
2016-11-04 10:34:33.943 2214 INFO neutron.plugins.ml2.drivers.openvswitch.agent.ovs_neutron_agent [req-8d7a733f-a6b1-494d-9597-929855ef51a7 - - - - -] Configuration for devices up [] and devices down [] completed.
2016-11-04 10:34:35.545 2214 INFO neutron.plugins.ml2.drivers.openvswitch.agent.ovs_neutron_agent [req-8d7a733f-a6b1-494d-9597-929855ef51a7 - - - - -] Port 095b13c7-6e91-4ddb-b8d6-124279eaf327 updated. Details: {u'profile': {}, u'network_qos_policy_id': None, u'qos_policy_id': None, u'allowed_address_pairs': [], u'admin_state_up': True, u'network_id': u'e9a14ace-1fa6-427c-98d2-1174ec03507c', u'segmentation_id': 379, u'device_owner': u'network:dhcp', u'physical_network': None, u'mac_address': u'fa:16:3e:f6:40:e0', u'device': u'095b13c7-6e91-4ddb-b8d6-124279eaf327', u'port_security_enabled': False, u'port_id': u'095b13c7-6e91-4ddb-b8d6-124279eaf327', u'fixed_ips': [{u'subnet_id': u'9aa3a9b4-9ee0-41ee-b778-b0e1f403b446', u'ip_address': u'192.168.2.50'}], u'network_type': u'gre', u'security_groups': []}
2016-11-04 10:34:35.550 2214 INFO neutron.plugins.ml2.drivers.openvswitch.agent.ovs_neutron_agent [req-8d7a733f-a6b1-494d-9597-929855ef51a7 - - - - -] Assigning 5 as local vlan for net-id=e9a14ace-1fa6-427c-98d2-1174ec03507c
2016-11-04 10:34:37.109 2214 INFO neutron.plugins.ml2.drivers.openvswitch.agent.ovs_neutron_agent [req-8d7a733f-a6b1-494d-9597-929855ef51a7 - - - - -] Skipping ARP spoofing rules for port 'tap095b13c7-6e' because it has port security disabled
2016-11-04 10:34:39.107 2214 INFO neutron.plugins.ml2.drivers.openvswitch.agent.ovs_neutron_agent [req-8d7a733f-a6b1-494d-9597-929855ef51a7 - - - - -] Configuration for devices up [u'095b13c7-6e91-4ddb-b8d6-124279eaf327'] and devices down [] completed.
```
Log tại /var/log/openvswitch/ovs-vswitchd.log trên controller
```sh
2016-11-04T03:34:31.929Z|00361|bridge|INFO|bridge br-int: added interface tap095b13c7-6e on port 15
2016-11-04T03:34:34.078Z|00362|netdev_linux|WARN|tap095b13c7-6e: removing policing failed: No such device
2016-11-04T03:34:34.116Z|00363|netdev_linux|INFO|ioctl(SIOCGIFHWADDR) on tap095b13c7-6e device failed: No such device
2016-11-04T03:34:34.133Z|00364|netdev_linux|WARN|ioctl(SIOCGIFINDEX) on tap095b13c7-6e device failed: No such device
2016-11-04T03:34:35.752Z|00365|connmgr|INFO|br-tun<->unix: 1 flow_mods in the last 0 s (1 modifications)
2016-11-04T03:34:35.933Z|00366|connmgr|INFO|br-tun<->unix: 1 flow_mods in the last 0 s (1 adds)
2016-11-04T03:34:36.375Z|00367|netdev_linux|WARN|tap095b13c7-6e: removing policing failed: No such device
2016-11-04T03:34:37.286Z|00368|connmgr|INFO|br-int<->unix: 1 flow_mods in the last 0 s (1 deletes)
2016-11-04T03:34:37.582Z|00369|ofp_util|INFO|normalization changed ofp_match, details:
2016-11-04T03:34:37.582Z|00370|ofp_util|INFO| pre: in_port=15,nw_proto=58,tp_src=136
2016-11-04T03:34:37.582Z|00371|ofp_util|INFO|post: in_port=15
2016-11-04T03:34:37.584Z|00372|connmgr|INFO|br-int<->unix: 1 flow_mods in the last 0 s (1 deletes)
2016-11-04T03:34:37.850Z|00373|connmgr|INFO|br-int<->unix: 1 flow_mods in the last 0 s (1 deletes)
2016-11-04T03:34:38.108Z|00374|connmgr|INFO|br-int<->unix: 1 flow_mods in the last 0 s (1 deletes)
2016-11-04T03:34:38.382Z|00375|connmgr|INFO|br-int<->unix: 1 flow_mods in the last 0 s (1 deletes)
```
Log tại /var/log/neutron/openvswitch-agent.log trên compute
```sh
2016-11-04 10:34:29.957 1900 INFO neutron.agent.securitygroups_rpc [req-2e042440-cfdd-4959-98a0-c21fb11d0a7c - - - - -] Provider rule updated
2016-11-04 10:34:31.050 1900 INFO neutron.agent.securitygroups_rpc [req-f244f227-08d8-4c86-b75d-495e3e8486ed - - - - -] Refresh firewall rules
2016-11-04 10:34:32.388 1900 INFO neutron.plugins.ml2.drivers.openvswitch.agent.ovs_neutron_agent [req-f244f227-08d8-4c86-b75d-495e3e8486ed - - - - -] Configuration for devices up [] and devices down [] completed.
```

Create router
Log tại neutron server:
```sh
2016-11-04 10:39:55.893 17166 INFO neutron.wsgi [req-fe9ff939-9618-4573-9dfa-e9cdbd035715 b56c4988c2e9491b8c9364e3b0d00b5a bfb67b8eaead4f1684710db4608d1c48 - - -] 10.10.10.80 - - [04/Nov/2016 10:39:55] "GET /v2.0/networks.json?router%3Aexternal=True HTTP/1.1" 200 772 0.356640
2016-11-04 10:39:56.103 17167 INFO neutron.wsgi [req-032a3d2c-3ee5-4591-a7f0-a45c74513de2 b56c4988c2e9491b8c9364e3b0d00b5a bfb67b8eaead4f1684710db4608d1c48 - - -] 10.10.10.80 - - [04/Nov/2016 10:39:56] "GET /v2.0/subnets.json HTTP/1.1" 200 1344 0.214767
```
create complete:
```sh
2016-11-04 10:41:00.017 17166 INFO neutron.wsgi [req-7aff6460-bf5f-4d12-8c59-cd11d5b923e6 b56c4988c2e9491b8c9364e3b0d00b5a bfb67b8eaead4f1684710db4608d1c48 - - -] 10.10.10.80 - - [04/Nov/2016 10:41:00] "GET /v2.0/networks.json?router%3Aexternal=True HTTP/1.1" 200 772 0.183589
2016-11-04 10:41:00.334 17166 INFO neutron.wsgi [req-5b851524-c89f-4f7c-b7b3-6ae8315d398e b56c4988c2e9491b8c9364e3b0d00b5a bfb67b8eaead4f1684710db4608d1c48 - - -] 10.10.10.80 - - [04/Nov/2016 10:41:00] "GET /v2.0/subnets.json HTTP/1.1" 200 1344 0.298018
2016-11-04 10:41:00.697 17166 INFO neutron.wsgi [req-3f765703-2f02-4623-88d5-8f780c812413 b56c4988c2e9491b8c9364e3b0d00b5a bfb67b8eaead4f1684710db4608d1c48 - - -] 10.10.10.80 - - [04/Nov/2016 10:41:00] "POST /v2.0/routers.json HTTP/1.1" 201 516 0.354952
2016-11-04 10:41:04.191 17166 INFO neutron.wsgi [req-faddeb89-2ca2-4e47-99ee-199710fb0c3a b56c4988c2e9491b8c9364e3b0d00b5a bfb67b8eaead4f1684710db4608d1c48 - - -] 10.10.10.80 - - [04/Nov/2016 10:41:04] "PUT /v2.0/routers/e47ef1e7-3709-4cef-bb0c-8c55acba97ea.json HTTP/1.1" 200 692 3.462640
2016-11-04 10:41:04.783 17166 INFO neutron.wsgi [req-5f76e251-45d4-45a7-ba56-98c4b1ac77f5 b56c4988c2e9491b8c9364e3b0d00b5a bfb67b8eaead4f1684710db4608d1c48 - - -] 10.10.10.80 - - [04/Nov/2016 10:41:04] "GET /v2.0/routers.json?tenant_id=bfb67b8eaead4f1684710db4608d1c48&search_opts=None HTTP/1.1" 200 701 0.348896
2016-11-04 10:41:04.970 17166 INFO neutron.wsgi [req-9c3ee6c8-97ee-476a-bb57-7575aa16722c b56c4988c2e9491b8c9364e3b0d00b5a bfb67b8eaead4f1684710db4608d1c48 - - -] 10.10.10.80 - - [04/Nov/2016 10:41:04] "GET /v2.0/networks.json?router%3Aexternal=True HTTP/1.1" 200 772 0.179424
2016-11-04 10:41:05.096 17167 INFO neutron.wsgi [req-6d5e4788-f3ed-4d10-9372-fb67013852a8 b56c4988c2e9491b8c9364e3b0d00b5a bfb67b8eaead4f1684710db4608d1c48 - - -] 10.10.10.80 - - [04/Nov/2016 10:41:05] "GET /v2.0/subnets.json HTTP/1.1" 200 1344 0.118254
2016-11-04 10:41:05.906 17166 INFO neutron.wsgi [req-80fba74d-3e89-42b0-9111-1da81448c119 b56c4988c2e9491b8c9364e3b0d00b5a bfb67b8eaead4f1684710db4608d1c48 - - -] 10.10.10.80 - - [04/Nov/2016 10:41:05] "GET /v2.0/extensions.json HTTP/1.1" 200 6007 0.047429
2016-11-04 10:41:06.617 17167 INFO neutron.wsgi [req-48cc8f46-d76b-4bd5-a9f9-50e73b403f88 b56c4988c2e9491b8c9364e3b0d00b5a bfb67b8eaead4f1684710db4608d1c48 - - -] 10.10.10.80 - - [04/Nov/2016 10:41:06] "GET /v2.0/quotas/bfb67b8eaead4f1684710db4608d1c48.json HTTP/1.1" 200 385 0.066481
2016-11-04 10:41:07.270 17166 INFO neutron.wsgi [req-2d24dd85-0360-4fdf-9c6f-001b835db1e1 b56c4988c2e9491b8c9364e3b0d00b5a bfb67b8eaead4f1684710db4608d1c48 - - -] 10.10.10.80 - - [04/Nov/2016 10:41:07] "GET /v2.0/floatingips.json?tenant_id=bfb67b8eaead4f1684710db4608d1c48 HTTP/1.1" 200 232 0.051349
2016-11-04 10:41:07.417 17167 INFO neutron.wsgi [req-b6353293-ad76-4bb1-ab1c-a242df529cfb b56c4988c2e9491b8c9364e3b0d00b5a bfb67b8eaead4f1684710db4608d1c48 - - -] 10.10.10.80 - - [04/Nov/2016 10:41:07] "GET /v2.0/ports.json?tenant_id=bfb67b8eaead4f1684710db4608d1c48 HTTP/1.1" 200 943 0.133038
2016-11-04 10:41:07.674 17166 INFO neutron.wsgi [req-f65ff8cc-65ad-4afe-9fca-beb01d788b3a b56c4988c2e9491b8c9364e3b0d00b5a bfb67b8eaead4f1684710db4608d1c48 - - -] 10.10.10.80 - - [04/Nov/2016 10:41:07] "GET /v2.0/security-groups.json?tenant_id=bfb67b8eaead4f1684710db4608d1c48 HTTP/1.1" 200 1841 0.240116
2016-11-04 10:41:07.905 17167 INFO neutron.wsgi [req-c45be7d3-2b1e-4b9e-9fb4-0a61f7199c54 b56c4988c2e9491b8c9364e3b0d00b5a bfb67b8eaead4f1684710db4608d1c48 - - -] 10.10.10.80 - - [04/Nov/2016 10:41:07] "GET /v2.0/networks.json?shared=False HTTP/1.1" 200 758 0.198007
2016-11-04 10:41:08.122 17166 INFO neutron.wsgi [req-33485b4b-e5c8-4d7b-a139-31ab557d4f9a b56c4988c2e9491b8c9364e3b0d00b5a bfb67b8eaead4f1684710db4608d1c48 - - -] 10.10.10.80 - - [04/Nov/2016 10:41:08] "GET /v2.0/subnets.json HTTP/1.1" 200 1344 0.222501
2016-11-04 10:41:08.572 17167 INFO neutron.wsgi [req-243b478d-5cde-4189-8e98-e7516b050439 b56c4988c2e9491b8c9364e3b0d00b5a bfb67b8eaead4f1684710db4608d1c48 - - -] 10.10.10.80 - - [04/Nov/2016 10:41:08] "GET /v2.0/networks.json?shared=True HTTP/1.1" 200 772 0.443616
2016-11-04 10:41:09.146 17166 INFO neutron.wsgi [req-30d86525-2140-4784-b1fb-2b0c4384d77e b56c4988c2e9491b8c9364e3b0d00b5a bfb67b8eaead4f1684710db4608d1c48 - - -] 10.10.10.80 - - [04/Nov/2016 10:41:09] "GET /v2.0/subnets.json HTTP/1.1" 200 1344 0.553750
2016-11-04 10:41:09.459 17167 INFO neutron.wsgi [req-b2053bc5-4dea-45a0-bd74-df0c0486163a b56c4988c2e9491b8c9364e3b0d00b5a bfb67b8eaead4f1684710db4608d1c48 - - -] 10.10.10.80 - - [04/Nov/2016 10:41:09] "GET /v2.0/subnets.json HTTP/1.1" 200 1344 0.284128
2016-11-04 10:41:09.669 17166 INFO neutron.wsgi [req-2166fcb5-a2f0-4a2d-a0c4-0e3bd46f8380 b56c4988c2e9491b8c9364e3b0d00b5a bfb67b8eaead4f1684710db4608d1c48 - - -] 10.10.10.80 - - [04/Nov/2016 10:41:09] "GET /v2.0/routers.json HTTP/1.1" 200 701 0.198350
```
Thêm log tại /var/log/neutron/openvswitch-agent.log controller
```sh
2016-11-04 10:41:14.116 2214 INFO neutron.plugins.ml2.drivers.openvswitch.agent.ovs_neutron_agent [req-8d7a733f-a6b1-494d-9597-929855ef51a7 - - - - -] Port 4ed640a1-de89-4fc2-a744-f99e652a4fe6 updated. Details: {u'profile': {}, u'network_qos_policy_id': None, u'qos_policy_id': None, u'allowed_address_pairs': [], u'admin_state_up': True, u'network_id': u'd3107881-083f-4bf7-a8b5-d8f0b3a46388', u'segmentation_id': None, u'device_owner': u'network:router_gateway', u'physical_network': u'external', u'mac_address': u'fa:16:3e:c4:16:d9', u'device': u'4ed640a1-de89-4fc2-a744-f99e652a4fe6', u'port_security_enabled': False, u'port_id': u'4ed640a1-de89-4fc2-a744-f99e652a4fe6', u'fixed_ips': [{u'subnet_id': u'cf7096d2-5a2f-40d6-b462-3ed605a677ff', u'ip_address': u'172.16.69.206'}], u'network_type': u'flat', u'security_groups': []}
2016-11-04 10:41:15.673 2214 INFO neutron.plugins.ml2.drivers.openvswitch.agent.ovs_neutron_agent [req-8d7a733f-a6b1-494d-9597-929855ef51a7 - - - - -] Skipping ARP spoofing rules for port 'qg-4ed640a1-de' because it has port security disabled
2016-11-04 10:41:17.776 2214 INFO neutron.plugins.ml2.drivers.openvswitch.agent.ovs_neutron_agent [req-8d7a733f-a6b1-494d-9597-929855ef51a7 - - - - -] Configuration for devices up [u'4ed640a1-de89-4fc2-a744-f99e652a4fe6'] and devices down [] completed.
```
Và log tại /var/log/openvswitch/ovs-vswitchd.log controller
```sh
2016-11-04T03:41:11.641Z|00376|bridge|INFO|bridge br-int: added interface qg-4ed640a1-de on port 16
2016-11-04T03:41:12.691Z|00377|netdev_linux|INFO|ioctl(SIOCGIFHWADDR) on qg-4ed640a1-de device failed: No such device
2016-11-04T03:41:12.702Z|00378|netdev_linux|WARN|ioctl(SIOCGIFINDEX) on qg-4ed640a1-de device failed: No such device
2016-11-04T03:41:14.776Z|00379|netdev_linux|WARN|qg-4ed640a1-de: removing policing failed: No such device
2016-11-04T03:41:16.078Z|00380|connmgr|INFO|br-int<->unix: 1 flow_mods in the last 0 s (1 deletes)
2016-11-04T03:41:16.366Z|00381|ofp_util|INFO|normalization changed ofp_match, details:
2016-11-04T03:41:16.366Z|00382|ofp_util|INFO| pre: in_port=16,nw_proto=58,tp_src=136
2016-11-04T03:41:16.366Z|00383|ofp_util|INFO|post: in_port=16
2016-11-04T03:41:16.370Z|00384|connmgr|INFO|br-int<->unix: 1 flow_mods in the last 0 s (1 deletes)
2016-11-04T03:41:16.580Z|00385|connmgr|INFO|br-int<->unix: 1 flow_mods in the last 0 s (1 deletes)
2016-11-04T03:41:16.834Z|00386|connmgr|INFO|br-int<->unix: 1 flow_mods in the last 0 s (1 deletes)
2016-11-04T03:41:17.090Z|00387|connmgr|INFO|br-int<->unix: 1 flow_mods in the last 0 s (1 deletes)
```
Click vào router vừa tạo, log tại neutron-server
```sh
2016-11-04 10:44:36.396 17166 INFO neutron.wsgi [req-38f8fca0-d05f-4d70-bf1b-54bb8667f782 b56c4988c2e9491b8c9364e3b0d00b5a bfb67b8eaead4f1684710db4608d1c48 - - -] 10.10.10.80 - - [04/Nov/2016 10:44:36] "GET /v2.0/routers/e47ef1e7-3709-4cef-bb0c-8c55acba97ea.json HTTP/1.1" 200 698 2.461569
2016-11-04 10:44:36.575 17167 INFO neutron.wsgi [req-a1f2707a-e775-4454-869d-7752b9e75676 b56c4988c2e9491b8c9364e3b0d00b5a bfb67b8eaead4f1684710db4608d1c48 - - -] 10.10.10.80 - - [04/Nov/2016 10:44:36] "GET /v2.0/networks/d3107881-083f-4bf7-a8b5-d8f0b3a46388.json HTTP/1.1" 200 769 0.168532
2016-11-04 10:44:36.708 17166 INFO neutron.wsgi [req-af277d89-9a4f-4b2b-86a6-b9bdb41afe65 b56c4988c2e9491b8c9364e3b0d00b5a bfb67b8eaead4f1684710db4608d1c48 - - -] 10.10.10.80 - - [04/Nov/2016 10:44:36] "GET /v2.0/ports.json?device_id=e47ef1e7-3709-4cef-bb0c-8c55acba97ea HTTP/1.1" 200 226 0.124130
2016-11-04 10:44:36.744 17166 INFO neutron.wsgi [req-dc92f9cd-3934-4715-958f-dff24269c458 b56c4988c2e9491b8c9364e3b0d00b5a bfb67b8eaead4f1684710db4608d1c48 - - -] 10.10.10.80 - - [04/Nov/2016 10:44:36] "GET /v2.0/extensions.json HTTP/1.1" 200 6007 0.017455
```
Chuyển tab interface và add interface:
```sh
2016-11-04 10:45:31.410 17167 INFO neutron.wsgi [req-68d5c91d-82be-4e9b-a4b5-53320e08e0ab b56c4988c2e9491b8c9364e3b0d00b5a bfb67b8eaead4f1684710db4608d1c48 - - -] 10.10.10.80 - - [04/Nov/2016 10:45:31] "GET /v2.0/routers/e47ef1e7-3709-4cef-bb0c-8c55acba97ea.json HTTP/1.1" 200 698 0.192074
2016-11-04 10:45:31.634 17166 INFO neutron.wsgi [req-0befb502-a718-4542-8733-c88a1e8cfc08 b56c4988c2e9491b8c9364e3b0d00b5a bfb67b8eaead4f1684710db4608d1c48 - - -] 10.10.10.80 - - [04/Nov/2016 10:45:31] "GET /v2.0/networks.json?shared=False&tenant_id=bfb67b8eaead4f1684710db4608d1c48 HTTP/1.1" 200 758 0.207151
2016-11-04 10:45:32.166 17167 INFO neutron.wsgi [req-535ba0a7-97b3-4b7c-aa80-faeb32222e2c b56c4988c2e9491b8c9364e3b0d00b5a bfb67b8eaead4f1684710db4608d1c48 - - -] 10.10.10.80 - - [04/Nov/2016 10:45:32] "GET /v2.0/subnets.json HTTP/1.1" 200 1344 0.519662
2016-11-04 10:45:32.492 17166 INFO neutron.wsgi [req-c466b7b6-b1c7-4581-9889-30d57132e57d b56c4988c2e9491b8c9364e3b0d00b5a bfb67b8eaead4f1684710db4608d1c48 - - -] 10.10.10.80 - - [04/Nov/2016 10:45:32] "GET /v2.0/networks.json?shared=True HTTP/1.1" 200 772 0.317236
2016-11-04 10:45:32.776 17166 INFO neutron.wsgi [req-7aeb566d-c92a-429c-b780-70628a91b726 b56c4988c2e9491b8c9364e3b0d00b5a bfb67b8eaead4f1684710db4608d1c48 - - -] 10.10.10.80 - - [04/Nov/2016 10:45:32] "GET /v2.0/subnets.json HTTP/1.1" 200 1344 0.256988
2016-11-04 10:45:32.935 17167 INFO neutron.wsgi [req-f2890705-212a-461b-bef4-3721f113235b b56c4988c2e9491b8c9364e3b0d00b5a bfb67b8eaead4f1684710db4608d1c48 - - -] 10.10.10.80 - - [04/Nov/2016 10:45:32] "GET /v2.0/ports.json?device_id=e47ef1e7-3709-4cef-bb0c-8c55acba97ea HTTP/1.1" 200 226 0.106298
```
Chọn subnet ở network vừa tạo và submit:
```sh
2016-11-04 10:46:25.989 17166 INFO neutron.wsgi [req-6b97ad16-9bc1-4af7-85a0-2e36526250b2 b56c4988c2e9491b8c9364e3b0d00b5a bfb67b8eaead4f1684710db4608d1c48 - - -] 10.10.10.80 - - [04/Nov/2016 10:46:25] "GET /v2.0/routers/e47ef1e7-3709-4cef-bb0c-8c55acba97ea.json HTTP/1.1" 200 698 0.302907
2016-11-04 10:46:26.488 17166 INFO neutron.wsgi [req-d93ddb77-c220-474a-8a4a-f0b0c58384ff b56c4988c2e9491b8c9364e3b0d00b5a bfb67b8eaead4f1684710db4608d1c48 - - -] 10.10.10.80 - - [04/Nov/2016 10:46:26] "GET /v2.0/networks.json?shared=False&tenant_id=bfb67b8eaead4f1684710db4608d1c48 HTTP/1.1" 200 758 0.461310
2016-11-04 10:46:26.748 17167 INFO neutron.wsgi [req-dd57f64d-9685-4efe-bda7-a1c397c80ab1 b56c4988c2e9491b8c9364e3b0d00b5a bfb67b8eaead4f1684710db4608d1c48 - - -] 10.10.10.80 - - [04/Nov/2016 10:46:26] "GET /v2.0/subnets.json HTTP/1.1" 200 1344 0.259550
2016-11-04 10:46:27.049 17166 INFO neutron.wsgi [req-a06a27b8-abf8-4b76-bacd-04ccb3281bcf b56c4988c2e9491b8c9364e3b0d00b5a bfb67b8eaead4f1684710db4608d1c48 - - -] 10.10.10.80 - - [04/Nov/2016 10:46:27] "GET /v2.0/networks.json?shared=True HTTP/1.1" 200 772 0.282939
2016-11-04 10:46:27.198 17167 INFO neutron.wsgi [req-038bba7b-bea5-474e-a3be-f60a411fadb2 b56c4988c2e9491b8c9364e3b0d00b5a bfb67b8eaead4f1684710db4608d1c48 - - -] 10.10.10.80 - - [04/Nov/2016 10:46:27] "GET /v2.0/subnets.json HTTP/1.1" 200 1344 0.135362
2016-11-04 10:46:27.395 17166 INFO neutron.wsgi [req-617b0523-546f-4298-ab99-53933cdb1eb7 b56c4988c2e9491b8c9364e3b0d00b5a bfb67b8eaead4f1684710db4608d1c48 - - -] 10.10.10.80 - - [04/Nov/2016 10:46:27] "GET /v2.0/ports.json?device_id=e47ef1e7-3709-4cef-bb0c-8c55acba97ea HTTP/1.1" 200 226 0.173236
2016-11-04 10:46:30.687 17167 INFO neutron.wsgi [req-d85c8060-8bd7-426a-9586-afb617b25689 b56c4988c2e9491b8c9364e3b0d00b5a bfb67b8eaead4f1684710db4608d1c48 - - -] 10.10.10.80 - - [04/Nov/2016 10:46:30] "PUT /v2.0/routers/e47ef1e7-3709-4cef-bb0c-8c55acba97ea/add_router_interface.json HTTP/1.1" 200 523 3.280122
2016-11-04 10:46:31.154 17166 INFO neutron.wsgi [req-b1e7d240-5825-4c8d-bbff-696acb52603e b56c4988c2e9491b8c9364e3b0d00b5a bfb67b8eaead4f1684710db4608d1c48 - - -] 10.10.10.80 - - [04/Nov/2016 10:46:31] "GET /v2.0/ports/92465b41-0555-4d5a-91e4-e7b3653e21f3.json HTTP/1.1" 200 908 0.450501
2016-11-04 10:46:31.517 17167 INFO neutron.wsgi [req-5e87fcf0-b261-430f-9556-4397e7c9bfca b56c4988c2e9491b8c9364e3b0d00b5a bfb67b8eaead4f1684710db4608d1c48 - - -] 10.10.10.80 - - [04/Nov/2016 10:46:31] "GET /v2.0/routers/e47ef1e7-3709-4cef-bb0c-8c55acba97ea.json HTTP/1.1" 200 698 0.257662
2016-11-04 10:46:31.910 17166 INFO neutron.wsgi [req-26581cf3-98b2-4a53-b46c-30372bba1bce b56c4988c2e9491b8c9364e3b0d00b5a bfb67b8eaead4f1684710db4608d1c48 - - -] 10.10.10.80 - - [04/Nov/2016 10:46:31] "GET /v2.0/networks/d3107881-083f-4bf7-a8b5-d8f0b3a46388.json HTTP/1.1" 200 769 0.371708
2016-11-04 10:46:32.144 17167 INFO neutron.wsgi [req-6c742320-8cf0-408c-b3b0-307ebee98d57 b56c4988c2e9491b8c9364e3b0d00b5a bfb67b8eaead4f1684710db4608d1c48 - - -] 10.10.10.80 - - [04/Nov/2016 10:46:32] "GET /v2.0/ports.json?device_id=e47ef1e7-3709-4cef-bb0c-8c55acba97ea HTTP/1.1" 200 911 0.230232
2016-11-04 10:46:32.167 17166 INFO neutron.wsgi [req-d87a6590-4ec1-4df8-af59-13d57ca2ca48 b56c4988c2e9491b8c9364e3b0d00b5a bfb67b8eaead4f1684710db4608d1c48 - - -] 10.10.10.80 - - [04/Nov/2016 10:46:32] "GET /v2.0/extensions.json HTTP/1.1" 200 6007 0.016205
```
Có thêm log tại /var/log/neutron/l3-agent.log controller
```sh
2016-11-04 10:46:38.254 2219 INFO neutron.agent.linux.interface [-] Device qg-4ed640a1-de already exists
```
thêm tại /var/log/neutron/openvswitch-agent.log controller
```sh
2016-11-04 10:46:36.624 2214 INFO neutron.plugins.ml2.drivers.openvswitch.agent.ovs_neutron_agent [req-8d7a733f-a6b1-494d-9597-929855ef51a7 - - - - -] Port 92465b41-0555-4d5a-91e4-e7b3653e21f3 updated. Details: {u'profile': {}, u'network_qos_policy_id': None, u'qos_policy_id': None, u'allowed_address_pairs': [], u'admin_state_up': True, u'network_id': u'e9a14ace-1fa6-427c-98d2-1174ec03507c', u'segmentation_id': 379, u'device_owner': u'network:router_interface', u'physical_network': None, u'mac_address': u'fa:16:3e:a4:89:1b', u'device': u'92465b41-0555-4d5a-91e4-e7b3653e21f3', u'port_security_enabled': False, u'port_id': u'92465b41-0555-4d5a-91e4-e7b3653e21f3', u'fixed_ips': [{u'subnet_id': u'9aa3a9b4-9ee0-41ee-b778-b0e1f403b446', u'ip_address': u'192.168.2.1'}], u'network_type': u'gre', u'security_groups': []}
2016-11-04 10:46:38.366 2214 INFO neutron.plugins.ml2.drivers.openvswitch.agent.ovs_neutron_agent [req-8d7a733f-a6b1-494d-9597-929855ef51a7 - - - - -] Skipping ARP spoofing rules for port 'qr-92465b41-05' because it has port security disabled
2016-11-04 10:46:40.632 2214 INFO neutron.plugins.ml2.drivers.openvswitch.agent.ovs_neutron_agent [req-8d7a733f-a6b1-494d-9597-929855ef51a7 - - - - -] Configuration for devices up [u'92465b41-0555-4d5a-91e4-e7b3653e21f3'] and devices down [] completed.
```
thêm tại /var/log/neutron/dhcp-agent.log controller
```sh
2016-11-04 10:46:30.436 2218 INFO neutron.agent.dhcp.agent [req-d85c8060-8bd7-426a-9586-afb617b25689 b56c4988c2e9491b8c9364e3b0d00b5a bfb67b8eaead4f1684710db4608d1c48 - - -] Trigger reload_allocations for port admin_state_up=True, allowed_address_pairs=[], binding:host_id=, binding:profile=, binding:vif_details=, binding:vif_type=unbound, binding:vnic_type=normal, created_at=2016-11-04T03:46:28, description=, device_id=e47ef1e7-3709-4cef-bb0c-8c55acba97ea, device_owner=network:router_interface, dns_name=None, extra_dhcp_opts=[], fixed_ips=[{u'subnet_id': u'9aa3a9b4-9ee0-41ee-b778-b0e1f403b446', u'ip_address': u'192.168.2.1'}], id=92465b41-0555-4d5a-91e4-e7b3653e21f3, mac_address=fa:16:3e:a4:89:1b, name=, network_id=e9a14ace-1fa6-427c-98d2-1174ec03507c, port_security_enabled=False, security_groups=[], status=DOWN, tenant_id=bfb67b8eaead4f1684710db4608d1c48, updated_at=2016-11-04T03:46:28
```
thêm tại /var/log/openvswitch/ovs-vswitchd.log controller
```sh
2016-11-04T03:46:34.182Z|00388|bridge|INFO|bridge br-int: added interface qr-92465b41-05 on port 17
2016-11-04T03:46:35.113Z|00389|netdev_linux|INFO|ioctl(SIOCGIFHWADDR) on qr-92465b41-05 device failed: No such device
2016-11-04T03:46:35.173Z|00390|netdev_linux|WARN|ioctl(SIOCGIFINDEX) on qr-92465b41-05 device failed: No such device
2016-11-04T03:46:37.173Z|00391|netdev_linux|WARN|qr-92465b41-05: removing policing failed: No such device
2016-11-04T03:46:38.614Z|00392|connmgr|INFO|br-int<->unix: 1 flow_mods in the last 0 s (1 deletes)
2016-11-04T03:46:38.921Z|00393|ofp_util|INFO|normalization changed ofp_match, details:
2016-11-04T03:46:38.921Z|00394|ofp_util|INFO| pre: in_port=17,nw_proto=58,tp_src=136
2016-11-04T03:46:38.921Z|00395|ofp_util|INFO|post: in_port=17
2016-11-04T03:46:38.923Z|00396|connmgr|INFO|br-int<->unix: 1 flow_mods in the last 0 s (1 deletes)
2016-11-04T03:46:39.123Z|00397|connmgr|INFO|br-int<->unix: 1 flow_mods in the last 0 s (1 deletes)
2016-11-04T03:46:39.376Z|00398|connmgr|INFO|br-int<->unix: 1 flow_mods in the last 0 s (1 deletes)
2016-11-04T03:46:39.685Z|00399|connmgr|INFO|br-int<->unix: 1 flow_mods in the last 0 s (1 deletes)
```

- Các log khi create instance cho user tannt:
	- neutron-server
```sh
2016-11-04 10:56:24.657 17167 INFO neutron.wsgi [req-6d141691-8110-4e47-bb27-42244b4e49bf b56c4988c2e9491b8c9364e3b0d00b5a bfb67b8eaead4f1684710db4608d1c48 - - -] 10.10.10.80 - - [04/Nov/2016 10:56:24] "GET /v2.0/security-groups.json?fields=id&id=b8a9970e-4c41-4b35-a109-e45368a94a34 HTTP/1.1" 200 282 0.069635
2016-11-04 10:56:24.719 17167 INFO neutron.wsgi [req-2b030b23-2fff-44a7-916a-5ff170b1dbfe b56c4988c2e9491b8c9364e3b0d00b5a bfb67b8eaead4f1684710db4608d1c48 - - -] 10.10.10.80 - - [04/Nov/2016 10:56:24] "GET /v2.0/security-groups/b8a9970e-4c41-4b35-a109-e45368a94a34.json HTTP/1.1" 200 2184 0.051862
2016-11-04 10:56:24.991 17167 INFO neutron.wsgi [req-fcd750ea-ff35-4ed6-aaed-32a50fcb5162 b56c4988c2e9491b8c9364e3b0d00b5a bfb67b8eaead4f1684710db4608d1c48 - - -] 10.10.10.80 - - [04/Nov/2016 10:56:24] "GET /v2.0/networks.json?id=e9a14ace-1fa6-427c-98d2-1174ec03507c HTTP/1.1" 200 758 0.264609
2016-11-04 10:56:25.020 17167 INFO neutron.wsgi [req-965f32a3-443a-41fc-b81d-6cf7c36d458f b56c4988c2e9491b8c9364e3b0d00b5a bfb67b8eaead4f1684710db4608d1c48 - - -] 10.10.10.80 - - [04/Nov/2016 10:56:25] "GET /v2.0/quotas/bfb67b8eaead4f1684710db4608d1c48.json HTTP/1.1" 200 385 0.021657
2016-11-04 10:56:25.096 17167 INFO neutron.wsgi [req-9f9fe82e-7eed-48fa-a88d-d21e935f2d54 b56c4988c2e9491b8c9364e3b0d00b5a bfb67b8eaead4f1684710db4608d1c48 - - -] 10.10.10.80 - - [04/Nov/2016 10:56:25] "GET /v2.0/ports.json?fields=id&tenant_id=bfb67b8eaead4f1684710db4608d1c48 HTTP/1.1" 200 321 0.069662
